DEFINED_CRT_ORG_CODE            = $0001 ; const, local, , zx82_crt0, , C:/Users/na_th_an/AppData/Local/Temp/zcc00000D283AF23/zcc_opt.def:3
CRT_ORG_CODE                    = $5DC0 ; const, local, , zx82_crt0, , C:/Users/na_th_an/AppData/Local/Temp/zcc00000D283AF23/zcc_opt.def:4
DEFINED_STACKPTR                = $0001 ; const, local, , zx82_crt0, , C:/Users/na_th_an/AppData/Local/Temp/zcc00000D283AF23/zcc_opt.def:11
STACKPTR                        = $5DBF ; const, local, , zx82_crt0, , C:/Users/na_th_an/AppData/Local/Temp/zcc00000D283AF23/zcc_opt.def:12
DEFINED_REGISTER_SP             = $0001 ; const, local, , zx82_crt0, , C:/Users/na_th_an/AppData/Local/Temp/zcc00000D283AF23/zcc_opt.def:19
REGISTER_SP                     = $5DBF ; const, local, , zx82_crt0, , C:/Users/na_th_an/AppData/Local/Temp/zcc00000D283AF23/zcc_opt.def:20
start                           = $5DC0 ; addr, local, , zx82_crt0, , crt.asm:15
_letters                        = $5DC6 ; addr, local, , ss_c, , printer.h:11
_line_buffer                    = $5FCA ; addr, local, , ss_c, , printer.h:11
_drawchar                       = $79EA ; addr, local, , ss_c, code_compiler, printer.h::draw_char::0::0:32
i_2                             = $7A67 ; addr, local, , ss_c, code_compiler, printer.h::draw_fast::0::1:100
i_3                             = $7AB4 ; addr, local, , ss_c, code_compiler, printer.h::draw_fast::0::1:100
i_4                             = $7AE9 ; addr, local, , ss_c, code_compiler, printer.h::draw_char_by_char::0::3:120
i_5                             = $7B9E ; addr, local, , ss_c, code_compiler, printer.h::draw_char_by_char::0::3:120
i_6                             = $7B40 ; addr, local, , ss_c, code_compiler, printer.h::draw_char_by_char::0::3:120
i_7                             = $7B91 ; addr, local, , ss_c, code_compiler, printer.h::draw_char_by_char::0::3:120
i_10                            = $7B6B ; addr, local, , ss_c, code_compiler, printer.h::draw_char_by_char::0::3:120
i_8                             = $7B5E ; addr, local, , ss_c, code_compiler, printer.h::draw_char_by_char::0::3:120
i_9                             = $7B8C ; addr, local, , ss_c, code_compiler, printer.h::draw_char_by_char::0::3:120
vpClipStruct                    = $7BB8 ; addr, local, , ss_c, code_compiler, globals.h::my_malloc::0::10:22
fsClipStruct                    = $7BBC ; addr, local, , ss_c, code_compiler, globals.h::my_malloc::0::10:22
SetRAMBank                      = $7BC7 ; addr, local, , ss_c, code_compiler, 128k.h::SetRAMBank::0::10:2
restISR                         = $7BD2 ; addr, local, , ss_c, code_compiler, 128k.h::SetRAMBank::0::10:2
keepGoing                       = $7BD6 ; addr, local, , ss_c, code_compiler, 128k.h::SetRAMBank::0::10:2
depack                          = $7C44 ; addr, local, , ss_c, code_compiler, aplib.h::wyz_stop_sound::0::16:2
apbranch1                       = $7C47 ; addr, local, , ss_c, code_compiler, aplib.h::wyz_stop_sound::0::16:2
aploop0                         = $7C49 ; addr, local, , ss_c, code_compiler, aplib.h::wyz_stop_sound::0::16:2
ap_getbit                       = $7CCB ; addr, local, , ss_c, code_compiler, aplib.h::wyz_stop_sound::0::16:2
aploop                          = $7C4C ; addr, local, , ss_c, code_compiler, aplib.h::wyz_stop_sound::0::16:2
apbranch2                       = $7C8A ; addr, local, , ss_c, code_compiler, aplib.h::wyz_stop_sound::0::16:2
apbranch3                       = $7C76 ; addr, local, , ss_c, code_compiler, aplib.h::wyz_stop_sound::0::16:2
apget4bits                      = $7C5F ; addr, local, , ss_c, code_compiler, aplib.h::wyz_stop_sound::0::16:2
apbranch4                       = $7C6D ; addr, local, , ss_c, code_compiler, aplib.h::wyz_stop_sound::0::16:2
apwritebyte                     = $7C69 ; addr, local, , ss_c, code_compiler, aplib.h::wyz_stop_sound::0::16:2
ap_finishup2                    = $7CB8 ; addr, local, , ss_c, code_compiler, aplib.h::wyz_stop_sound::0::16:2
ap_getgamma                     = $7CD7 ; addr, local, , ss_c, code_compiler, aplib.h::wyz_stop_sound::0::16:2
ap_r0_gamma                     = $7CBF ; addr, local, , ss_c, code_compiler, aplib.h::wyz_stop_sound::0::16:2
apskip2                         = $7CA9 ; addr, local, , ss_c, code_compiler, aplib.h::wyz_stop_sound::0::16:2
apskip3                         = $7CB2 ; addr, local, , ss_c, code_compiler, aplib.h::wyz_stop_sound::0::16:2
ap_finishup                     = $7CB5 ; addr, local, , ss_c, code_compiler, aplib.h::wyz_stop_sound::0::16:2
ap_getgammaloop                 = $7CDA ; addr, local, , ss_c, code_compiler, aplib.h::wyz_stop_sound::0::16:2
i_22                            = $7CEB ; addr, local, , ss_c, code_compiler, aplib.h::blackout_everything::0::16:126
i_23                            = $7D01 ; addr, local, , ss_c, code_compiler, aplib.h::blackout_everything::0::16:126
_ram_page                       = $5B05 ; const, local, , ss_c, code_compiler, ss.c::main::0::149:58
_ram_address                    = $5B01 ; const, local, , ss_c, code_compiler, ss.c::main::0::149:58
_ram_destination                = $5B03 ; const, local, , ss_c, code_compiler, ss.c::main::0::149:58
i_1                             = $CC47 ; addr, local, , ss_c, rodata_compiler, ss.c::main::0::149:58
i_27                            = $7DA3 ; addr, local, , ss_c, code_compiler, menu.h::start_game_from::0::19:53
i_29                            = $7E57 ; addr, local, , ss_c, code_compiler, menu.h::start_game_from::0::19:53
i_32                            = $7E2F ; addr, local, , ss_c, code_compiler, menu.h::start_game_from::0::19:53
i_33                            = $7E32 ; addr, local, , ss_c, code_compiler, menu.h::start_game_from::0::19:53
i_34                            = $7EC8 ; addr, local, , ss_c, code_compiler, menu.h::start_game_from::0::19:53
i_35                            = $7DA3 ; addr, local, , ss_c, code_compiler, menu.h::start_game_from::0::19:53
i_36                            = $7E85 ; addr, local, , ss_c, code_compiler, menu.h::start_game_from::0::19:53
i_37                            = $7E8D ; addr, local, , ss_c, code_compiler, menu.h::start_game_from::0::19:53
i_28                            = $7EC8 ; addr, local, , ss_c, code_compiler, menu.h::start_game_from::0::19:53
i_38                            = $7DA3 ; addr, local, , ss_c, code_compiler, menu.h::start_game_from::0::19:53
i_39                            = $7F0D ; addr, local, , ss_c, code_compiler, menu.h::get_password::0::25:99
i_42                            = $7F8B ; addr, local, , ss_c, code_compiler, menu.h::get_password::0::25:99
i_41                            = $7F8B ; addr, local, , ss_c, code_compiler, menu.h::get_password::0::25:99
i_43_i_42                       = $7F4B ; addr, local, , ss_c, code_compiler, menu.h::get_password::0::25:99
i_40                            = $800D ; addr, local, , ss_c, code_compiler, menu.h::get_password::0::25:99
i_44                            = $7F96 ; addr, local, , ss_c, code_compiler, menu.h::get_password::0::25:99
i_45                            = $7FB4 ; addr, local, , ss_c, code_compiler, menu.h::get_password::0::25:99
i_47                            = $8007 ; addr, local, , ss_c, code_compiler, menu.h::get_password::0::25:99
i_46                            = $8007 ; addr, local, , ss_c, code_compiler, menu.h::get_password::0::25:99
i_48_i_47                       = $7FD3 ; addr, local, , ss_c, code_compiler, menu.h::get_password::0::25:99
i_49                            = $80A0 ; addr, local, , ss_c, code_compiler, menu.h::get_password::0::25:99
i_52                            = $802E ; addr, local, , ss_c, code_compiler, menu.h::get_password::0::25:99
i_50                            = $8029 ; addr, local, , ss_c, code_compiler, menu.h::get_password::0::25:99
i_51                            = $80A0 ; addr, local, , ss_c, code_compiler, menu.h::get_password::0::25:99
i_55                            = $8054 ; addr, local, , ss_c, code_compiler, menu.h::get_password::0::25:99
i_53                            = $804F ; addr, local, , ss_c, code_compiler, menu.h::get_password::0::25:99
i_54                            = $8089 ; addr, local, , ss_c, code_compiler, menu.h::get_password::0::25:99
i_56                            = $804F ; addr, local, , ss_c, code_compiler, menu.h::get_password::0::25:99
i_57                            = $8029 ; addr, local, , ss_c, code_compiler, menu.h::get_password::0::25:99
i_58                            = $80AB ; addr, local, , ss_c, code_compiler, menu.h::menu::0::35:156
i_60                            = $80AB ; addr, local, , ss_c, code_compiler, menu.h::menu::0::35:156
i_61                            = $80B3 ; addr, local, , ss_c, code_compiler, menu.h::menu::0::35:156
i_62                            = $80D5 ; addr, local, , ss_c, code_compiler, menu.h::menu::0::35:156
i_63                            = $8131 ; addr, local, , ss_c, code_compiler, menu.h::menu::0::35:156
i_65                            = $814E ; addr, local, , ss_c, code_compiler, menu.h::menu::0::35:156
i_64                            = $80AB ; addr, local, , ss_c, code_compiler, menu.h::menu::0::35:156
i_67                            = $816E ; addr, local, , ss_c, code_compiler, menu.h::menu::0::35:156
i_69                            = $8131 ; addr, local, , ss_c, code_compiler, menu.h::menu::0::35:156
i_70                            = $817B ; addr, local, , ss_c, code_compiler, menu.h::menu::0::35:156
i_71                            = $8183 ; addr, local, , ss_c, code_compiler, menu.h::menu::0::35:156
i_72                            = $8183 ; addr, local, , ss_c, code_compiler, menu.h::menu::0::35:156
i_74                            = $81DE ; addr, local, , ss_c, code_compiler, menu.h::menu::0::35:156
i_73                            = $80AB ; addr, local, , ss_c, code_compiler, menu.h::menu::0::35:156
i_76                            = $81F4 ; addr, local, , ss_c, code_compiler, menu.h::menu::0::35:156
i_78                            = $8183 ; addr, local, , ss_c, code_compiler, menu.h::menu::0::35:156
i_77                            = $8183 ; addr, local, , ss_c, code_compiler, menu.h::menu::0::35:156
i_75                            = $8183 ; addr, local, , ss_c, code_compiler, menu.h::menu::0::35:156
i_68                            = $8131 ; addr, local, , ss_c, code_compiler, menu.h::menu::0::35:156
i_66                            = $8131 ; addr, local, , ss_c, code_compiler, menu.h::menu::0::35:156
i_59                            = $8210 ; addr, local, , ss_c, code_compiler, menu.h::menu::0::35:156
_ovl_halo                       = $9431 ; addr, local, , ss_c, code_compiler, overlay.h::menu::0::46:7
_ovl_buff                       = $9473 ; addr, local, , ss_c, code_compiler, overlay.h::menu::0::46:7
_ovl_draw_scr                   = $9854 ; addr, local, , ss_c, code_compiler, overlay.h::draw_buff::0::49:102
_ovl_del                        = $9922 ; addr, local, , ss_c, code_compiler, overlay.h::draw_buff::0::49:102
_ovl_draw_buff                  = $9805 ; addr, local, , ss_c, code_compiler, overlay.h::draw_buff::0::48:45
_ovldbl                         = $980D ; addr, local, , ss_c, code_compiler, overlay.h::draw_buff::0::48:45
i_84                            = $AB7C ; addr, local, , ss_c, code_compiler, levelstruct.h::render_screen::0::53:184
i_82                            = $AB77 ; addr, local, , ss_c, code_compiler, levelstruct.h::render_screen::0::53:184
i_83                            = $AC1B ; addr, local, , ss_c, code_compiler, levelstruct.h::render_screen::0::53:184
_map_buffer                     = $F101 ; const, local, , ss_c, code_compiler, ss.c::main::0::149:58
i_86                            = $ABA7 ; addr, local, , ss_c, code_compiler, levelstruct.h::render_screen::0::53:184
i_85                            = $ABE3 ; addr, local, , ss_c, code_compiler, levelstruct.h::render_screen::0::53:184
i_88                            = $AB77 ; addr, local, , ss_c, code_compiler, levelstruct.h::render_screen::0::53:184
i_91                            = $AC3A ; addr, local, , ss_c, code_compiler, levelstruct.h::render_screen::0::53:184
i_89                            = $AC35 ; addr, local, , ss_c, code_compiler, levelstruct.h::render_screen::0::53:184
i_90                            = $ACA4 ; addr, local, , ss_c, code_compiler, levelstruct.h::render_screen::0::53:184
i_92                            = $AC35 ; addr, local, , ss_c, code_compiler, levelstruct.h::render_screen::0::53:184
i_94                            = $ADB0 ; addr, local, , ss_c, code_compiler, levelstruct.h::render_screen::0::53:184
i_93                            = $ADB0 ; addr, local, , ss_c, code_compiler, levelstruct.h::render_screen::0::53:184
i_95_i_94                       = $ACDB ; addr, local, , ss_c, code_compiler, levelstruct.h::render_screen::0::53:184
i_97                            = $ADE2 ; addr, local, , ss_c, code_compiler, engine.h::espera_activa::0::61:39
i_98                            = $AE0E ; addr, local, , ss_c, code_compiler, engine.h::espera_activa::0::61:39
i_100                           = $AE04 ; addr, local, , ss_c, code_compiler, engine.h::espera_activa::0::61:39
i_99                            = $AE04 ; addr, local, , ss_c, code_compiler, engine.h::espera_activa::0::61:39
i_101_i_100                     = $AE0E ; addr, local, , ss_c, code_compiler, engine.h::espera_activa::0::61:39
i_103                           = $B016 ; addr, local, , ss_c, code_compiler, engine.h::move::0::67:147
i_104                           = $AFAC ; addr, local, , ss_c, code_compiler, engine.h::move::0::67:147
i_105                           = $AFAF ; addr, local, , ss_c, code_compiler, engine.h::move::0::67:147
i_106                           = $AFDD ; addr, local, , ss_c, code_compiler, engine.h::move::0::67:147
i_107                           = $AFE0 ; addr, local, , ss_c, code_compiler, engine.h::move::0::67:147
i_108                           = $B038 ; addr, local, , ss_c, code_compiler, engine.h::move::0::67:147
i_102                           = $B038 ; addr, local, , ss_c, code_compiler, engine.h::move::0::67:147
i_110_i_108                     = $B016 ; addr, local, , ss_c, code_compiler, engine.h::move::0::67:147
i_112                           = $B038 ; addr, local, , ss_c, code_compiler, engine.h::move::0::67:147
i_111                           = $B038 ; addr, local, , ss_c, code_compiler, engine.h::move::0::67:147
i_113_i_112                     = $B027 ; addr, local, , ss_c, code_compiler, engine.h::move::0::67:147
i_114                           = $B3DE ; addr, local, , ss_c, code_compiler, engine.h::move::0::67:147
i_116                           = $B053 ; addr, local, , ss_c, code_compiler, engine.h::move::0::67:147
i_115                           = $B053 ; addr, local, , ss_c, code_compiler, engine.h::move::0::67:147
i_117_i_116                     = $B04F ; addr, local, , ss_c, code_compiler, engine.h::move::0::67:147
i_118                           = $B0CD ; addr, local, , ss_c, code_compiler, engine.h::move::0::67:147
i_120                           = $B0C6 ; addr, local, , ss_c, code_compiler, engine.h::move::0::67:147
i_121                           = $B0CD ; addr, local, , ss_c, code_compiler, engine.h::move::0::67:147
i_122                           = $B0CD ; addr, local, , ss_c, code_compiler, engine.h::move::0::67:147
i_123                           = $B0C6 ; addr, local, , ss_c, code_compiler, engine.h::move::0::67:147
i_124                           = $B0CD ; addr, local, , ss_c, code_compiler, engine.h::move::0::67:147
i_126_i_124                     = $B0C6 ; addr, local, , ss_c, code_compiler, engine.h::move::0::67:147
i_127_i_122                     = $B0C6 ; addr, local, , ss_c, code_compiler, engine.h::move::0::67:147
i_119                           = $B0CD ; addr, local, , ss_c, code_compiler, engine.h::move::0::67:147
i_129_i_121                     = $B0C6 ; addr, local, , ss_c, code_compiler, engine.h::move::0::67:147
i_131                           = $B0EA ; addr, local, , ss_c, code_compiler, engine.h::move::0::67:147
i_130                           = $B0EA ; addr, local, , ss_c, code_compiler, engine.h::move::0::67:147
i_132_i_131                     = $B0E4 ; addr, local, , ss_c, code_compiler, engine.h::move::0::67:147
i_133                           = $B3BC ; addr, local, , ss_c, code_compiler, engine.h::move::0::67:147
i_134                           = $B17E ; addr, local, , ss_c, code_compiler, engine.h::move::0::67:147
i_135                           = $B115 ; addr, local, , ss_c, code_compiler, engine.h::move::0::67:147
i_136                           = $B17E ; addr, local, , ss_c, code_compiler, engine.h::move::0::67:147
i_138                           = $B152 ; addr, local, , ss_c, code_compiler, engine.h::move::0::67:147
i_139                           = $B17E ; addr, local, , ss_c, code_compiler, engine.h::move::0::67:147
i_137                           = $B17E ; addr, local, , ss_c, code_compiler, engine.h::move::0::67:147
i_141_i_139                     = $B152 ; addr, local, , ss_c, code_compiler, engine.h::move::0::67:147
i_142                           = $B1FE ; addr, local, , ss_c, code_compiler, engine.h::move::0::67:147
i_143                           = $B19C ; addr, local, , ss_c, code_compiler, engine.h::move::0::67:147
i_144                           = $B1FE ; addr, local, , ss_c, code_compiler, engine.h::move::0::67:147
i_146                           = $B1D2 ; addr, local, , ss_c, code_compiler, engine.h::move::0::67:147
i_147                           = $B1FE ; addr, local, , ss_c, code_compiler, engine.h::move::0::67:147
i_145                           = $B1FE ; addr, local, , ss_c, code_compiler, engine.h::move::0::67:147
i_149_i_147                     = $B1D2 ; addr, local, , ss_c, code_compiler, engine.h::move::0::67:147
i_150                           = $B283 ; addr, local, , ss_c, code_compiler, engine.h::move::0::67:147
i_151                           = $B243 ; addr, local, , ss_c, code_compiler, engine.h::move::0::67:147
i_152                           = $B283 ; addr, local, , ss_c, code_compiler, engine.h::move::0::67:147
i_154                           = $B646 ; addr, local, , ss_c, code_compiler, engine.h::move::0::67:147
i_153                           = $B646 ; addr, local, , ss_c, code_compiler, engine.h::move::0::67:147
i_155_i_154                     = $B291 ; addr, local, , ss_c, code_compiler, engine.h::move::0::67:147
i_157                           = $B326 ; addr, local, , ss_c, code_compiler, engine.h::move::0::67:147
i_158                           = $B2D8 ; addr, local, , ss_c, code_compiler, engine.h::move::0::67:147
i_159                           = $B326 ; addr, local, , ss_c, code_compiler, engine.h::move::0::67:147
i_161_i_159                     = $B2D8 ; addr, local, , ss_c, code_compiler, engine.h::move::0::67:147
i_162                           = $B30E ; addr, local, , ss_c, code_compiler, engine.h::move::0::67:147
i_163                           = $B326 ; addr, local, , ss_c, code_compiler, engine.h::move::0::67:147
i_165_i_163                     = $B30E ; addr, local, , ss_c, code_compiler, engine.h::move::0::67:147
i_156                           = $B326 ; addr, local, , ss_c, code_compiler, engine.h::move::0::67:147
i_166_i_157                     = $B30E ; addr, local, , ss_c, code_compiler, engine.h::move::0::67:147
i_167                           = $B326 ; addr, local, , ss_c, code_compiler, engine.h::move::0::67:147
i_169                           = $B646 ; addr, local, , ss_c, code_compiler, engine.h::move::0::67:147
i_170                           = $B36B ; addr, local, , ss_c, code_compiler, engine.h::move::0::67:147
i_171                           = $B646 ; addr, local, , ss_c, code_compiler, engine.h::move::0::67:147
i_173_i_171                     = $B36B ; addr, local, , ss_c, code_compiler, engine.h::move::0::67:147
i_174                           = $B3A1 ; addr, local, , ss_c, code_compiler, engine.h::move::0::67:147
i_175                           = $B646 ; addr, local, , ss_c, code_compiler, engine.h::move::0::67:147
i_177_i_175                     = $B3A1 ; addr, local, , ss_c, code_compiler, engine.h::move::0::67:147
i_168                           = $B646 ; addr, local, , ss_c, code_compiler, engine.h::move::0::67:147
i_178_i_169                     = $B3A1 ; addr, local, , ss_c, code_compiler, engine.h::move::0::67:147
i_179                           = $B646 ; addr, local, , ss_c, code_compiler, engine.h::move::0::67:147
i_180                           = $B646 ; addr, local, , ss_c, code_compiler, engine.h::move::0::67:147
i_181                           = $B646 ; addr, local, , ss_c, code_compiler, engine.h::move::0::67:147
i_182                           = $B476 ; addr, local, , ss_c, code_compiler, engine.h::move::0::67:147
i_183                           = $B50E ; addr, local, , ss_c, code_compiler, engine.h::move::0::67:147
i_185                           = $B45E ; addr, local, , ss_c, code_compiler, engine.h::move::0::67:147
i_186                           = $B50E ; addr, local, , ss_c, code_compiler, engine.h::move::0::67:147
i_187                           = $B50E ; addr, local, , ss_c, code_compiler, engine.h::move::0::67:147
i_188                           = $B45E ; addr, local, , ss_c, code_compiler, engine.h::move::0::67:147
i_189                           = $B50E ; addr, local, , ss_c, code_compiler, engine.h::move::0::67:147
i_191_i_189                     = $B45E ; addr, local, , ss_c, code_compiler, engine.h::move::0::67:147
i_192_i_187                     = $B45E ; addr, local, , ss_c, code_compiler, engine.h::move::0::67:147
i_184                           = $B50E ; addr, local, , ss_c, code_compiler, engine.h::move::0::67:147
i_194_i_186                     = $B45E ; addr, local, , ss_c, code_compiler, engine.h::move::0::67:147
i_195                           = $B50E ; addr, local, , ss_c, code_compiler, engine.h::move::0::67:147
i_196                           = $B497 ; addr, local, , ss_c, code_compiler, engine.h::move::0::67:147
i_197                           = $B50E ; addr, local, , ss_c, code_compiler, engine.h::move::0::67:147
i_199                           = $B504 ; addr, local, , ss_c, code_compiler, engine.h::move::0::67:147
i_200                           = $B504 ; addr, local, , ss_c, code_compiler, engine.h::move::0::67:147
i_201                           = $B4EF ; addr, local, , ss_c, code_compiler, engine.h::move::0::67:147
i_202                           = $B504 ; addr, local, , ss_c, code_compiler, engine.h::move::0::67:147
i_204_i_202                     = $B4EF ; addr, local, , ss_c, code_compiler, engine.h::move::0::67:147
i_205_i_200                     = $B4EF ; addr, local, , ss_c, code_compiler, engine.h::move::0::67:147
i_198                           = $B504 ; addr, local, , ss_c, code_compiler, engine.h::move::0::67:147
i_206_i_199                     = $B4EF ; addr, local, , ss_c, code_compiler, engine.h::move::0::67:147
i_207                           = $B50E ; addr, local, , ss_c, code_compiler, engine.h::move::0::67:147
i_208                           = $B646 ; addr, local, , ss_c, code_compiler, engine.h::move::0::67:147
i_209                           = $B5B4 ; addr, local, , ss_c, code_compiler, engine.h::move::0::67:147
i_211                           = $B59C ; addr, local, , ss_c, code_compiler, engine.h::move::0::67:147
i_212                           = $B62F ; addr, local, , ss_c, code_compiler, engine.h::move::0::67:147
i_213                           = $B62F ; addr, local, , ss_c, code_compiler, engine.h::move::0::67:147
i_214                           = $B59C ; addr, local, , ss_c, code_compiler, engine.h::move::0::67:147
i_215                           = $B62F ; addr, local, , ss_c, code_compiler, engine.h::move::0::67:147
i_217_i_215                     = $B59C ; addr, local, , ss_c, code_compiler, engine.h::move::0::67:147
i_218_i_213                     = $B59C ; addr, local, , ss_c, code_compiler, engine.h::move::0::67:147
i_210                           = $B62F ; addr, local, , ss_c, code_compiler, engine.h::move::0::67:147
i_220_i_212                     = $B59C ; addr, local, , ss_c, code_compiler, engine.h::move::0::67:147
i_221                           = $B62F ; addr, local, , ss_c, code_compiler, engine.h::move::0::67:147
i_223                           = $B61B ; addr, local, , ss_c, code_compiler, engine.h::move::0::67:147
i_224                           = $B62F ; addr, local, , ss_c, code_compiler, engine.h::move::0::67:147
i_225                           = $B62F ; addr, local, , ss_c, code_compiler, engine.h::move::0::67:147
i_226                           = $B61B ; addr, local, , ss_c, code_compiler, engine.h::move::0::67:147
i_227                           = $B62F ; addr, local, , ss_c, code_compiler, engine.h::move::0::67:147
i_229_i_227                     = $B61B ; addr, local, , ss_c, code_compiler, engine.h::move::0::67:147
i_230_i_225                     = $B61B ; addr, local, , ss_c, code_compiler, engine.h::move::0::67:147
i_222                           = $B62F ; addr, local, , ss_c, code_compiler, engine.h::move::0::67:147
i_232_i_224                     = $B61B ; addr, local, , ss_c, code_compiler, engine.h::move::0::67:147
i_233                           = $B646 ; addr, local, , ss_c, code_compiler, engine.h::move::0::67:147
i_235                           = $B654 ; addr, local, , ss_c, code_compiler, engine.h::move::0::67:147
i_234                           = $B66D ; addr, local, , ss_c, code_compiler, engine.h::move::0::67:147
i_237                           = $B664 ; addr, local, , ss_c, code_compiler, engine.h::move::0::67:147
i_238                           = $B6D5 ; addr, local, , ss_c, code_compiler, engine.h::move::0::67:147
i_239                           = $B6D5 ; addr, local, , ss_c, code_compiler, engine.h::move::0::67:147
i_240                           = $B6A6 ; addr, local, , ss_c, code_compiler, engine.h::move::0::67:147
i_242                           = $B683 ; addr, local, , ss_c, code_compiler, engine.h::move::0::67:147
i_241                           = $B68C ; addr, local, , ss_c, code_compiler, engine.h::move::0::67:147
i_244                           = $B6D5 ; addr, local, , ss_c, code_compiler, engine.h::move::0::67:147
i_245                           = $B69D ; addr, local, , ss_c, code_compiler, engine.h::move::0::67:147
i_246                           = $B6D5 ; addr, local, , ss_c, code_compiler, engine.h::move::0::67:147
i_247                           = $B6D5 ; addr, local, , ss_c, code_compiler, engine.h::move::0::67:147
i_249                           = $B6B5 ; addr, local, , ss_c, code_compiler, engine.h::move::0::67:147
i_248                           = $B6BE ; addr, local, , ss_c, code_compiler, engine.h::move::0::67:147
i_251                           = $B6D5 ; addr, local, , ss_c, code_compiler, engine.h::move::0::67:147
i_252                           = $B6CF ; addr, local, , ss_c, code_compiler, engine.h::move::0::67:147
i_253                           = $B6D5 ; addr, local, , ss_c, code_compiler, engine.h::move::0::67:147
i_256                           = $B714 ; addr, local, , ss_c, code_compiler, engine.h::move_enemies::0::117:407
i_254                           = $B70F ; addr, local, , ss_c, code_compiler, engine.h::move_enemies::0::117:407
i_255                           = $B9B8 ; addr, local, , ss_c, code_compiler, engine.h::move_enemies::0::117:407
i_257                           = $B70F ; addr, local, , ss_c, code_compiler, engine.h::move_enemies::0::117:407
i_258                           = $B803 ; addr, local, , ss_c, code_compiler, engine.h::move_enemies::0::117:407
i_259                           = $B803 ; addr, local, , ss_c, code_compiler, engine.h::move_enemies::0::117:407
i_261                           = $B84D ; addr, local, , ss_c, code_compiler, engine.h::move_enemies::0::117:407
i_260                           = $B87D ; addr, local, , ss_c, code_compiler, engine.h::move_enemies::0::117:407
i_264                           = $B8C7 ; addr, local, , ss_c, code_compiler, engine.h::move_enemies::0::117:407
i_263                           = $B8F7 ; addr, local, , ss_c, code_compiler, engine.h::move_enemies::0::117:407
i_266                           = $B70F ; addr, local, , ss_c, code_compiler, engine.h::move_enemies::0::117:407
i_267                           = $B970 ; addr, local, , ss_c, code_compiler, engine.h::move_enemies::0::117:407
i_268                           = $B973 ; addr, local, , ss_c, code_compiler, engine.h::move_enemies::0::117:407
init_hotspots_loop              = $B9C3 ; addr, local, , ss_c, code_compiler, engine.h::init_hotspots::0::123:444
i_271                           = $B9E4 ; addr, local, , ss_c, code_compiler, engine.h::muerte::0::124:462
i_269                           = $B9DF ; addr, local, , ss_c, code_compiler, engine.h::muerte::0::124:462
i_270                           = $BA87 ; addr, local, , ss_c, code_compiler, engine.h::muerte::0::124:462
i_272                           = $B9F7 ; addr, local, , ss_c, code_compiler, engine.h::muerte::0::124:462
i_273                           = $BA17 ; addr, local, , ss_c, code_compiler, engine.h::muerte::0::124:462
i_274                           = $BA1E ; addr, local, , ss_c, code_compiler, engine.h::muerte::0::124:462
mb1                             = $BA31 ; addr, local, , ss_c, code_compiler, engine.h::muerte::0::124:462
i_275                           = $B9DF ; addr, local, , ss_c, code_compiler, engine.h::muerte::0::124:462
rand16                          = $BA88 ; addr, local, , ss_c, code_compiler, engine.h::rand::0::126:530
nextrand                        = $BAA4 ; addr, local, , ss_c, code_compiler, engine.h::rand::0::126:530
i_276                           = $BB4C ; addr, local, , ss_c, code_compiler, engine.h::game::0::127:574
i_278                           = $BB5F ; addr, local, , ss_c, code_compiler, engine.h::game::0::127:574
i_279                           = $BB62 ; addr, local, , ss_c, code_compiler, engine.h::game::0::127:574
i_277                           = $C067 ; addr, local, , ss_c, code_compiler, engine.h::game::0::127:574
i_280                           = $BBDB ; addr, local, , ss_c, code_compiler, engine.h::game::0::127:574
i_281                           = $BBEB ; addr, local, , ss_c, code_compiler, engine.h::game::0::127:574
i_282                           = $BBFB ; addr, local, , ss_c, code_compiler, engine.h::game::0::127:574
i_283                           = $BCA9 ; addr, local, , ss_c, code_compiler, engine.h::game::0::127:574
i_285                           = $BC81 ; addr, local, , ss_c, code_compiler, engine.h::game::0::127:574
i_286                           = $BC55 ; addr, local, , ss_c, code_compiler, engine.h::game::0::127:574
i_287                           = $BC58 ; addr, local, , ss_c, code_compiler, engine.h::game::0::127:574
i_288                           = $BD1E ; addr, local, , ss_c, code_compiler, engine.h::game::0::127:574
i_291                           = $BD1E ; addr, local, , ss_c, code_compiler, engine.h::game::0::127:574
i_290_i_288                     = $BC81 ; addr, local, , ss_c, code_compiler, engine.h::game::0::127:574
i_284                           = $BD1E ; addr, local, , ss_c, code_compiler, engine.h::game::0::127:574
i_292_i_291                     = $BC8B ; addr, local, , ss_c, code_compiler, engine.h::game::0::127:574
i_293                           = $BD1E ; addr, local, , ss_c, code_compiler, engine.h::game::0::127:574
i_294                           = $BD1E ; addr, local, , ss_c, code_compiler, engine.h::game::0::127:574
i_296                           = $BCFC ; addr, local, , ss_c, code_compiler, engine.h::game::0::127:574
i_297                           = $BCD0 ; addr, local, , ss_c, code_compiler, engine.h::game::0::127:574
i_298                           = $BCD3 ; addr, local, , ss_c, code_compiler, engine.h::game::0::127:574
i_299                           = $BD1E ; addr, local, , ss_c, code_compiler, engine.h::game::0::127:574
i_302                           = $BD1E ; addr, local, , ss_c, code_compiler, engine.h::game::0::127:574
i_301_i_299                     = $BCFC ; addr, local, , ss_c, code_compiler, engine.h::game::0::127:574
i_295                           = $BD1E ; addr, local, , ss_c, code_compiler, engine.h::game::0::127:574
i_303_i_302                     = $BD04 ; addr, local, , ss_c, code_compiler, engine.h::game::0::127:574
i_304                           = $BD62 ; addr, local, , ss_c, code_compiler, engine.h::game::0::127:574
i_306                           = $BD9C ; addr, local, , ss_c, code_compiler, engine.h::game::0::127:574
i_305                           = $BD9C ; addr, local, , ss_c, code_compiler, engine.h::game::0::127:574
i_307_i_306                     = $BD3F ; addr, local, , ss_c, code_compiler, engine.h::game::0::127:574
i_308                           = $BD9C ; addr, local, , ss_c, code_compiler, engine.h::game::0::127:574
i_309                           = $BD9C ; addr, local, , ss_c, code_compiler, engine.h::game::0::127:574
i_311                           = $BD7A ; addr, local, , ss_c, code_compiler, engine.h::game::0::127:574
i_313                           = $BD9C ; addr, local, , ss_c, code_compiler, engine.h::game::0::127:574
i_310                           = $BD9C ; addr, local, , ss_c, code_compiler, engine.h::game::0::127:574
i_314_i_313                     = $BD82 ; addr, local, , ss_c, code_compiler, engine.h::game::0::127:574
i_315                           = $BE6B ; addr, local, , ss_c, code_compiler, engine.h::game::0::127:574
i_316                           = $BE19 ; addr, local, , ss_c, code_compiler, engine.h::game::0::127:574
i_317                           = $BE58 ; addr, local, , ss_c, code_compiler, engine.h::game::0::127:574
i_318                           = $BE58 ; addr, local, , ss_c, code_compiler, engine.h::game::0::127:574
i_319                           = $BE40 ; addr, local, , ss_c, code_compiler, engine.h::game::0::127:574
i_320                           = $BE49 ; addr, local, , ss_c, code_compiler, engine.h::game::0::127:574
i_321                           = $BE89 ; addr, local, , ss_c, code_compiler, engine.h::game::0::127:574
i_324                           = $BED6 ; addr, local, , ss_c, code_compiler, engine.h::game::0::127:574
i_322                           = $BED1 ; addr, local, , ss_c, code_compiler, engine.h::game::0::127:574
i_323                           = $BF9E ; addr, local, , ss_c, code_compiler, engine.h::game::0::127:574
i_325                           = $BF34 ; addr, local, , ss_c, code_compiler, engine.h::game::0::127:574
i_326                           = $BF3B ; addr, local, , ss_c, code_compiler, engine.h::game::0::127:574
i_327                           = $BFBA ; addr, local, , ss_c, code_compiler, engine.h::game::0::127:574
_attrs_byte                     = $5B08 ; const, local, , ss_c, code_compiler, ss.c::main::0::149:58
i_328                           = $C021 ; addr, local, , ss_c, code_compiler, engine.h::game::0::127:574
i_330                           = $C034 ; addr, local, , ss_c, code_compiler, engine.h::game::0::127:574
i_331                           = $C037 ; addr, local, , ss_c, code_compiler, engine.h::game::0::127:574
i_329                           = $C051 ; addr, local, , ss_c, code_compiler, engine.h::game::0::127:574
i_332                           = $BB4C ; addr, local, , ss_c, code_compiler, engine.h::game::0::127:574
load_tileset_loop               = $C0BD ; addr, local, , ss_c, code_compiler, ss.c::main::0::149:58
i_335                           = $C10D ; addr, local, , ss_c, code_compiler, ss.c::main::0::149:58
i_333                           = $C108 ; addr, local, , ss_c, code_compiler, ss.c::main::0::149:58
i_334                           = $C18F ; addr, local, , ss_c, code_compiler, ss.c::main::0::149:58
ib1                             = $601C ; addr, local, , SPAddMemory, , blockmemoryalloc/SPAddMemory.asm:36
ib2                             = $6023 ; addr, local, , SPAddMemory, , blockmemoryalloc/SPAddMemory.asm:44
keyok                           = $C2BB ; addr, local, , sp_GetKey_c, code_compiler, sp_GetKey.c::sp_GetKey::0::0:15
DISP_HIRES                      = $0000 ; const, local, , SPCompDListAddr, , SPconfig.def:18
SProtatetbl                     = $F000 ; const, local, , SPCompDListAddr, , SPconfig.def:51
AYREG_128                       = $FFFD ; const, local, , SPCompDListAddr, , SPconfig.def:82
AYDAT_128                       = $BFFD ; const, local, , SPCompDListAddr, , SPconfig.def:83
DISP_HIRES                      = $0000 ; const, local, , SPCompDirtyAddr, , SPconfig.def:18
AYREG_128                       = $FFFD ; const, local, , SPCompDirtyAddr, , SPconfig.def:82
AYDAT_128                       = $BFFD ; const, local, , SPCompDirtyAddr, , SPconfig.def:83
DISP_HIRES                      = $0000 ; const, local, , SPDirtyChars, , SPconfig.def:18
DISP_TMXDUAL                    = $0000 ; const, local, , SPDirtyChars, , SPconfig.def:21
SP_ROWSTART                     = $0000 ; const, local, , SPDirtyChars, , SPconfig.def:30
SP_ROWEND                       = $0018 ; const, local, , SPDirtyChars, , SPconfig.def:31
AYREG_128                       = $FFFD ; const, local, , SPDirtyChars, , SPconfig.def:82
AYDAT_128                       = $BFFD ; const, local, , SPDirtyChars, , SPconfig.def:83
DISP_HIRES                      = $0000 ; const, local, , SPDisplayList, , SPconfig.def:18
SP_ROWSTART                     = $0000 ; const, local, , SPDisplayList, , SPconfig.def:30
SP_ROWEND                       = $0018 ; const, local, , SPDisplayList, , SPconfig.def:31
AYREG_128                       = $FFFD ; const, local, , SPDisplayList, , SPconfig.def:82
AYDAT_128                       = $BFFD ; const, local, , SPDisplayList, , SPconfig.def:83
NUMQUEUES                       = $0001 ; const, local, , SPqueuetable, , SPconfig.def:73
AYREG_128                       = $FFFD ; const, local, , SPqueuetable, , SPconfig.def:82
AYDAT_128                       = $BFFD ; const, local, , SPqueuetable, , SPconfig.def:83
DISP_HICOLOUR                   = $0000 ; const, local, , SPTileArray, , SPconfig.def:15
AYREG_128                       = $FFFD ; const, local, , SPTileArray, , SPconfig.def:82
AYDAT_128                       = $BFFD ; const, local, , SPTileArray, , SPconfig.def:83
state                           = $6EF6 ; addr, local, , SPGetKey, , input/SPGetKey.asm:30
count                           = $6EF7 ; addr, local, , SPGetKey, , input/SPGetKey.asm:32
scanloop                        = $6F13 ; addr, local, , SPGetKey, , input/SPGetKey.asm:80
keyrowloop                      = $6F17 ; addr, local, , SPGetKey, , input/SPGetKey.asm:84
nopress                         = $6F27 ; addr, local, , SPGetKey, , input/SPGetKey.asm:95
toomanykeys                     = $6F78 ; addr, local, , SPGetKey, , input/SPGetKey.asm:154
nextscanrow                     = $6F2C ; addr, local, , SPGetKey, , input/SPGetKey.asm:100
nokeys                          = $6F78 ; addr, local, , SPGetKey, , input/SPGetKey.asm:155
atmaxcount                      = $6F3D ; addr, local, , SPGetKey, , input/SPGetKey.asm:112
skip                            = $6F54 ; addr, local, , SPGetKey, , input/SPGetKey.asm:126
nocaps                          = $6F6A ; addr, local, , SPGetKey, , input/SPGetKey.asm:141
nosym                           = $6F75 ; addr, local, , SPGetKey, , input/SPGetKey.asm:149
kemptbl                         = $702B ; addr, local, , SPJoyKempston, , input/SPJoyKempston.asm:27
nofire                          = $7058 ; addr, local, , SPJoyKeyboard, , input/SPJoyKeyboard.asm:36
jkloop                          = $7058 ; addr, local, , SPJoyKeyboard, , input/SPJoyKeyboard.asm:37
nopress                         = $7063 ; addr, local, , SPJoyKeyboard, , input/SPJoyKeyboard.asm:48
sinc1tbl                        = $7076 ; addr, local, , SPJoySinclair1, , input/SPJoySinclair1.asm:25
nocaps                          = $70A2 ; addr, local, , SPKeyPressed, , input/SPKeyPressed.asm:25
nosym                           = $70AE ; addr, local, , SPKeyPressed, , input/SPKeyPressed.asm:34
noinc                           = $70C0 ; addr, local, , SPtbllookup, , input/SPtbllookup.asm:17
GenericISR                      = $70D5 ; addr, local, , SPCreateGenericISR, , interrupts/SPCreateGenericISR.asm:37
pushreg                         = $70E1 ; addr, local, , SPCreateGenericISR, , interrupts/SPCreateGenericISR.asm:44
position                        = $70D8 ; addr, local, , SPCreateGenericISR, , interrupts/SPCreateGenericISR.asm:39
runhooks                        = $70F1 ; addr, local, , SPCreateGenericISR, , interrupts/SPCreateGenericISR.asm:61
popreg                          = $7103 ; addr, local, , SPCreateGenericISR, , interrupts/SPCreateGenericISR.asm:77
JPHL                            = $70F0 ; addr, local, , SPCreateGenericISR, , interrupts/SPCreateGenericISR.asm:58
IM2TABLE                        = $F000 ; const, local, , SPInitIM2, , SPconfig.def:62
EVENVECTORS                     = $0000 ; const, local, , SPInitIM2, , SPconfig.def:66
AYREG_128                       = $FFFD ; const, local, , SPInitIM2, , SPconfig.def:82
AYDAT_128                       = $BFFD ; const, local, , SPInitIM2, , SPconfig.def:83
IM2TABLE                        = $F000 ; const, local, , SPRegisterHookLast, , SPconfig.def:62
AYREG_128                       = $FFFD ; const, local, , SPRegisterHookLast, , SPconfig.def:82
AYDAT_128                       = $BFFD ; const, local, , SPRegisterHookLast, , SPconfig.def:83
loop                            = $7135 ; addr, local, , SPRegisterHookLast, , interrupts/SPRegisterHookLast.asm:35
done                            = $7140 ; addr, local, , SPRegisterHookLast, , interrupts/SPRegisterHookLast.asm:45
DISP_HICOLOUR                   = $0000 ; const, local, , SPInitialize, , SPconfig.def:15
DISP_HIRES                      = $0000 ; const, local, , SPInitialize, , SPconfig.def:18
SP_ROWSTART                     = $0000 ; const, local, , SPInitialize, , SPconfig.def:30
SP_ROWEND                       = $0018 ; const, local, , SPInitialize, , SPconfig.def:31
SProtatetbl                     = $F000 ; const, local, , SPInitialize, , SPconfig.def:51
AYREG_128                       = $FFFD ; const, local, , SPInitialize, , SPconfig.def:82
AYDAT_128                       = $BFFD ; const, local, , SPInitialize, , SPconfig.def:83
rottbllp                        = $716F ; addr, local, , SPInitialize, , miscellaneous/SPInitialize.asm:60
entrylp                         = $7176 ; addr, local, , SPInitialize, , miscellaneous/SPInitialize.asm:66
rotlp                           = $7179 ; addr, local, , SPInitialize, , miscellaneous/SPInitialize.asm:70
DISP_HICOLOUR                   = $0000 ; const, local, , SPAddColSpr, , SPconfig.def:15
COMPRESS                        = $0000 ; const, local, , SPAddColSpr, , SPconfig.def:44
AYREG_128                       = $FFFD ; const, local, , SPAddColSpr, , SPconfig.def:82
AYDAT_128                       = $BFFD ; const, local, , SPAddColSpr, , SPconfig.def:83
acnocry                         = $7198 ; addr, local, , SPAddColSpr, , sprites/SPAddColSpr.asm:39
acloop                          = $71A9 ; addr, local, , SPAddColSpr, , sprites/SPAddColSpr.asm:48
JPHL                            = $7234 ; addr, local, , SPAddColSpr, , sprites/SPAddColSpr.asm:176
acfail                          = $7223 ; addr, local, , SPAddColSpr, , sprites/SPAddColSpr.asm:164
noinc1                          = $71E5 ; addr, local, , SPAddColSpr, , sprites/SPAddColSpr.asm:95
acnocry3                        = $71F9 ; addr, local, , SPAddColSpr, , sprites/SPAddColSpr.asm:131
DISP_HICOLOUR                   = $0000 ; const, local, , SPCreateSpr, , SPconfig.def:15
DISP_HIRES                      = $0000 ; const, local, , SPCreateSpr, , SPconfig.def:18
COMPRESS                        = $0000 ; const, local, , SPCreateSpr, , SPconfig.def:44
SProtatetbl                     = $F000 ; const, local, , SPCreateSpr, , SPconfig.def:51
AYREG_128                       = $FFFD ; const, local, , SPCreateSpr, , SPconfig.def:82
AYDAT_128                       = $BFFD ; const, local, , SPCreateSpr, , SPconfig.def:83
JPHL                            = $72D4 ; addr, local, , SPCreateSpr, , sprites/SPCreateSpr.asm:205
csfail1                         = $72C9 ; addr, local, , SPCreateSpr, , sprites/SPCreateSpr.asm:192
csfail2                         = $72CB ; addr, local, , SPCreateSpr, , sprites/SPCreateSpr.asm:196
csenter                         = $7294 ; addr, local, , SPCreateSpr, , sprites/SPCreateSpr.asm:115
csloop                          = $7280 ; addr, local, , SPCreateSpr, , sprites/SPCreateSpr.asm:100
notcompress                     = $72A6 ; addr, local, , SPCreateSpr, , sprites/SPCreateSpr.asm:153
cont                            = $72AB ; addr, local, , SPCreateSpr, , sprites/SPCreateSpr.asm:157
csnocry                         = $72BF ; addr, local, , SPCreateSpr, , sprites/SPCreateSpr.asm:185
DISP_HICOLOUR                   = $0000 ; const, local, , SPNullSprPtr, , SPconfig.def:15
AYREG_128                       = $FFFD ; const, local, , SPNullSprPtr, , SPconfig.def:82
AYDAT_128                       = $BFFD ; const, local, , SPNullSprPtr, , SPconfig.def:83
AYREG_128                       = $FFFD ; const, local, , SPDeleteSpr, , SPconfig.def:82
AYDAT_128                       = $BFFD ; const, local, , SPDeleteSpr, , SPconfig.def:83
loop                            = $72E9 ; addr, local, , SPDeleteSpr, , sprites/SPDeleteSpr.asm:27
JPHL                            = $72FE ; addr, local, , SPDeleteSpr, , sprites/SPDeleteSpr.asm:46
DISP_HICOLOUR                   = $0000 ; const, local, , SPMoveSprAbs, , SPconfig.def:15
DISP_HIRES                      = $0000 ; const, local, , SPMoveSprAbs, , SPconfig.def:18
SP_ROWSTART                     = $0000 ; const, local, , SPMoveSprAbs, , SPconfig.def:30
SP_ROWEND                       = $0018 ; const, local, , SPMoveSprAbs, , SPconfig.def:31
COMPRESS                        = $0000 ; const, local, , SPMoveSprAbs, , SPconfig.def:44
SProtatetbl                     = $F000 ; const, local, , SPMoveSprAbs, , SPconfig.def:51
USEPLANES                       = $0000 ; const, local, , SPMoveSprAbs, , SPconfig.def:56
AYREG_128                       = $FFFD ; const, local, , SPMoveSprAbs, , SPconfig.def:82
AYDAT_128                       = $BFFD ; const, local, , SPMoveSprAbs, , SPconfig.def:83
computedisp                     = $7431 ; addr, local, , SPMoveSprAbs, , sprites/SPMoveSprAbs.asm:307
adjloop                         = $731A ; addr, local, , SPMoveSprAbs, , sprites/SPMoveSprAbs.asm:47
invalidate                      = $7422 ; addr, local, , SPMoveSprAbs, , sprites/SPMoveSprAbs.asm:299
adjustgraphics                  = $7454 ; addr, local, , SPMoveSprAbs, , sprites/SPMoveSprAbs.asm:358
yinscreen                       = $7340 ; addr, local, , SPMoveSprAbs, , sprites/SPMoveSprAbs.asm:75
xinscreen                       = $7350 ; addr, local, , SPMoveSprAbs, , sprites/SPMoveSprAbs.asm:95
mvcolloop                       = $7367 ; addr, local, , SPMoveSprAbs, , sprites/SPMoveSprAbs.asm:116
mvrowloop                       = $736D ; addr, local, , SPMoveSprAbs, , sprites/SPMoveSprAbs.asm:120
notdone                         = $7377 ; addr, local, , SPMoveSprAbs, , sprites/SPMoveSprAbs.asm:128
notinDList                      = $73A3 ; addr, local, , SPMoveSprAbs, , sprites/SPMoveSprAbs.asm:175
noinc1                          = $738F ; addr, local, , SPMoveSprAbs, , sprites/SPMoveSprAbs.asm:152
nonext1                         = $73A3 ; addr, local, , SPMoveSprAbs, , sprites/SPMoveSprAbs.asm:174
notdisplayed                    = $7407 ; addr, local, , SPMoveSprAbs, , sprites/SPMoveSprAbs.asm:269
noinc2                          = $73C8 ; addr, local, , SPMoveSprAbs, , sprites/SPMoveSprAbs.asm:200
pdloop                          = $73C0 ; addr, local, , SPMoveSprAbs, , sprites/SPMoveSprAbs.asm:193
puthere                         = $73D1 ; addr, local, , SPMoveSprAbs, , sprites/SPMoveSprAbs.asm:216
noinc3                          = $73E0 ; addr, local, , SPMoveSprAbs, , sprites/SPMoveSprAbs.asm:230
nodec1                          = $73EE ; addr, local, , SPMoveSprAbs, , sprites/SPMoveSprAbs.asm:243
noinc4                          = $73FA ; addr, local, , SPMoveSprAbs, , sprites/SPMoveSprAbs.asm:254
nonext2                         = $7407 ; addr, local, , SPMoveSprAbs, , sprites/SPMoveSprAbs.asm:268
notnegative                     = $744F ; addr, local, , SPMoveSprAbs, , sprites/SPMoveSprAbs.asm:350
noinc5                          = $7460 ; addr, local, , SPMoveSprAbs, , sprites/SPMoveSprAbs.asm:369
skip1                           = $7470 ; addr, local, , SPMoveSprAbs, , sprites/SPMoveSprAbs.asm:388
skip2                           = $7480 ; addr, local, , SPMoveSprAbs, , sprites/SPMoveSprAbs.asm:407
DISP_HIRES                      = $0000 ; const, local, , SPInvalidate, , SPconfig.def:18
AYREG_128                       = $FFFD ; const, local, , SPInvalidate, , SPconfig.def:82
AYDAT_128                       = $BFFD ; const, local, , SPInvalidate, , SPconfig.def:83
noinc1                          = $74A4 ; addr, local, , SPInvalidate, , updater/SPInvalidate.asm:54
invcollp                        = $74A8 ; addr, local, , SPInvalidate, , updater/SPInvalidate.asm:60
invfullchar                     = $74BB ; addr, local, , SPInvalidate, , updater/SPInvalidate.asm:78
noinc2                          = $74B7 ; addr, local, , SPInvalidate, , updater/SPInvalidate.asm:72
invrowlp                        = $74BD ; addr, local, , SPInvalidate, , updater/SPInvalidate.asm:82
noinc3                          = $74C8 ; addr, local, , SPInvalidate, , updater/SPInvalidate.asm:96
tryotherway                     = $752B ; addr, local, , SPIntRect, , miscellaneous/SPIntRect.asm:97
broken                          = $7548 ; addr, local, , SPIntRect, , miscellaneous/SPIntRect.asm:131
DISP_SPECTRUM                   = $0001 ; const, local, , SPUpdateNow, , SPconfig.def:12
DISP_HICOLOUR                   = $0000 ; const, local, , SPUpdateNow, , SPconfig.def:15
DISP_HIRES                      = $0000 ; const, local, , SPUpdateNow, , SPconfig.def:18
DISP_TMXDUAL                    = $0000 ; const, local, , SPUpdateNow, , SPconfig.def:21
SP_ROWSTART                     = $0000 ; const, local, , SPUpdateNow, , SPconfig.def:30
SP_ROWEND                       = $0018 ; const, local, , SPUpdateNow, , SPconfig.def:31
NOFLICKER                       = $0001 ; const, local, , SPUpdateNow, , SPconfig.def:36
SCROLLER                        = $0000 ; const, local, , SPUpdateNow, , SPconfig.def:40
COMPRESS                        = $0000 ; const, local, , SPUpdateNow, , SPconfig.def:44
AYREG_128                       = $FFFD ; const, local, , SPUpdateNow, , SPconfig.def:82
AYDAT_128                       = $BFFD ; const, local, , SPUpdateNow, , SPconfig.def:83
FLASHASFG                       = $0000 ; const, local, , SPUpdateNow, , SPconfig.def:94
tempgraphic                     = $754F ; addr, local, , SPUpdateNow, , updater/SPUpdateNow.asm:76
tempcolour                      = $7557 ; addr, local, , SPUpdateNow, , updater/SPUpdateNow.asm:85
dosprites                       = $7559 ; addr, local, , SPUpdateNow, , updater/SPUpdateNow.asm:92
dirtyloop                       = $7566 ; addr, local, , SPUpdateNow, , updater/SPUpdateNow.asm:113
dirtyarea                       = $758C ; addr, local, , SPUpdateNow, , updater/SPUpdateNow.asm:184
notacrossblk1                   = $7576 ; addr, local, , SPUpdateNow, , updater/SPUpdateNow.asm:136
noinc1                          = $757E ; addr, local, , SPUpdateNow, , updater/SPUpdateNow.asm:150
reenter                         = $757E ; addr, local, , SPUpdateNow, , updater/SPUpdateNow.asm:151
drawchar                        = $75FC ; addr, local, , SPUpdateNow, , updater/SPUpdateNow.asm:364
notacrossblk2                   = $75C6 ; addr, local, , SPUpdateNow, , updater/SPUpdateNow.asm:257
tileonly                        = $75CD ; addr, local, , SPUpdateNow, , updater/SPUpdateNow.asm:276
noinc11                         = $75D8 ; addr, local, , SPUpdateNow, , updater/SPUpdateNow.asm:326
nomoresprites                   = $778E ; addr, local, , SPUpdateNow, , updater/SPUpdateNow.asm:1276
notload                         = $762A ; addr, local, , SPUpdateNow, , updater/SPUpdateNow.asm:495
loadtype                        = $77ED ; addr, local, , SPUpdateNow, , updater/SPUpdateNow.asm:1458
noinc10                         = $7635 ; addr, local, , SPUpdateNow, , updater/SPUpdateNow.asm:503
spriteloop                      = $764A ; addr, local, , SPUpdateNow, , updater/SPUpdateNow.asm:554
dosprite                        = $764E ; addr, local, , SPUpdateNow, , updater/SPUpdateNow.asm:569
skip_sprite_update              = $7760 ; addr, local, , SPUpdateNow, , updater/SPUpdateNow.asm:1179
xortype                         = $787A ; addr, local, , SPUpdateNow, , updater/SPUpdateNow.asm:1867
ortype                          = $7932 ; addr, local, , SPUpdateNow, , updater/SPUpdateNow.asm:2216
masknorotate                    = $77A2 ; addr, local, , SPUpdateNow, , updater/SPUpdateNow.asm:1316
coloursprite                    = $775F ; addr, local, , SPUpdateNow, , updater/SPUpdateNow.asm:1177
clear                           = $7761 ; addr, local, , SPUpdateNow, , updater/SPUpdateNow.asm:1188
copybuffer                      = $776C ; addr, local, , SPUpdateNow, , updater/SPUpdateNow.asm:1206
skipupdatecol                   = $779F ; addr, local, , SPUpdateNow, , updater/SPUpdateNow.asm:1308
loadnorotate                    = $785B ; addr, local, , SPUpdateNow, , updater/SPUpdateNow.asm:1710
xornorotate                     = $7900 ; addr, local, , SPUpdateNow, , updater/SPUpdateNow.asm:2087
ornorotate                      = $79B8 ; addr, local, , SPUpdateNow, , updater/SPUpdateNow.asm:2436
__CLIB_OPT_IMATH                = $0000 ; const, local, , l_divu_16_16x16, , ../config_private.inc:27
divide_zero                     = $D0C6 ; addr, local, , l_small_divu_16_16x16, code_math, ../_DEVELOPMENT/math/integer/small/l_small_divu_16_16x16.asm:141
divisor_sixteen_bit             = $D098 ; addr, local, , l_small_divu_16_16x16, code_math, ../_DEVELOPMENT/math/integer/small/l_small_divu_16_16x16.asm:50
loop_16_0                       = $D09E ; addr, local, , l_small_divu_16_16x16, code_math, ../_DEVELOPMENT/math/integer/small/l_small_divu_16_16x16.asm:60
loop_16_1                       = $D0A6 ; addr, local, , l_small_divu_16_16x16, code_math, ../_DEVELOPMENT/math/integer/small/l_small_divu_16_16x16.asm:69
loop_8_0                        = $D0B8 ; addr, local, , l_small_divu_16_16x16, code_math, ../_DEVELOPMENT/math/integer/small/l_small_divu_16_16x16.asm:118
loop_8_2                        = $D0BF ; addr, local, , l_small_divu_16_16x16, code_math, ../_DEVELOPMENT/math/integer/small/l_small_divu_16_16x16.asm:127
loop_8_1                        = $D0C1 ; addr, local, , l_small_divu_16_16x16, code_math, ../_DEVELOPMENT/math/integer/small/l_small_divu_16_16x16.asm:132
l_sxt                           = $D03D ; addr, local, , l_gchar, code_crt0_sccz80, sccz80/crt0_z80/l_gchar.asm:12
__CLIB_OPT_IMATH                = $0000 ; const, local, , l_mulu_16_16x16, , ../config_private.inc:27
eight_bit_1                     = $D0D9 ; addr, local, , l_small_mul_16_16x16, code_math, ../_DEVELOPMENT/math/integer/small/l_small_mul_16_16x16.asm:40
eight_bit_0                     = $D0D8 ; addr, local, , l_small_mul_16_16x16, code_math, ../_DEVELOPMENT/math/integer/small/l_small_mul_16_16x16.asm:36
rejoin                          = $D0DC ; addr, local, , l_small_mul_16_16x16, code_math, ../_DEVELOPMENT/math/integer/small/l_small_mul_16_16x16.asm:57
loop_0                          = $D0DF ; addr, local, , l_small_mul_16_16x16, code_math, ../_DEVELOPMENT/math/integer/small/l_small_mul_16_16x16.asm:61
loop_1                          = $D0E6 ; addr, local, , l_small_mul_16_16x16, code_math, ../_DEVELOPMENT/math/integer/small/l_small_mul_16_16x16.asm:75
_ncx                            = $5FC6 ; addr, public, , ss_c, , printer.h:11
_ncy                            = $5FC7 ; addr, public, , ss_c, , printer.h:11
_ncn                            = $5FC9 ; addr, public, , ss_c, , printer.h:11
_ncc                            = $5FC8 ; addr, public, , ss_c, , printer.h:11
_draw_char                      = $79EA ; addr, public, , ss_c, code_compiler, printer.h::draw_char::0::0:32
_draw_fast                      = $7A35 ; addr, public, , ss_c, code_compiler, printer.h::draw_fast::0::1:100
_draw_char_by_char              = $7AB7 ; addr, public, , ss_c, code_compiler, printer.h::draw_char_by_char::0::3:120
_any_key                        = $7BA1 ; addr, public, , ss_c, code_compiler, printer.h::any_key::0::8:154
_u_malloc                       = $C330 ; addr, public, , ss_c, data_compiler, globals.h::my_malloc::0::10:16
_u_free                         = $C332 ; addr, public, , ss_c, data_compiler, globals.h::my_malloc::0::10:17
_AD_FREE                        = $CD19 ; addr, public, , ss_c, bss_compiler, ss.c::main::0::149:58
_joyfunc                        = $CF71 ; addr, public, , ss_c, bss_compiler, ss.c::main::0::149:58
_my_malloc                      = $7BAF ; addr, public, , ss_c, code_compiler, globals.h::my_malloc::0::9:15
_sp_player                      = $CF73 ; addr, public, , ss_c, bss_compiler, ss.c::main::0::149:58
_sp_moviles                     = $CF75 ; addr, public, , ss_c, bss_compiler, ss.c::main::0::149:58
_asm_number                     = $7BC0 ; addr, public, , ss_c, code_compiler, globals.h::my_malloc::0::10:36
_asm_int                        = $7BC1 ; addr, public, , ss_c, code_compiler, globals.h::my_malloc::0::10:36
_asm_int_2                      = $7BC3 ; addr, public, , ss_c, code_compiler, globals.h::my_malloc::0::10:36
_seed                           = $7BC5 ; addr, public, , ss_c, code_compiler, globals.h::my_malloc::0::10:36
_half_life                      = $CF7B ; addr, public, , ss_c, bss_compiler, ss.c::main::0::149:58
_enoffs                         = $CF7C ; addr, public, , ss_c, bss_compiler, ss.c::main::0::149:58
_gpit                           = $CF7D ; addr, public, , ss_c, bss_compiler, ss.c::main::0::149:58
_gpjt                           = $CF7E ; addr, public, , ss_c, bss_compiler, ss.c::main::0::149:58
_rda                            = $CF7F ; addr, public, , ss_c, bss_compiler, ss.c::main::0::149:58
_rdb                            = $CF80 ; addr, public, , ss_c, bss_compiler, ss.c::main::0::149:58
_rdc                            = $CF81 ; addr, public, , ss_c, bss_compiler, ss.c::main::0::149:58
_rdm                            = $CF82 ; addr, public, , ss_c, bss_compiler, ss.c::main::0::149:58
_rdx                            = $CF83 ; addr, public, , ss_c, bss_compiler, ss.c::main::0::149:58
_rdy                            = $CF84 ; addr, public, , ss_c, bss_compiler, ss.c::main::0::149:58
_rdt                            = $CF85 ; addr, public, , ss_c, bss_compiler, ss.c::main::0::149:58
__x                             = $CF86 ; addr, public, , ss_c, bss_compiler, ss.c::main::0::149:58
__y                             = $CF87 ; addr, public, , ss_c, bss_compiler, ss.c::main::0::149:58
__t                             = $CF88 ; addr, public, , ss_c, bss_compiler, ss.c::main::0::149:58
_denew                          = $CF89 ; addr, public, , ss_c, bss_compiler, ss.c::main::0::149:58
_gpint                          = $CF8A ; addr, public, , ss_c, bss_compiler, ss.c::main::0::149:58
_gen_pt                         = $CF8C ; addr, public, , ss_c, bss_compiler, ss.c::main::0::149:58
_map_pt                         = $CF8E ; addr, public, , ss_c, bss_compiler, ss.c::main::0::149:58
_x_pant                         = $CF90 ; addr, public, , ss_c, bss_compiler, ss.c::main::0::149:58
_y_pant                         = $CF91 ; addr, public, , ss_c, bss_compiler, ss.c::main::0::149:58
_n_pant                         = $CF92 ; addr, public, , ss_c, bss_compiler, ss.c::main::0::149:58
_map_pointer                    = $CF93 ; addr, public, , ss_c, bss_compiler, ss.c::main::0::149:58
_keys                           = $C334 ; addr, public, , ss_c, data_compiler, globals.h::my_malloc::0::10:59
_key_r                          = $C33E ; addr, public, , ss_c, data_compiler, globals.h::my_malloc::0::10:67
_key_g                          = $C340 ; addr, public, , ss_c, data_compiler, globals.h::my_malloc::0::10:68
_key_z                          = $C342 ; addr, public, , ss_c, data_compiler, globals.h::my_malloc::0::10:69
_key_1                          = $C344 ; addr, public, , ss_c, data_compiler, globals.h::my_malloc::0::10:71
_key_2                          = $C346 ; addr, public, , ss_c, data_compiler, globals.h::my_malloc::0::10:72
_key_3                          = $C348 ; addr, public, , ss_c, data_compiler, globals.h::my_malloc::0::10:73
_p_x                            = $CF95 ; addr, public, , ss_c, bss_compiler, ss.c::main::0::149:58
_p_y                            = $CF96 ; addr, public, , ss_c, bss_compiler, ss.c::main::0::149:58
_p_mx                           = $CF97 ; addr, public, , ss_c, bss_compiler, ss.c::main::0::149:58
_p_my                           = $CF98 ; addr, public, , ss_c, bss_compiler, ss.c::main::0::149:58
_p_sal                          = $CF99 ; addr, public, , ss_c, bss_compiler, ss.c::main::0::149:58
_p_nu                           = $CF9A ; addr, public, , ss_c, bss_compiler, ss.c::main::0::149:58
_p_frame                        = $CF9B ; addr, public, , ss_c, bss_compiler, ss.c::main::0::149:58
_p_facing                       = $CF9C ; addr, public, , ss_c, bss_compiler, ss.c::main::0::149:58
_p_life                         = $CF9D ; addr, public, , ss_c, bss_compiler, ss.c::main::0::149:58
_p_score                        = $CF9E ; addr, public, , ss_c, bss_compiler, ss.c::main::0::149:58
_p_kpress                       = $CF9F ; addr, public, , ss_c, bss_compiler, ss.c::main::0::149:58
_p_current_frame                = $CFA0 ; addr, public, , ss_c, bss_compiler, ss.c::main::0::149:58
_p_next_frame                   = $CFA2 ; addr, public, , ss_c, bss_compiler, ss.c::main::0::149:58
_prefalling                     = $CFA4 ; addr, public, , ss_c, bss_compiler, ss.c::main::0::149:58
_falling                        = $CFA5 ; addr, public, , ss_c, bss_compiler, ss.c::main::0::149:58
_fc                             = $CFA6 ; addr, public, , ss_c, bss_compiler, ss.c::main::0::149:58
__en_x                          = $CFA7 ; addr, public, , ss_c, bss_compiler, ss.c::main::0::149:58
__en_y                          = $CFA8 ; addr, public, , ss_c, bss_compiler, ss.c::main::0::149:58
_enoffsmasi                     = $CFA9 ; addr, public, , ss_c, bss_compiler, ss.c::main::0::149:58
_enit                           = $CFAA ; addr, public, , ss_c, bss_compiler, ss.c::main::0::149:58
_en_an_frame                    = $CFAB ; addr, public, , ss_c, bss_compiler, ss.c::main::0::149:58
_en_an_count                    = $CFAE ; addr, public, , ss_c, bss_compiler, ss.c::main::0::149:58
_en_an_base_cell                = $CFB1 ; addr, public, , ss_c, bss_compiler, ss.c::main::0::149:58
_en_an_current_frame            = $CFB4 ; addr, public, , ss_c, bss_compiler, ss.c::main::0::149:58
_en_an_next_frame               = $CFBA ; addr, public, , ss_c, bss_compiler, ss.c::main::0::149:58
_en_x                           = $CFC0 ; addr, public, , ss_c, bss_compiler, ss.c::main::0::149:58
_en_y                           = $CFC3 ; addr, public, , ss_c, bss_compiler, ss.c::main::0::149:58
_en_vx                          = $CFC6 ; addr, public, , ss_c, bss_compiler, ss.c::main::0::149:58
_en_vy                          = $CFC9 ; addr, public, , ss_c, bss_compiler, ss.c::main::0::149:58
_blobs_v                        = $CFCC ; addr, public, , ss_c, bss_compiler, ss.c::main::0::149:58
_blobs_x                        = $CFE0 ; addr, public, , ss_c, bss_compiler, ss.c::main::0::149:58
_blobs_y                        = $CFF4 ; addr, public, , ss_c, bss_compiler, ss.c::main::0::149:58
_n_blobs                        = $D008 ; addr, public, , ss_c, bss_compiler, ss.c::main::0::149:58
_hotspot_x                      = $D009 ; addr, public, , ss_c, bss_compiler, ss.c::main::0::149:58
_hotspot_y                      = $D00A ; addr, public, , ss_c, bss_compiler, ss.c::main::0::149:58
_orig_tile                      = $D00B ; addr, public, , ss_c, bss_compiler, ss.c::main::0::149:58
_level_pointer                  = $AA84 ; addr, public, , ss_c, code_compiler, levelstruct.h::draw_buff::0::49:52
_yOsc                           = $C34A ; addr, public, , ss_c, data_compiler, globals.h::my_malloc::0::10:109
_f_win                          = $D00C ; addr, public, , ss_c, bss_compiler, ss.c::main::0::149:58
_f_gameover                     = $D00D ; addr, public, , ss_c, bss_compiler, ss.c::main::0::149:58
_isrc                           = $D00E ; addr, public, , ss_c, bss_compiler, ss.c::main::0::149:58
_player_on                      = $D00F ; addr, public, , ss_c, bss_compiler, ss.c::main::0::149:58
_song_playing                   = $D010 ; addr, public, , ss_c, bss_compiler, ss.c::main::0::149:58
_resources                      = $C34B ; addr, public, , ss_c, data_compiler, librarian.h::my_malloc::0::10:12
_SetRAMBank                     = $7BC7 ; addr, public, , ss_c, code_compiler, 128k.h::SetRAMBank::0::10:2
_ISR                            = $7BE1 ; addr, public, , ss_c, code_compiler, wyzplayer.h::ISR::0::11:28
_wyz_init                       = $7BF8 ; addr, public, , ss_c, code_compiler, wyzplayer.h::wyz_init::0::12:46
_wyz_play_sound                 = $7C06 ; addr, public, , ss_c, code_compiler, wyzplayer.h::wyz_play_sound::0::13:58
_wyz_play_music                 = $7C19 ; addr, public, , ss_c, code_compiler, wyzplayer.h::wyz_play_music::0::14:74
_wyz_stop_sound                 = $7C34 ; addr, public, , ss_c, code_compiler, wyzplayer.h::wyz_stop_sound::0::15:91
_blackout_everything            = $7CE7 ; addr, public, , ss_c, code_compiler, aplib.h::blackout_everything::0::16:126
_get_resource                   = $7D03 ; addr, public, , ss_c, code_compiler, aplib.h::get_resource::0::18:136
_espera_activa                  = $ADD9 ; addr, public, , ss_c, code_compiler, engine.h::espera_activa::0::61:39
_game                           = $BAB1 ; addr, public, , ss_c, code_compiler, engine.h::game::0::127:574
_name_level1                    = $7D50 ; addr, public, , ss_c, code_compiler, menu.h::get_resource::0::19:25
_name_level2                    = $7D5D ; addr, public, , ss_c, code_compiler, menu.h::get_resource::0::19:25
_name_level3                    = $7D6A ; addr, public, , ss_c, code_compiler, menu.h::get_resource::0::19:25
_name_level4                    = $7D77 ; addr, public, , ss_c, code_compiler, menu.h::get_resource::0::19:25
_pass1                          = $7D84 ; addr, public, , ss_c, code_compiler, menu.h::get_resource::0::19:25
_pass2                          = $7D8D ; addr, public, , ss_c, code_compiler, menu.h::get_resource::0::19:25
_pass3                          = $7D98 ; addr, public, , ss_c, code_compiler, menu.h::get_resource::0::19:25
_name_levels                    = $C369 ; addr, public, , ss_c, data_compiler, menu.h::get_resource::0::19:22
_passes                         = $C371 ; addr, public, , ss_c, data_compiler, menu.h::get_resource::0::19:23
_cad_level                      = $C377 ; addr, public, , ss_c, data_compiler, menu.h::get_resource::0::19:51
_start_game_from                = $7DA0 ; addr, public, , ss_c, code_compiler, menu.h::start_game_from::0::19:53
_password                       = $D011 ; addr, public, , ss_c, bss_compiler, ss.c::main::0::149:58
_get_password                   = $7EC9 ; addr, public, , ss_c, code_compiler, menu.h::get_password::0::25:99
_menu                           = $80A4 ; addr, public, , ss_c, code_compiler, menu.h::menu::0::35:156
_supertiles                     = $8211 ; addr, public, , ss_c, code_compiler, supertileset.h::menu::0::46:5
_tileset                        = $C379 ; addr, public, , ss_c, data_compiler, tileset.h::menu::0::46:4
_sprite_1_a                     = $86B1 ; addr, public, , ss_c, code_compiler, spriteset.h::menu::0::46:78
_sprite_1_b                     = $86E1 ; addr, public, , ss_c, code_compiler, spriteset.h::menu::0::46:78
_sprite_1_c                     = $8711 ; addr, public, , ss_c, code_compiler, spriteset.h::menu::0::46:78
_sprite_2_a                     = $8741 ; addr, public, , ss_c, code_compiler, spriteset.h::menu::0::46:78
_sprite_2_b                     = $8771 ; addr, public, , ss_c, code_compiler, spriteset.h::menu::0::46:78
_sprite_2_c                     = $87A1 ; addr, public, , ss_c, code_compiler, spriteset.h::menu::0::46:78
_sprite_3_a                     = $87D1 ; addr, public, , ss_c, code_compiler, spriteset.h::menu::0::46:78
_sprite_3_b                     = $8801 ; addr, public, , ss_c, code_compiler, spriteset.h::menu::0::46:78
_sprite_3_c                     = $8831 ; addr, public, , ss_c, code_compiler, spriteset.h::menu::0::46:78
_sprite_4_a                     = $8861 ; addr, public, , ss_c, code_compiler, spriteset.h::menu::0::46:78
_sprite_4_b                     = $8891 ; addr, public, , ss_c, code_compiler, spriteset.h::menu::0::46:78
_sprite_4_c                     = $88C1 ; addr, public, , ss_c, code_compiler, spriteset.h::menu::0::46:78
_sprite_5_a                     = $88F1 ; addr, public, , ss_c, code_compiler, spriteset.h::menu::0::46:78
_sprite_5_b                     = $8921 ; addr, public, , ss_c, code_compiler, spriteset.h::menu::0::46:78
_sprite_5_c                     = $8951 ; addr, public, , ss_c, code_compiler, spriteset.h::menu::0::46:78
_sprite_6_a                     = $8981 ; addr, public, , ss_c, code_compiler, spriteset.h::menu::0::46:78
_sprite_6_b                     = $89B1 ; addr, public, , ss_c, code_compiler, spriteset.h::menu::0::46:78
_sprite_6_c                     = $89E1 ; addr, public, , ss_c, code_compiler, spriteset.h::menu::0::46:78
_sprite_7_a                     = $8A11 ; addr, public, , ss_c, code_compiler, spriteset.h::menu::0::46:78
_sprite_7_b                     = $8A41 ; addr, public, , ss_c, code_compiler, spriteset.h::menu::0::46:78
_sprite_7_c                     = $8A71 ; addr, public, , ss_c, code_compiler, spriteset.h::menu::0::46:78
_sprite_8_a                     = $8AA1 ; addr, public, , ss_c, code_compiler, spriteset.h::menu::0::46:78
_sprite_8_b                     = $8AD1 ; addr, public, , ss_c, code_compiler, spriteset.h::menu::0::46:78
_sprite_8_c                     = $8B01 ; addr, public, , ss_c, code_compiler, spriteset.h::menu::0::46:78
_sprite_9_a                     = $8B31 ; addr, public, , ss_c, code_compiler, spriteset.h::menu::0::46:78
_sprite_9_b                     = $8B61 ; addr, public, , ss_c, code_compiler, spriteset.h::menu::0::46:78
_sprite_9_c                     = $8B91 ; addr, public, , ss_c, code_compiler, spriteset.h::menu::0::46:78
_sprite_10_a                    = $8BC1 ; addr, public, , ss_c, code_compiler, spriteset.h::menu::0::46:78
_sprite_10_b                    = $8BF1 ; addr, public, , ss_c, code_compiler, spriteset.h::menu::0::46:78
_sprite_10_c                    = $8C21 ; addr, public, , ss_c, code_compiler, spriteset.h::menu::0::46:78
_sprite_11_a                    = $8C51 ; addr, public, , ss_c, code_compiler, spriteset.h::menu::0::46:78
_sprite_11_b                    = $8C81 ; addr, public, , ss_c, code_compiler, spriteset.h::menu::0::46:78
_sprite_11_c                    = $8CB1 ; addr, public, , ss_c, code_compiler, spriteset.h::menu::0::46:78
_sprite_12_a                    = $8CE1 ; addr, public, , ss_c, code_compiler, spriteset.h::menu::0::46:78
_sprite_12_b                    = $8D11 ; addr, public, , ss_c, code_compiler, spriteset.h::menu::0::46:78
_sprite_12_c                    = $8D41 ; addr, public, , ss_c, code_compiler, spriteset.h::menu::0::46:78
_sprite_13_a                    = $8D71 ; addr, public, , ss_c, code_compiler, spriteset.h::menu::0::46:78
_sprite_13_b                    = $8DA1 ; addr, public, , ss_c, code_compiler, spriteset.h::menu::0::46:78
_sprite_13_c                    = $8DD1 ; addr, public, , ss_c, code_compiler, spriteset.h::menu::0::46:78
_sprite_14_a                    = $8E01 ; addr, public, , ss_c, code_compiler, spriteset.h::menu::0::46:78
_sprite_14_b                    = $8E31 ; addr, public, , ss_c, code_compiler, spriteset.h::menu::0::46:78
_sprite_14_c                    = $8E61 ; addr, public, , ss_c, code_compiler, spriteset.h::menu::0::46:78
_sprite_15_a                    = $8E91 ; addr, public, , ss_c, code_compiler, spriteset.h::menu::0::46:78
_sprite_15_b                    = $8EC1 ; addr, public, , ss_c, code_compiler, spriteset.h::menu::0::46:78
_sprite_15_c                    = $8EF1 ; addr, public, , ss_c, code_compiler, spriteset.h::menu::0::46:78
_sprite_16_a                    = $8F21 ; addr, public, , ss_c, code_compiler, spriteset.h::menu::0::46:78
_sprite_16_b                    = $8F51 ; addr, public, , ss_c, code_compiler, spriteset.h::menu::0::46:78
_sprite_16_c                    = $8F81 ; addr, public, , ss_c, code_compiler, spriteset.h::menu::0::46:78
_sprite_17_a                    = $8FB1 ; addr, public, , ss_c, code_compiler, spriteset.h::menu::0::46:78
_sprite_17_b                    = $8FE1 ; addr, public, , ss_c, code_compiler, spriteset.h::menu::0::46:78
_sprite_17_c                    = $9011 ; addr, public, , ss_c, code_compiler, spriteset.h::menu::0::46:78
_sprite_18_a                    = $9041 ; addr, public, , ss_c, code_compiler, spriteset.h::menu::0::46:78
_sprite_18_b                    = $9071 ; addr, public, , ss_c, code_compiler, spriteset.h::menu::0::46:78
_sprite_18_c                    = $90A1 ; addr, public, , ss_c, code_compiler, spriteset.h::menu::0::46:78
_sprite_19_a                    = $90D1 ; addr, public, , ss_c, code_compiler, spriteset.h::menu::0::46:78
_sprite_19_b                    = $9101 ; addr, public, , ss_c, code_compiler, spriteset.h::menu::0::46:78
_sprite_19_c                    = $9131 ; addr, public, , ss_c, code_compiler, spriteset.h::menu::0::46:78
_sprite_20_a                    = $9161 ; addr, public, , ss_c, code_compiler, spriteset.h::menu::0::46:78
_sprite_20_b                    = $9191 ; addr, public, , ss_c, code_compiler, spriteset.h::menu::0::46:78
_sprite_20_c                    = $91C1 ; addr, public, , ss_c, code_compiler, spriteset.h::menu::0::46:78
_sprite_21_a                    = $91F1 ; addr, public, , ss_c, code_compiler, spriteset.h::menu::0::46:78
_sprite_21_b                    = $9221 ; addr, public, , ss_c, code_compiler, spriteset.h::menu::0::46:78
_sprite_21_c                    = $9251 ; addr, public, , ss_c, code_compiler, spriteset.h::menu::0::46:78
_sprite_22_a                    = $9281 ; addr, public, , ss_c, code_compiler, spriteset.h::menu::0::46:78
_sprite_22_b                    = $92B1 ; addr, public, , ss_c, code_compiler, spriteset.h::menu::0::46:78
_sprite_22_c                    = $92E1 ; addr, public, , ss_c, code_compiler, spriteset.h::menu::0::46:78
_sprite_23_a                    = $9311 ; addr, public, , ss_c, code_compiler, spriteset.h::menu::0::46:78
_sprite_23_b                    = $9341 ; addr, public, , ss_c, code_compiler, spriteset.h::menu::0::46:78
_sprite_23_c                    = $9371 ; addr, public, , ss_c, code_compiler, spriteset.h::menu::0::46:78
_sprite_24_a                    = $93A1 ; addr, public, , ss_c, code_compiler, spriteset.h::menu::0::46:78
_sprite_24_b                    = $93D1 ; addr, public, , ss_c, code_compiler, spriteset.h::menu::0::46:78
_sprite_24_c                    = $9401 ; addr, public, , ss_c, code_compiler, spriteset.h::menu::0::46:78
_sprite_frames                  = $CB79 ; addr, public, , ss_c, data_compiler, ss.c::menu::0::46:44
_ovl_x                          = $9471 ; addr, public, , ss_c, code_compiler, overlay.h::menu::0::46:7
_ovl_y                          = $9472 ; addr, public, , ss_c, code_compiler, overlay.h::menu::0::46:7
_draw_overlay                   = $97D3 ; addr, public, , ss_c, code_compiler, overlay.h::draw_overlay::0::46:25
_del_overlay                    = $97EC ; addr, public, , ss_c, code_compiler, overlay.h::del_overlay::0::47:35
_draw_buff                      = $9805 ; addr, public, , ss_c, code_compiler, overlay.h::draw_buff::0::48:45
_levels                         = $CB99 ; addr, public, , ss_c, data_compiler, leveldata.h::draw_buff::0::49:13
_level_buffer                   = $99D1 ; addr, public, , ss_c, code_compiler, levelstruct.h::draw_buff::0::49:30
_malotes                        = $A700 ; addr, public, , ss_c, code_compiler, levelstruct.h::draw_buff::0::49:37
_hotspots                       = $AA39 ; addr, public, , ss_c, code_compiler, levelstruct.h::draw_buff::0::49:44
_load_level                     = $AA86 ; addr, public, , ss_c, code_compiler, levelstruct.h::load_level::0::49:59
_invalidate_tile                = $AAC2 ; addr, public, , ss_c, code_compiler, levelstruct.h::invalidate_tile::0::50:64
_invalidate_viewport            = $AAD6 ; addr, public, , ss_c, code_compiler, levelstruct.h::invalidate_viewport::0::51:89
_draw_coloured_tile             = $AAE6 ; addr, public, , ss_c, code_compiler, levelstruct.h::draw_coloured_tile::0::52:110
_render_screen                  = $AB26 ; addr, public, , ss_c, code_compiler, levelstruct.h::render_screen::0::53:184
_tile_behaviour                 = $CBB5 ; addr, public, , ss_c, data_compiler, levelstruct.h::render_screen::0::60:258
_attr                           = $ADB4 ; addr, public, , ss_c, code_compiler, engine.h::attr::0::60:5
_init_player                    = $AE0F ; addr, public, , ss_c, code_compiler, engine.h::init_player::0::64:59
_draw_life                      = $AE85 ; addr, public, , ss_c, code_compiler, engine.h::draw_life::0::65:73
_draw_score                     = $AEF2 ; addr, public, , ss_c, code_compiler, engine.h::draw_score::0::66:115
_move                           = $AF38 ; addr, public, , ss_c, code_compiler, engine.h::move::0::67:147
_collide                        = $B6D6 ; addr, public, , ss_c, code_compiler, engine.h::collide::0::116:364
_move_enemies                   = $B708 ; addr, public, , ss_c, code_compiler, engine.h::move_enemies::0::117:407
_init_hotspots                  = $B9B9 ; addr, public, , ss_c, code_compiler, engine.h::init_hotspots::0::123:444
_muerte                         = $B9C8 ; addr, public, , ss_c, code_compiler, engine.h::muerte::0::124:462
_rand                           = $BA88 ; addr, public, , ss_c, code_compiler, engine.h::rand::0::126:530
_main                           = $C06D ; addr, public, , ss_c, code_compiler, ss.c::main::0::149:58
SPPrintAtInv                    = $5FFA ; addr, public, , SPPrintAtInv, , backgroundtiles/SPPrintAtInv.asm:20
_sp_AddColSpr                   = $C24B ; addr, public, , sp_AddColSpr_c, code_compiler, sp_AddColSpr.c::sp_AddColSpr::0::0:15
sp_AddColSpr                    = $C24B ; addr, public, , sp_AddColSpr_c, code_compiler, sp_AddColSpr.c::sp_AddColSpr::0::0:15
_sp_AddMemory                   = $C264 ; addr, public, , sp_AddMemory_c, code_compiler, sp_AddMemory.c::sp_AddMemory::0::0:15
sp_AddMemory                    = $C264 ; addr, public, , sp_AddMemory_c, code_compiler, sp_AddMemory.c::sp_AddMemory::0::0:15
SPAddMemory                     = $6014 ; addr, public, , SPAddMemory, , blockmemoryalloc/SPAddMemory.asm:28
SPFreeBlock                     = $6030 ; addr, public, , SPFreeBlock, , blockmemoryalloc/SPFreeBlock.asm:26
SPfb1                           = $6035 ; addr, public, , SPFreeBlock, , blockmemoryalloc/SPFreeBlock.asm:33
SPfb2                           = $6040 ; addr, public, , SPFreeBlock, , blockmemoryalloc/SPFreeBlock.asm:42
_sp_BlockAlloc                  = $C27B ; addr, public, , sp_BlockAlloc_c, code_compiler, sp_BlockAlloc.c::sp_BlockAlloc::0::0:15
sp_BlockAlloc                   = $C27B ; addr, public, , sp_BlockAlloc_c, code_compiler, sp_BlockAlloc.c::sp_BlockAlloc::0::0:15
SPBlockAlloc                    = $604B ; addr, public, , SPBlockAlloc, , blockmemoryalloc/SPBlockAlloc.asm:26
SPalloc                         = $6055 ; addr, public, , SPBlockAlloc, , blockmemoryalloc/SPBlockAlloc.asm:34
_sp_CreateSpr                   = $C289 ; addr, public, , sp_CreateSpr_c, code_compiler, sp_CreateSpr.c::sp_CreateSpr::0::0:16
sp_CreateSpr                    = $C289 ; addr, public, , sp_CreateSpr_c, code_compiler, sp_CreateSpr.c::sp_CreateSpr::0::0:16
_sp_CreateGenericISR            = $C2A1 ; addr, public, , sp_CreateGenericISR_c, code_compiler, sp_CreateGenericISR.c::sp_CreateGenericISR::0::0:14
sp_CreateGenericISR             = $C2A1 ; addr, public, , sp_CreateGenericISR_c, code_compiler, sp_CreateGenericISR.c::sp_CreateGenericISR::0::0:14
_sp_FreeBlock                   = $C2AA ; addr, public, , sp_FreeBlock_c, code_compiler, sp_FreeBlock.c::sp_FreeBlock::0::0:15
sp_FreeBlock                    = $C2AA ; addr, public, , sp_FreeBlock_c, code_compiler, sp_FreeBlock.c::sp_FreeBlock::0::0:15
_sp_GetKey                      = $C2B5 ; addr, public, , sp_GetKey_c, code_compiler, sp_GetKey.c::sp_GetKey::0::0:15
sp_GetKey                       = $C2B5 ; addr, public, , sp_GetKey_c, code_compiler, sp_GetKey.c::sp_GetKey::0::0:15
_sp_InitIM2                     = $C2C0 ; addr, public, , sp_InitIM2_c, code_compiler, sp_InitIM2.c::sp_InitIM2::0::0:15
sp_InitIM2                      = $C2C0 ; addr, public, , sp_InitIM2_c, code_compiler, sp_InitIM2.c::sp_InitIM2::0::0:15
_sp_Initialize                  = $C2CB ; addr, public, , sp_Initialize_c, code_compiler, sp_Initialize.c::sp_Initialize::0::0:15
sp_Initialize                   = $C2CB ; addr, public, , sp_Initialize_c, code_compiler, sp_Initialize.c::sp_Initialize::0::0:15
_sp_JoyKempston                 = $C2D7 ; addr, public, , sp_JoyKempston_c, code_compiler, sp_JoyKempston.c::sp_JoyKempston::0::0:15
sp_JoyKempston                  = $C2D7 ; addr, public, , sp_JoyKempston_c, code_compiler, sp_JoyKempston.c::sp_JoyKempston::0::0:15
_sp_JoyKeyboard                 = $C2DE ; addr, public, , sp_JoyKeyboard_c, code_compiler, sp_JoyKeyboard.c::sp_JoyKeyboard::0::0:15
sp_JoyKeyboard                  = $C2DE ; addr, public, , sp_JoyKeyboard_c, code_compiler, sp_JoyKeyboard.c::sp_JoyKeyboard::0::0:15
_sp_JoySinclair1                = $C2EC ; addr, public, , sp_JoySinclair1_c, code_compiler, sp_JoySinclair1.c::sp_JoySinclair1::0::0:15
sp_JoySinclair1                 = $C2EC ; addr, public, , sp_JoySinclair1_c, code_compiler, sp_JoySinclair1.c::sp_JoySinclair1::0::0:15
_sp_KeyPressed                  = $C2F3 ; addr, public, , sp_KeyPressed_c, code_compiler, sp_KeyPressed.c::sp_KeyPressed::0::0:15
sp_KeyPressed                   = $C2F3 ; addr, public, , sp_KeyPressed_c, code_compiler, sp_KeyPressed.c::sp_KeyPressed::0::0:15
_sp_RegisterHook                = $C303 ; addr, public, , sp_RegisterHook_c, code_compiler, sp_RegisterHook.c::sp_RegisterHook::0::0:15
sp_RegisterHook                 = $C303 ; addr, public, , sp_RegisterHook_c, code_compiler, sp_RegisterHook.c::sp_RegisterHook::0::0:15
_sp_RegisterHookLast            = $C319 ; addr, public, , sp_RegisterHookLast_c, code_compiler, sp_RegisterHookLast.c::sp_RegisterHookLast::0::0:15
sp_RegisterHookLast             = $C319 ; addr, public, , sp_RegisterHookLast_c, code_compiler, sp_RegisterHookLast.c::sp_RegisterHookLast::0::0:15
_sp_UpdateNow                   = $C326 ; addr, public, , sp_UpdateNow_c, code_compiler, sp_UpdateNow.c::sp_UpdateNow::0::0:15
sp_UpdateNow                    = $C326 ; addr, public, , sp_UpdateNow_c, code_compiler, sp_UpdateNow.c::sp_UpdateNow::0::0:15
_sp_WaitForNoKey                = $C32C ; addr, public, , sp_WaitForNoKey_c, code_compiler, sp_WaitForNoKey.c::sp_WaitForNoKey::0::0:15
sp_WaitForNoKey                 = $C32C ; addr, public, , sp_WaitForNoKey_c, code_compiler, sp_WaitForNoKey.c::sp_WaitForNoKey::0::0:15
SPCompDListAddr                 = $6066 ; addr, public, , SPCompDListAddr, , displaylist/SPCompDListAddr.asm:19
SPCompDirtyAddr                 = $6077 ; addr, public, , SPCompDirtyAddr, , displaylist/SPCompDirtyAddr.asm:20
SPbit2mask                      = $608C ; addr, public, , SPbit2mask, , globalvariables/SPbit2mask.asm:4
SPDirtyChars                    = $6094 ; addr, public, , SPDirtyChars, , globalvariables/SPDirtyChars.asm:6
SPDisplayList                   = $60F4 ; addr, public, , SPDisplayList, , globalvariables/SPDisplayList.asm:6
SPqueuetable                    = $6CF4 ; addr, public, , SPqueuetable, , globalvariables/SPqueuetable.asm:19
SPTileArray                     = $6CF6 ; addr, public, , SPTileArray, , globalvariables/SPTileArray.asm:6
SPGetKey                        = $6F0C ; addr, public, , SPGetKey, , input/SPGetKey.asm:74
SPInkey                         = $6EFB ; addr, public, , SPGetKey, , input/SPGetKey.asm:56
SPkeydebounce                   = $6EF8 ; addr, public, , SPGetKey, , input/SPGetKey.asm:39
SPkeystartrepeat                = $6EF9 ; addr, public, , SPGetKey, , input/SPGetKey.asm:41
SPkeyrepeatperiod               = $6EFA ; addr, public, , SPGetKey, , input/SPGetKey.asm:43
SPkeytranstbl                   = $6F80 ; addr, public, , SPkeytranstbl, , globalvariables/SPkeytranstbl.asm:13
SPJoyKempston                   = $7020 ; addr, public, , SPJoyKempston, , input/SPJoyKempston.asm:20
SPJoyKeyboard                   = $704B ; addr, public, , SPJoyKeyboard, , input/SPJoyKeyboard.asm:26
SPJoySinclair1                  = $706A ; addr, public, , SPJoySinclair1, , input/SPJoySinclair1.asm:18
SPKeyPressed                    = $7096 ; addr, public, , SPKeyPressed, , input/SPKeyPressed.asm:16
SPtbllookup                     = $70BA ; addr, public, , SPtbllookup, , input/SPtbllookup.asm:11
SPWaitForNoKey                  = $70C2 ; addr, public, , SPWaitForNoKey, , input/SPWaitForNoKey.asm:11
SPCreateGenericISR              = $70CC ; addr, public, , SPCreateGenericISR, , interrupts/SPCreateGenericISR.asm:31
GENERICISRSIZE                  = $000C ; addr, public, , SPCreateGenericISR, , interrupts/SPCreateGenericISR.asm:93
GENERICLISTDISP                 = $0004 ; addr, public, , SPCreateGenericISR, , interrupts/SPCreateGenericISR.asm:94
SPInitIM2                       = $7114 ; addr, public, , SPInitIM2, , interrupts/SPInitIM2.asm:22
SPRegisterHookLast              = $712C ; addr, public, , SPRegisterHookLast, , interrupts/SPRegisterHookLast.asm:27
SPRegisterHook                  = $712C ; addr, public, , SPRegisterHookLast, , interrupts/SPRegisterHookLast.asm:26
SPInitialize                    = $7149 ; addr, public, , SPInitialize, , miscellaneous/SPInitialize.asm:24
SPAddColSpr                     = $718D ; addr, public, , SPAddColSpr, , sprites/SPAddColSpr.asm:27
SPCreateSpr                     = $7235 ; addr, public, , SPCreateSpr, , sprites/SPCreateSpr.asm:36
SPNullSprPtr                    = $72D5 ; addr, public, , SPNullSprPtr, , globalvariables/SPNullSprPtr.asm:10
SPDeleteSpr                     = $72E5 ; addr, public, , SPDeleteSpr, , sprites/SPDeleteSpr.asm:23
SPdsloop                        = $72F6 ; addr, public, , SPDeleteSpr, , sprites/SPDeleteSpr.asm:38
SPMoveSprAbs                    = $7301 ; addr, public, , SPMoveSprAbs, , sprites/SPMoveSprAbs.asm:30
SPMoveSprAbsC                   = $7328 ; addr, public, , SPMoveSprAbs, , sprites/SPMoveSprAbs.asm:58
SPMoveSprAbsNC                  = $730F ; addr, public, , SPMoveSprAbs, , sprites/SPMoveSprAbs.asm:38
SPInvalidate                    = $7483 ; addr, public, , SPInvalidate, , updater/SPInvalidate.asm:21
SPInvalidateP                   = $748B ; addr, public, , SPInvalidate, , updater/SPInvalidate.asm:31
SPbitleft2mask                  = $74D6 ; addr, public, , SPbitleft2mask, , globalvariables/SPbitleft2mask.asm:4
SPbitright2mask                 = $74DE ; addr, public, , SPbitright2mask, , globalvariables/SPbitright2mask.asm:4
SPIntRect                       = $74E6 ; addr, public, , SPIntRect, , miscellaneous/SPIntRect.asm:33
SPIntSmallIval                  = $7517 ; addr, public, , SPIntRect, , miscellaneous/SPIntRect.asm:77
SPPtInSmallIval                 = $753C ; addr, public, , SPIntRect, , miscellaneous/SPIntRect.asm:117
SPUpdateNow                     = $755A ; addr, public, , SPUpdateNow, , updater/SPUpdateNow.asm:99
update_attrs                    = $7558 ; addr, public, , SPUpdateNow, , updater/SPUpdateNow.asm:88
l_jphl                          = $D031 ; addr, public, , l_jphl, code_l, ../_DEVELOPMENT/l/z80/l_jphl.asm:7
l_div_u                         = $D08F ; addr, public, , l_div_u, code_crt0_sccz80, sccz80/crt0_z80/l_div_u.asm:17
l_divu_16_16x16                 = $D090 ; addr, public, , l_divu_16_16x16, code_math, ../_DEVELOPMENT/math/integer/l_divu_16_16x16.asm:22
l0_divu_16_16x16                = $D094 ; addr, public, , l_divu_16_16x16, code_math, ../_DEVELOPMENT/math/integer/l_divu_16_16x16.asm:23
l_small_divu_16_16x16           = $D090 ; addr, public, , l_small_divu_16_16x16, code_math, ../_DEVELOPMENT/math/integer/small/l_small_divu_16_16x16.asm:17
l0_small_divu_16_16x16          = $D094 ; addr, public, , l_small_divu_16_16x16, code_math, ../_DEVELOPMENT/math/integer/small/l_small_divu_16_16x16.asm:42
l_small_divu_16_16x8            = $D0B0 ; addr, public, , l_small_divu_16_16x16, code_math, ../_DEVELOPMENT/math/integer/small/l_small_divu_16_16x16.asm:87
l0_small_divu_16_16x8           = $D0B4 ; addr, public, , l_small_divu_16_16x16, code_math, ../_DEVELOPMENT/math/integer/small/l_small_divu_16_16x16.asm:112
error_divide_by_zero_mc         = $D0ED ; addr, public, , error_divide_by_zero_mc, code_error, ../_DEVELOPMENT/error/z80/error_divide_by_zero_mc.asm:12
error_edom_mc                   = $D0ED ; addr, public, , error_edom_mc, code_error, ../_DEVELOPMENT/error/z80/error_edom_mc.asm:57
errno_mc                        = $D0EF ; addr, public, , errno_mc, code_error, ../_DEVELOPMENT/error/z80/errno_mc.asm:21
_errno                          = $D0FF ; addr, public, , _errno, bss_error, ../_DEVELOPMENT/error/z80/_errno.asm:7
error_mc                        = $D0FA ; addr, public, , error_mc, code_error, ../_DEVELOPMENT/error/z80/error_mc.asm:11
l_eq                            = $D032 ; addr, public, , l_eq, code_crt0_sccz80, sccz80/crt0_z80/l_eq.asm:17
l_gchar                         = $D03C ; addr, public, , l_gchar, code_crt0_sccz80, sccz80/crt0_z80/l_gchar.asm:11
l_gint                          = $D042 ; addr, public, , l_gint, code_crt0_sccz80, sccz80/crt0_z80/l_gint.asm:11
l_gintsp                        = $D047 ; addr, public, , l_gintsp, code_crt0_sccz80, sccz80/crt0_z80/l_gintsp.asm:7
l_gintspsp                      = $D04F ; addr, public, , l_gintspsp, code_crt0_sccz80, sccz80/crt0_z80/l_gintspsp.asm:7
l_lneg                          = $D058 ; addr, public, , l_lneg, code_crt0_sccz80, sccz80/crt0_z80/l_lneg.asm:14
l_mult                          = $D0CA ; addr, public, , l_mul, code_crt0_sccz80, sccz80/crt0_z80/l_mul.asm:12
l_mulu_16_16x16                 = $D0CA ; addr, public, , l_mulu_16_16x16, code_math, ../_DEVELOPMENT/math/integer/l_mulu_16_16x16.asm:36
l_small_mul_16_16x16            = $D0CA ; addr, public, , l_small_mul_16_16x16, code_math, ../_DEVELOPMENT/math/integer/small/l_small_mul_16_16x16.asm:10
l_small_mul_16_16x8             = $D0D9 ; addr, public, , l_small_mul_16_16x16, code_math, ../_DEVELOPMENT/math/integer/small/l_small_mul_16_16x16.asm:42
l_ne                            = $D061 ; addr, public, , l_ne, code_crt0_sccz80, sccz80/crt0_z80/l_ne.asm:16
l_pint                          = $D06C ; addr, public, , l_pint, code_crt0_sccz80, sccz80/crt0_z80/l_pint.asm:11
l_pint_pop                      = $D072 ; addr, public, , l_pint_pop, code_crt0_sccz80, sccz80/crt0_z80/l_pint_pop.asm:12
l_sxt                           = $D078 ; addr, public, , l_sxt, code_crt0_sccz80, sccz80/crt0_z80/l_sxt.asm:10
l_uge                           = $D07D ; addr, public, , l_uge, code_crt0_sccz80, sccz80/crt0_z80/l_uge.asm:18
l_compare_result                = $D089 ; addr, public, , l_compare_result, code_crt0_sccz80, sccz80/crt0_z80/l_compare_result.asm:4
__head                          = $5DC0 ; const, public, def, , ,
__tail                          = $D101 ; const, public, def, , ,
__size                          = $7341 ; const, public, def, , ,
__code_compiler_head            = $79EA ; const, public, def, , ,
__code_compiler_tail            = $C330 ; const, public, def, , ,
__code_compiler_size            = $4946 ; const, public, def, , ,
__data_compiler_head            = $C330 ; const, public, def, , ,
__data_compiler_tail            = $CC47 ; const, public, def, , ,
__data_compiler_size            = $0917 ; const, public, def, , ,
__rodata_compiler_head          = $CC47 ; const, public, def, , ,
__rodata_compiler_tail          = $CD19 ; const, public, def, , ,
__rodata_compiler_size          = $00D2 ; const, public, def, , ,
__bss_compiler_head             = $CD19 ; const, public, def, , ,
__bss_compiler_tail             = $D031 ; const, public, def, , ,
__bss_compiler_size             = $0318 ; const, public, def, , ,
__code_clib_head                = $D031 ; const, public, def, , ,
__code_clib_tail                = $D031 ; const, public, def, , ,
__code_clib_size                = $0000 ; const, public, def, , ,
__code_l_head                   = $D031 ; const, public, def, , ,
__code_l_tail                   = $D032 ; const, public, def, , ,
__code_l_size                   = $0001 ; const, public, def, , ,
__code_crt0_sccz80_head         = $D032 ; const, public, def, , ,
__code_crt0_sccz80_tail         = $D08F ; const, public, def, , ,
__code_crt0_sccz80_size         = $005D ; const, public, def, , ,
__code_math_head                = $D08F ; const, public, def, , ,
__code_math_tail                = $D0EA ; const, public, def, , ,
__code_math_size                = $005B ; const, public, def, , ,
__code_error_head               = $D0EA ; const, public, def, , ,
__code_error_tail               = $D0FF ; const, public, def, , ,
__code_error_size               = $0015 ; const, public, def, , ,
__bss_clib_head                 = $D0FF ; const, public, def, , ,
__bss_clib_tail                 = $D0FF ; const, public, def, , ,
__bss_clib_size                 = $0000 ; const, public, def, , ,
__bss_error_head                = $D0FF ; const, public, def, , ,
__bss_error_tail                = $D101 ; const, public, def, , ,
__bss_error_size                = $0002 ; const, public, def, , ,
