DEFINED_CRT_ORG_CODE            = $0001 ; const, local, , zx82_crt0, , C:/DOCUME~1/ADMINI~1/CONFIG~1/Temp/zcc00000CBC0F4B3/zcc_opt.def:3
CRT_ORG_CODE                    = $5DC0 ; const, local, , zx82_crt0, , C:/DOCUME~1/ADMINI~1/CONFIG~1/Temp/zcc00000CBC0F4B3/zcc_opt.def:4
DEFINED_STACKPTR                = $0001 ; const, local, , zx82_crt0, , C:/DOCUME~1/ADMINI~1/CONFIG~1/Temp/zcc00000CBC0F4B3/zcc_opt.def:11
STACKPTR                        = $5DBF ; const, local, , zx82_crt0, , C:/DOCUME~1/ADMINI~1/CONFIG~1/Temp/zcc00000CBC0F4B3/zcc_opt.def:12
DEFINED_REGISTER_SP             = $0001 ; const, local, , zx82_crt0, , C:/DOCUME~1/ADMINI~1/CONFIG~1/Temp/zcc00000CBC0F4B3/zcc_opt.def:19
REGISTER_SP                     = $5DBF ; const, local, , zx82_crt0, , C:/DOCUME~1/ADMINI~1/CONFIG~1/Temp/zcc00000CBC0F4B3/zcc_opt.def:20
start                           = $5DC0 ; addr, local, , zx82_crt0, , crt.asm:15
_letters                        = $5DC6 ; addr, local, , ss_c, , printer.h:11
_line_buffer                    = $5FCA ; addr, local, , ss_c, , printer.h:11
_drawchar                       = $79E0 ; addr, local, , ss_c, code_compiler, printer.h::draw_char::0::0:32
i_2                             = $7A5D ; addr, local, , ss_c, code_compiler, printer.h::draw_fast::0::1:100
i_3                             = $7AAA ; addr, local, , ss_c, code_compiler, printer.h::draw_fast::0::1:100
i_4                             = $7ADF ; addr, local, , ss_c, code_compiler, printer.h::draw_char_by_char::0::3:120
i_5                             = $7B94 ; addr, local, , ss_c, code_compiler, printer.h::draw_char_by_char::0::3:120
i_6                             = $7B36 ; addr, local, , ss_c, code_compiler, printer.h::draw_char_by_char::0::3:120
i_7                             = $7B87 ; addr, local, , ss_c, code_compiler, printer.h::draw_char_by_char::0::3:120
i_10                            = $7B61 ; addr, local, , ss_c, code_compiler, printer.h::draw_char_by_char::0::3:120
i_8                             = $7B54 ; addr, local, , ss_c, code_compiler, printer.h::draw_char_by_char::0::3:120
i_9                             = $7B82 ; addr, local, , ss_c, code_compiler, printer.h::draw_char_by_char::0::3:120
vtc                             = $7BA5 ; addr, local, , ss_c, code_compiler, printer.h::fix_sprites::0::9:168
vtc_noinc1                      = $7BAF ; addr, local, , ss_c, code_compiler, printer.h::fix_sprites::0::9:168
vtc_loop                        = $7BAF ; addr, local, , ss_c, code_compiler, printer.h::fix_sprites::0::9:168
vtc_fin                         = $7BCC ; addr, local, , ss_c, code_compiler, printer.h::fix_sprites::0::9:168
vtc_next                        = $7BC8 ; addr, local, , ss_c, code_compiler, printer.h::fix_sprites::0::9:168
vtc_noinc2                      = $7BC3 ; addr, local, , ss_c, code_compiler, printer.h::fix_sprites::0::9:168
vpClipStruct                    = $7BD6 ; addr, local, , ss_c, code_compiler, globals.h::my_malloc::0::11:22
fsClipStruct                    = $7BDA ; addr, local, , ss_c, code_compiler, globals.h::my_malloc::0::11:22
SetRAMBank                      = $7BE5 ; addr, local, , ss_c, code_compiler, 128k.h::SetRAMBank::0::11:2
restISR                         = $7BF0 ; addr, local, , ss_c, code_compiler, 128k.h::SetRAMBank::0::11:2
keepGoing                       = $7BF4 ; addr, local, , ss_c, code_compiler, 128k.h::SetRAMBank::0::11:2
depack                          = $7C62 ; addr, local, , ss_c, code_compiler, aplib.h::wyz_stop_sound::0::17:2
apbranch1                       = $7C65 ; addr, local, , ss_c, code_compiler, aplib.h::wyz_stop_sound::0::17:2
aploop0                         = $7C67 ; addr, local, , ss_c, code_compiler, aplib.h::wyz_stop_sound::0::17:2
ap_getbit                       = $7CE9 ; addr, local, , ss_c, code_compiler, aplib.h::wyz_stop_sound::0::17:2
aploop                          = $7C6A ; addr, local, , ss_c, code_compiler, aplib.h::wyz_stop_sound::0::17:2
apbranch2                       = $7CA8 ; addr, local, , ss_c, code_compiler, aplib.h::wyz_stop_sound::0::17:2
apbranch3                       = $7C94 ; addr, local, , ss_c, code_compiler, aplib.h::wyz_stop_sound::0::17:2
apget4bits                      = $7C7D ; addr, local, , ss_c, code_compiler, aplib.h::wyz_stop_sound::0::17:2
apbranch4                       = $7C8B ; addr, local, , ss_c, code_compiler, aplib.h::wyz_stop_sound::0::17:2
apwritebyte                     = $7C87 ; addr, local, , ss_c, code_compiler, aplib.h::wyz_stop_sound::0::17:2
ap_finishup2                    = $7CD6 ; addr, local, , ss_c, code_compiler, aplib.h::wyz_stop_sound::0::17:2
ap_getgamma                     = $7CF5 ; addr, local, , ss_c, code_compiler, aplib.h::wyz_stop_sound::0::17:2
ap_r0_gamma                     = $7CDD ; addr, local, , ss_c, code_compiler, aplib.h::wyz_stop_sound::0::17:2
apskip2                         = $7CC7 ; addr, local, , ss_c, code_compiler, aplib.h::wyz_stop_sound::0::17:2
apskip3                         = $7CD0 ; addr, local, , ss_c, code_compiler, aplib.h::wyz_stop_sound::0::17:2
ap_finishup                     = $7CD3 ; addr, local, , ss_c, code_compiler, aplib.h::wyz_stop_sound::0::17:2
ap_getgammaloop                 = $7CF8 ; addr, local, , ss_c, code_compiler, aplib.h::wyz_stop_sound::0::17:2
i_22                            = $7D09 ; addr, local, , ss_c, code_compiler, aplib.h::blackout_everything::0::17:126
i_23                            = $7D1F ; addr, local, , ss_c, code_compiler, aplib.h::blackout_everything::0::17:126
_ram_page                       = $5B05 ; const, local, , ss_c, code_compiler, ss.c::main::0::150:59
_ram_address                    = $5B01 ; const, local, , ss_c, code_compiler, ss.c::main::0::150:59
_ram_destination                = $5B03 ; const, local, , ss_c, code_compiler, ss.c::main::0::150:59
i_1                             = $C7F4 ; addr, local, , ss_c, rodata_compiler, ss.c::main::0::150:59
i_27                            = $7DC1 ; addr, local, , ss_c, code_compiler, menu.h::start_game_from::0::20:53
i_29                            = $7E75 ; addr, local, , ss_c, code_compiler, menu.h::start_game_from::0::20:53
i_32                            = $7E4D ; addr, local, , ss_c, code_compiler, menu.h::start_game_from::0::20:53
i_33                            = $7E50 ; addr, local, , ss_c, code_compiler, menu.h::start_game_from::0::20:53
i_34                            = $7EE6 ; addr, local, , ss_c, code_compiler, menu.h::start_game_from::0::20:53
i_35                            = $7DC1 ; addr, local, , ss_c, code_compiler, menu.h::start_game_from::0::20:53
i_36                            = $7EA3 ; addr, local, , ss_c, code_compiler, menu.h::start_game_from::0::20:53
i_37                            = $7EAB ; addr, local, , ss_c, code_compiler, menu.h::start_game_from::0::20:53
i_28                            = $7EE6 ; addr, local, , ss_c, code_compiler, menu.h::start_game_from::0::20:53
i_38                            = $7DC1 ; addr, local, , ss_c, code_compiler, menu.h::start_game_from::0::20:53
i_39                            = $7F2B ; addr, local, , ss_c, code_compiler, menu.h::get_password::0::26:99
i_42                            = $7FA9 ; addr, local, , ss_c, code_compiler, menu.h::get_password::0::26:99
i_41                            = $7FA9 ; addr, local, , ss_c, code_compiler, menu.h::get_password::0::26:99
i_43_i_42                       = $7F69 ; addr, local, , ss_c, code_compiler, menu.h::get_password::0::26:99
i_40                            = $8025 ; addr, local, , ss_c, code_compiler, menu.h::get_password::0::26:99
i_44                            = $7FB4 ; addr, local, , ss_c, code_compiler, menu.h::get_password::0::26:99
i_45                            = $7FD2 ; addr, local, , ss_c, code_compiler, menu.h::get_password::0::26:99
i_47                            = $7F2B ; addr, local, , ss_c, code_compiler, menu.h::get_password::0::26:99
i_46                            = $7F2B ; addr, local, , ss_c, code_compiler, menu.h::get_password::0::26:99
i_48_i_47                       = $7FF1 ; addr, local, , ss_c, code_compiler, menu.h::get_password::0::26:99
i_49                            = $80B8 ; addr, local, , ss_c, code_compiler, menu.h::get_password::0::26:99
i_52                            = $8046 ; addr, local, , ss_c, code_compiler, menu.h::get_password::0::26:99
i_50                            = $8041 ; addr, local, , ss_c, code_compiler, menu.h::get_password::0::26:99
i_51                            = $80B8 ; addr, local, , ss_c, code_compiler, menu.h::get_password::0::26:99
i_55                            = $806C ; addr, local, , ss_c, code_compiler, menu.h::get_password::0::26:99
i_53                            = $8067 ; addr, local, , ss_c, code_compiler, menu.h::get_password::0::26:99
i_54                            = $80A1 ; addr, local, , ss_c, code_compiler, menu.h::get_password::0::26:99
i_56                            = $8067 ; addr, local, , ss_c, code_compiler, menu.h::get_password::0::26:99
i_57                            = $8041 ; addr, local, , ss_c, code_compiler, menu.h::get_password::0::26:99
i_58                            = $80C3 ; addr, local, , ss_c, code_compiler, menu.h::menu::0::36:155
i_60                            = $80C3 ; addr, local, , ss_c, code_compiler, menu.h::menu::0::36:155
i_61                            = $80CB ; addr, local, , ss_c, code_compiler, menu.h::menu::0::36:155
i_62                            = $80ED ; addr, local, , ss_c, code_compiler, menu.h::menu::0::36:155
i_63                            = $8149 ; addr, local, , ss_c, code_compiler, menu.h::menu::0::36:155
i_65                            = $8166 ; addr, local, , ss_c, code_compiler, menu.h::menu::0::36:155
i_64                            = $80C3 ; addr, local, , ss_c, code_compiler, menu.h::menu::0::36:155
i_67                            = $8183 ; addr, local, , ss_c, code_compiler, menu.h::menu::0::36:155
i_69                            = $8149 ; addr, local, , ss_c, code_compiler, menu.h::menu::0::36:155
i_70                            = $8190 ; addr, local, , ss_c, code_compiler, menu.h::menu::0::36:155
i_71                            = $8198 ; addr, local, , ss_c, code_compiler, menu.h::menu::0::36:155
i_72                            = $8198 ; addr, local, , ss_c, code_compiler, menu.h::menu::0::36:155
i_74                            = $81F3 ; addr, local, , ss_c, code_compiler, menu.h::menu::0::36:155
i_73                            = $80C3 ; addr, local, , ss_c, code_compiler, menu.h::menu::0::36:155
i_76                            = $8209 ; addr, local, , ss_c, code_compiler, menu.h::menu::0::36:155
i_78                            = $8198 ; addr, local, , ss_c, code_compiler, menu.h::menu::0::36:155
i_77                            = $8198 ; addr, local, , ss_c, code_compiler, menu.h::menu::0::36:155
i_75                            = $8198 ; addr, local, , ss_c, code_compiler, menu.h::menu::0::36:155
i_68                            = $8149 ; addr, local, , ss_c, code_compiler, menu.h::menu::0::36:155
i_66                            = $8149 ; addr, local, , ss_c, code_compiler, menu.h::menu::0::36:155
i_59                            = $8225 ; addr, local, , ss_c, code_compiler, menu.h::menu::0::36:155
_ovl_halo                       = $8FC6 ; addr, local, , ss_c, code_compiler, overlay.h::menu::0::47:7
_ovl_buff                       = $9008 ; addr, local, , ss_c, code_compiler, overlay.h::menu::0::47:7
_ovl_draw_scr                   = $93E9 ; addr, local, , ss_c, code_compiler, overlay.h::draw_buff::0::50:102
_ovl_del                        = $94B7 ; addr, local, , ss_c, code_compiler, overlay.h::draw_buff::0::50:102
_ovl_draw_buff                  = $939A ; addr, local, , ss_c, code_compiler, overlay.h::draw_buff::0::49:45
_ovldbl                         = $93A2 ; addr, local, , ss_c, code_compiler, overlay.h::draw_buff::0::49:45
i_84                            = $A711 ; addr, local, , ss_c, code_compiler, levelstruct.h::render_screen::0::54:184
i_82                            = $A70C ; addr, local, , ss_c, code_compiler, levelstruct.h::render_screen::0::54:184
i_83                            = $A7B0 ; addr, local, , ss_c, code_compiler, levelstruct.h::render_screen::0::54:184
_map_buffer                     = $F101 ; const, local, , ss_c, code_compiler, ss.c::main::0::150:59
i_86                            = $A73C ; addr, local, , ss_c, code_compiler, levelstruct.h::render_screen::0::54:184
i_85                            = $A778 ; addr, local, , ss_c, code_compiler, levelstruct.h::render_screen::0::54:184
i_88                            = $A70C ; addr, local, , ss_c, code_compiler, levelstruct.h::render_screen::0::54:184
i_91                            = $A7CF ; addr, local, , ss_c, code_compiler, levelstruct.h::render_screen::0::54:184
i_89                            = $A7CA ; addr, local, , ss_c, code_compiler, levelstruct.h::render_screen::0::54:184
i_90                            = $A839 ; addr, local, , ss_c, code_compiler, levelstruct.h::render_screen::0::54:184
i_92                            = $A7CA ; addr, local, , ss_c, code_compiler, levelstruct.h::render_screen::0::54:184
i_94                            = $A945 ; addr, local, , ss_c, code_compiler, levelstruct.h::render_screen::0::54:184
i_93                            = $A945 ; addr, local, , ss_c, code_compiler, levelstruct.h::render_screen::0::54:184
i_95_i_94                       = $A870 ; addr, local, , ss_c, code_compiler, levelstruct.h::render_screen::0::54:184
i_97                            = $A977 ; addr, local, , ss_c, code_compiler, engine.h::espera_activa::0::62:39
i_98                            = $A9A3 ; addr, local, , ss_c, code_compiler, engine.h::espera_activa::0::62:39
i_100                           = $A999 ; addr, local, , ss_c, code_compiler, engine.h::espera_activa::0::62:39
i_99                            = $A999 ; addr, local, , ss_c, code_compiler, engine.h::espera_activa::0::62:39
i_101_i_100                     = $A9A3 ; addr, local, , ss_c, code_compiler, engine.h::espera_activa::0::62:39
i_103                           = $ABAB ; addr, local, , ss_c, code_compiler, engine.h::move::0::68:157
i_104                           = $AB41 ; addr, local, , ss_c, code_compiler, engine.h::move::0::68:157
i_105                           = $AB44 ; addr, local, , ss_c, code_compiler, engine.h::move::0::68:157
i_106                           = $AB72 ; addr, local, , ss_c, code_compiler, engine.h::move::0::68:157
i_107                           = $AB75 ; addr, local, , ss_c, code_compiler, engine.h::move::0::68:157
i_108                           = $ABCD ; addr, local, , ss_c, code_compiler, engine.h::move::0::68:157
i_102                           = $ABCD ; addr, local, , ss_c, code_compiler, engine.h::move::0::68:157
i_110_i_108                     = $ABAB ; addr, local, , ss_c, code_compiler, engine.h::move::0::68:157
i_112                           = $ABCD ; addr, local, , ss_c, code_compiler, engine.h::move::0::68:157
i_111                           = $ABCD ; addr, local, , ss_c, code_compiler, engine.h::move::0::68:157
i_113_i_112                     = $ABBC ; addr, local, , ss_c, code_compiler, engine.h::move::0::68:157
i_114                           = $AF73 ; addr, local, , ss_c, code_compiler, engine.h::move::0::68:157
i_116                           = $ABE8 ; addr, local, , ss_c, code_compiler, engine.h::move::0::68:157
i_115                           = $ABE8 ; addr, local, , ss_c, code_compiler, engine.h::move::0::68:157
i_117_i_116                     = $ABE4 ; addr, local, , ss_c, code_compiler, engine.h::move::0::68:157
i_118                           = $AC62 ; addr, local, , ss_c, code_compiler, engine.h::move::0::68:157
i_120                           = $AC5B ; addr, local, , ss_c, code_compiler, engine.h::move::0::68:157
i_121                           = $AC62 ; addr, local, , ss_c, code_compiler, engine.h::move::0::68:157
i_122                           = $AC62 ; addr, local, , ss_c, code_compiler, engine.h::move::0::68:157
i_123                           = $AC5B ; addr, local, , ss_c, code_compiler, engine.h::move::0::68:157
i_124                           = $AC62 ; addr, local, , ss_c, code_compiler, engine.h::move::0::68:157
i_126_i_124                     = $AC5B ; addr, local, , ss_c, code_compiler, engine.h::move::0::68:157
i_127_i_122                     = $AC5B ; addr, local, , ss_c, code_compiler, engine.h::move::0::68:157
i_119                           = $AC62 ; addr, local, , ss_c, code_compiler, engine.h::move::0::68:157
i_129_i_121                     = $AC5B ; addr, local, , ss_c, code_compiler, engine.h::move::0::68:157
i_131                           = $AC7F ; addr, local, , ss_c, code_compiler, engine.h::move::0::68:157
i_130                           = $AC7F ; addr, local, , ss_c, code_compiler, engine.h::move::0::68:157
i_132_i_131                     = $AC79 ; addr, local, , ss_c, code_compiler, engine.h::move::0::68:157
i_133                           = $AF51 ; addr, local, , ss_c, code_compiler, engine.h::move::0::68:157
i_134                           = $AD13 ; addr, local, , ss_c, code_compiler, engine.h::move::0::68:157
i_135                           = $ACAA ; addr, local, , ss_c, code_compiler, engine.h::move::0::68:157
i_136                           = $AD13 ; addr, local, , ss_c, code_compiler, engine.h::move::0::68:157
i_138                           = $ACE7 ; addr, local, , ss_c, code_compiler, engine.h::move::0::68:157
i_139                           = $AD13 ; addr, local, , ss_c, code_compiler, engine.h::move::0::68:157
i_137                           = $AD13 ; addr, local, , ss_c, code_compiler, engine.h::move::0::68:157
i_141_i_139                     = $ACE7 ; addr, local, , ss_c, code_compiler, engine.h::move::0::68:157
i_142                           = $AD93 ; addr, local, , ss_c, code_compiler, engine.h::move::0::68:157
i_143                           = $AD31 ; addr, local, , ss_c, code_compiler, engine.h::move::0::68:157
i_144                           = $AD93 ; addr, local, , ss_c, code_compiler, engine.h::move::0::68:157
i_146                           = $AD67 ; addr, local, , ss_c, code_compiler, engine.h::move::0::68:157
i_147                           = $AD93 ; addr, local, , ss_c, code_compiler, engine.h::move::0::68:157
i_145                           = $AD93 ; addr, local, , ss_c, code_compiler, engine.h::move::0::68:157
i_149_i_147                     = $AD67 ; addr, local, , ss_c, code_compiler, engine.h::move::0::68:157
i_150                           = $AE18 ; addr, local, , ss_c, code_compiler, engine.h::move::0::68:157
i_151                           = $ADD8 ; addr, local, , ss_c, code_compiler, engine.h::move::0::68:157
i_152                           = $AE18 ; addr, local, , ss_c, code_compiler, engine.h::move::0::68:157
i_154                           = $B1DB ; addr, local, , ss_c, code_compiler, engine.h::move::0::68:157
i_153                           = $B1DB ; addr, local, , ss_c, code_compiler, engine.h::move::0::68:157
i_155_i_154                     = $AE26 ; addr, local, , ss_c, code_compiler, engine.h::move::0::68:157
i_157                           = $AEBB ; addr, local, , ss_c, code_compiler, engine.h::move::0::68:157
i_158                           = $AE6D ; addr, local, , ss_c, code_compiler, engine.h::move::0::68:157
i_159                           = $AEBB ; addr, local, , ss_c, code_compiler, engine.h::move::0::68:157
i_161_i_159                     = $AE6D ; addr, local, , ss_c, code_compiler, engine.h::move::0::68:157
i_162                           = $AEA3 ; addr, local, , ss_c, code_compiler, engine.h::move::0::68:157
i_163                           = $AEBB ; addr, local, , ss_c, code_compiler, engine.h::move::0::68:157
i_165_i_163                     = $AEA3 ; addr, local, , ss_c, code_compiler, engine.h::move::0::68:157
i_156                           = $AEBB ; addr, local, , ss_c, code_compiler, engine.h::move::0::68:157
i_166_i_157                     = $AEA3 ; addr, local, , ss_c, code_compiler, engine.h::move::0::68:157
i_167                           = $AEBB ; addr, local, , ss_c, code_compiler, engine.h::move::0::68:157
i_169                           = $B1DB ; addr, local, , ss_c, code_compiler, engine.h::move::0::68:157
i_170                           = $AF00 ; addr, local, , ss_c, code_compiler, engine.h::move::0::68:157
i_171                           = $B1DB ; addr, local, , ss_c, code_compiler, engine.h::move::0::68:157
i_173_i_171                     = $AF00 ; addr, local, , ss_c, code_compiler, engine.h::move::0::68:157
i_174                           = $AF36 ; addr, local, , ss_c, code_compiler, engine.h::move::0::68:157
i_175                           = $B1DB ; addr, local, , ss_c, code_compiler, engine.h::move::0::68:157
i_177_i_175                     = $AF36 ; addr, local, , ss_c, code_compiler, engine.h::move::0::68:157
i_168                           = $B1DB ; addr, local, , ss_c, code_compiler, engine.h::move::0::68:157
i_178_i_169                     = $AF36 ; addr, local, , ss_c, code_compiler, engine.h::move::0::68:157
i_179                           = $B1DB ; addr, local, , ss_c, code_compiler, engine.h::move::0::68:157
i_180                           = $B1DB ; addr, local, , ss_c, code_compiler, engine.h::move::0::68:157
i_181                           = $B1DB ; addr, local, , ss_c, code_compiler, engine.h::move::0::68:157
i_182                           = $B00B ; addr, local, , ss_c, code_compiler, engine.h::move::0::68:157
i_183                           = $B0A3 ; addr, local, , ss_c, code_compiler, engine.h::move::0::68:157
i_185                           = $AFF3 ; addr, local, , ss_c, code_compiler, engine.h::move::0::68:157
i_186                           = $B0A3 ; addr, local, , ss_c, code_compiler, engine.h::move::0::68:157
i_187                           = $B0A3 ; addr, local, , ss_c, code_compiler, engine.h::move::0::68:157
i_188                           = $AFF3 ; addr, local, , ss_c, code_compiler, engine.h::move::0::68:157
i_189                           = $B0A3 ; addr, local, , ss_c, code_compiler, engine.h::move::0::68:157
i_191_i_189                     = $AFF3 ; addr, local, , ss_c, code_compiler, engine.h::move::0::68:157
i_192_i_187                     = $AFF3 ; addr, local, , ss_c, code_compiler, engine.h::move::0::68:157
i_184                           = $B0A3 ; addr, local, , ss_c, code_compiler, engine.h::move::0::68:157
i_194_i_186                     = $AFF3 ; addr, local, , ss_c, code_compiler, engine.h::move::0::68:157
i_195                           = $B0A3 ; addr, local, , ss_c, code_compiler, engine.h::move::0::68:157
i_196                           = $B02C ; addr, local, , ss_c, code_compiler, engine.h::move::0::68:157
i_197                           = $B0A3 ; addr, local, , ss_c, code_compiler, engine.h::move::0::68:157
i_199                           = $B099 ; addr, local, , ss_c, code_compiler, engine.h::move::0::68:157
i_200                           = $B099 ; addr, local, , ss_c, code_compiler, engine.h::move::0::68:157
i_201                           = $B084 ; addr, local, , ss_c, code_compiler, engine.h::move::0::68:157
i_202                           = $B099 ; addr, local, , ss_c, code_compiler, engine.h::move::0::68:157
i_204_i_202                     = $B084 ; addr, local, , ss_c, code_compiler, engine.h::move::0::68:157
i_205_i_200                     = $B084 ; addr, local, , ss_c, code_compiler, engine.h::move::0::68:157
i_198                           = $B099 ; addr, local, , ss_c, code_compiler, engine.h::move::0::68:157
i_206_i_199                     = $B084 ; addr, local, , ss_c, code_compiler, engine.h::move::0::68:157
i_207                           = $B0A3 ; addr, local, , ss_c, code_compiler, engine.h::move::0::68:157
i_208                           = $B1DB ; addr, local, , ss_c, code_compiler, engine.h::move::0::68:157
i_209                           = $B149 ; addr, local, , ss_c, code_compiler, engine.h::move::0::68:157
i_211                           = $B131 ; addr, local, , ss_c, code_compiler, engine.h::move::0::68:157
i_212                           = $B1C4 ; addr, local, , ss_c, code_compiler, engine.h::move::0::68:157
i_213                           = $B1C4 ; addr, local, , ss_c, code_compiler, engine.h::move::0::68:157
i_214                           = $B131 ; addr, local, , ss_c, code_compiler, engine.h::move::0::68:157
i_215                           = $B1C4 ; addr, local, , ss_c, code_compiler, engine.h::move::0::68:157
i_217_i_215                     = $B131 ; addr, local, , ss_c, code_compiler, engine.h::move::0::68:157
i_218_i_213                     = $B131 ; addr, local, , ss_c, code_compiler, engine.h::move::0::68:157
i_210                           = $B1C4 ; addr, local, , ss_c, code_compiler, engine.h::move::0::68:157
i_220_i_212                     = $B131 ; addr, local, , ss_c, code_compiler, engine.h::move::0::68:157
i_221                           = $B1C4 ; addr, local, , ss_c, code_compiler, engine.h::move::0::68:157
i_223                           = $B1B0 ; addr, local, , ss_c, code_compiler, engine.h::move::0::68:157
i_224                           = $B1C4 ; addr, local, , ss_c, code_compiler, engine.h::move::0::68:157
i_225                           = $B1C4 ; addr, local, , ss_c, code_compiler, engine.h::move::0::68:157
i_226                           = $B1B0 ; addr, local, , ss_c, code_compiler, engine.h::move::0::68:157
i_227                           = $B1C4 ; addr, local, , ss_c, code_compiler, engine.h::move::0::68:157
i_229_i_227                     = $B1B0 ; addr, local, , ss_c, code_compiler, engine.h::move::0::68:157
i_230_i_225                     = $B1B0 ; addr, local, , ss_c, code_compiler, engine.h::move::0::68:157
i_222                           = $B1C4 ; addr, local, , ss_c, code_compiler, engine.h::move::0::68:157
i_232_i_224                     = $B1B0 ; addr, local, , ss_c, code_compiler, engine.h::move::0::68:157
i_233                           = $B1DB ; addr, local, , ss_c, code_compiler, engine.h::move::0::68:157
i_235                           = $B1E9 ; addr, local, , ss_c, code_compiler, engine.h::move::0::68:157
i_234                           = $B202 ; addr, local, , ss_c, code_compiler, engine.h::move::0::68:157
i_237                           = $B1F9 ; addr, local, , ss_c, code_compiler, engine.h::move::0::68:157
i_238                           = $B26A ; addr, local, , ss_c, code_compiler, engine.h::move::0::68:157
i_239                           = $B26A ; addr, local, , ss_c, code_compiler, engine.h::move::0::68:157
i_240                           = $B23B ; addr, local, , ss_c, code_compiler, engine.h::move::0::68:157
i_242                           = $B218 ; addr, local, , ss_c, code_compiler, engine.h::move::0::68:157
i_241                           = $B221 ; addr, local, , ss_c, code_compiler, engine.h::move::0::68:157
i_244                           = $B26A ; addr, local, , ss_c, code_compiler, engine.h::move::0::68:157
i_245                           = $B232 ; addr, local, , ss_c, code_compiler, engine.h::move::0::68:157
i_246                           = $B26A ; addr, local, , ss_c, code_compiler, engine.h::move::0::68:157
i_247                           = $B26A ; addr, local, , ss_c, code_compiler, engine.h::move::0::68:157
i_249                           = $B24A ; addr, local, , ss_c, code_compiler, engine.h::move::0::68:157
i_248                           = $B253 ; addr, local, , ss_c, code_compiler, engine.h::move::0::68:157
i_251                           = $B26A ; addr, local, , ss_c, code_compiler, engine.h::move::0::68:157
i_252                           = $B264 ; addr, local, , ss_c, code_compiler, engine.h::move::0::68:157
i_253                           = $B26A ; addr, local, , ss_c, code_compiler, engine.h::move::0::68:157
i_256                           = $B2A9 ; addr, local, , ss_c, code_compiler, engine.h::move_enemies::0::118:417
i_254                           = $B2A4 ; addr, local, , ss_c, code_compiler, engine.h::move_enemies::0::118:417
i_255                           = $B54D ; addr, local, , ss_c, code_compiler, engine.h::move_enemies::0::118:417
i_257                           = $B2A4 ; addr, local, , ss_c, code_compiler, engine.h::move_enemies::0::118:417
i_258                           = $B398 ; addr, local, , ss_c, code_compiler, engine.h::move_enemies::0::118:417
i_259                           = $B398 ; addr, local, , ss_c, code_compiler, engine.h::move_enemies::0::118:417
i_261                           = $B3E2 ; addr, local, , ss_c, code_compiler, engine.h::move_enemies::0::118:417
i_260                           = $B412 ; addr, local, , ss_c, code_compiler, engine.h::move_enemies::0::118:417
i_264                           = $B45C ; addr, local, , ss_c, code_compiler, engine.h::move_enemies::0::118:417
i_263                           = $B48C ; addr, local, , ss_c, code_compiler, engine.h::move_enemies::0::118:417
i_266                           = $B2A4 ; addr, local, , ss_c, code_compiler, engine.h::move_enemies::0::118:417
i_267                           = $B505 ; addr, local, , ss_c, code_compiler, engine.h::move_enemies::0::118:417
i_268                           = $B508 ; addr, local, , ss_c, code_compiler, engine.h::move_enemies::0::118:417
init_hotspots_loop              = $B558 ; addr, local, , ss_c, code_compiler, engine.h::init_hotspots::0::124:454
i_271                           = $B579 ; addr, local, , ss_c, code_compiler, engine.h::muerte::0::125:472
i_269                           = $B574 ; addr, local, , ss_c, code_compiler, engine.h::muerte::0::125:472
i_270                           = $B61C ; addr, local, , ss_c, code_compiler, engine.h::muerte::0::125:472
i_272                           = $B58C ; addr, local, , ss_c, code_compiler, engine.h::muerte::0::125:472
i_273                           = $B5AC ; addr, local, , ss_c, code_compiler, engine.h::muerte::0::125:472
i_274                           = $B5B3 ; addr, local, , ss_c, code_compiler, engine.h::muerte::0::125:472
mb1                             = $B5C6 ; addr, local, , ss_c, code_compiler, engine.h::muerte::0::125:472
i_275                           = $B574 ; addr, local, , ss_c, code_compiler, engine.h::muerte::0::125:472
rand16                          = $B61D ; addr, local, , ss_c, code_compiler, engine.h::rand::0::127:540
nextrand                        = $B639 ; addr, local, , ss_c, code_compiler, engine.h::rand::0::127:540
i_276                           = $B6E1 ; addr, local, , ss_c, code_compiler, engine.h::game::0::128:584
i_278                           = $B6F4 ; addr, local, , ss_c, code_compiler, engine.h::game::0::128:584
i_279                           = $B6F7 ; addr, local, , ss_c, code_compiler, engine.h::game::0::128:584
i_277                           = $BBFC ; addr, local, , ss_c, code_compiler, engine.h::game::0::128:584
i_280                           = $B770 ; addr, local, , ss_c, code_compiler, engine.h::game::0::128:584
i_281                           = $B780 ; addr, local, , ss_c, code_compiler, engine.h::game::0::128:584
i_282                           = $B790 ; addr, local, , ss_c, code_compiler, engine.h::game::0::128:584
i_283                           = $B83E ; addr, local, , ss_c, code_compiler, engine.h::game::0::128:584
i_285                           = $B816 ; addr, local, , ss_c, code_compiler, engine.h::game::0::128:584
i_286                           = $B7EA ; addr, local, , ss_c, code_compiler, engine.h::game::0::128:584
i_287                           = $B7ED ; addr, local, , ss_c, code_compiler, engine.h::game::0::128:584
i_288                           = $B8B3 ; addr, local, , ss_c, code_compiler, engine.h::game::0::128:584
i_291                           = $B8B3 ; addr, local, , ss_c, code_compiler, engine.h::game::0::128:584
i_290_i_288                     = $B816 ; addr, local, , ss_c, code_compiler, engine.h::game::0::128:584
i_284                           = $B8B3 ; addr, local, , ss_c, code_compiler, engine.h::game::0::128:584
i_292_i_291                     = $B820 ; addr, local, , ss_c, code_compiler, engine.h::game::0::128:584
i_293                           = $B8B3 ; addr, local, , ss_c, code_compiler, engine.h::game::0::128:584
i_294                           = $B8B3 ; addr, local, , ss_c, code_compiler, engine.h::game::0::128:584
i_296                           = $B891 ; addr, local, , ss_c, code_compiler, engine.h::game::0::128:584
i_297                           = $B865 ; addr, local, , ss_c, code_compiler, engine.h::game::0::128:584
i_298                           = $B868 ; addr, local, , ss_c, code_compiler, engine.h::game::0::128:584
i_299                           = $B8B3 ; addr, local, , ss_c, code_compiler, engine.h::game::0::128:584
i_302                           = $B8B3 ; addr, local, , ss_c, code_compiler, engine.h::game::0::128:584
i_301_i_299                     = $B891 ; addr, local, , ss_c, code_compiler, engine.h::game::0::128:584
i_295                           = $B8B3 ; addr, local, , ss_c, code_compiler, engine.h::game::0::128:584
i_303_i_302                     = $B899 ; addr, local, , ss_c, code_compiler, engine.h::game::0::128:584
i_304                           = $B8F7 ; addr, local, , ss_c, code_compiler, engine.h::game::0::128:584
i_306                           = $B931 ; addr, local, , ss_c, code_compiler, engine.h::game::0::128:584
i_305                           = $B931 ; addr, local, , ss_c, code_compiler, engine.h::game::0::128:584
i_307_i_306                     = $B8D4 ; addr, local, , ss_c, code_compiler, engine.h::game::0::128:584
i_308                           = $B931 ; addr, local, , ss_c, code_compiler, engine.h::game::0::128:584
i_309                           = $B931 ; addr, local, , ss_c, code_compiler, engine.h::game::0::128:584
i_311                           = $B90F ; addr, local, , ss_c, code_compiler, engine.h::game::0::128:584
i_313                           = $B931 ; addr, local, , ss_c, code_compiler, engine.h::game::0::128:584
i_310                           = $B931 ; addr, local, , ss_c, code_compiler, engine.h::game::0::128:584
i_314_i_313                     = $B917 ; addr, local, , ss_c, code_compiler, engine.h::game::0::128:584
i_315                           = $BA00 ; addr, local, , ss_c, code_compiler, engine.h::game::0::128:584
i_316                           = $B9AE ; addr, local, , ss_c, code_compiler, engine.h::game::0::128:584
i_317                           = $B9ED ; addr, local, , ss_c, code_compiler, engine.h::game::0::128:584
i_318                           = $B9ED ; addr, local, , ss_c, code_compiler, engine.h::game::0::128:584
i_319                           = $B9D5 ; addr, local, , ss_c, code_compiler, engine.h::game::0::128:584
i_320                           = $B9DE ; addr, local, , ss_c, code_compiler, engine.h::game::0::128:584
i_321                           = $BA1E ; addr, local, , ss_c, code_compiler, engine.h::game::0::128:584
i_324                           = $BA6B ; addr, local, , ss_c, code_compiler, engine.h::game::0::128:584
i_322                           = $BA66 ; addr, local, , ss_c, code_compiler, engine.h::game::0::128:584
i_323                           = $BB33 ; addr, local, , ss_c, code_compiler, engine.h::game::0::128:584
i_325                           = $BAC9 ; addr, local, , ss_c, code_compiler, engine.h::game::0::128:584
i_326                           = $BAD0 ; addr, local, , ss_c, code_compiler, engine.h::game::0::128:584
i_327                           = $BB4F ; addr, local, , ss_c, code_compiler, engine.h::game::0::128:584
_attrs_byte                     = $5B08 ; const, local, , ss_c, code_compiler, ss.c::main::0::150:59
i_328                           = $BBB6 ; addr, local, , ss_c, code_compiler, engine.h::game::0::128:584
i_330                           = $BBC9 ; addr, local, , ss_c, code_compiler, engine.h::game::0::128:584
i_331                           = $BBCC ; addr, local, , ss_c, code_compiler, engine.h::game::0::128:584
i_329                           = $BBE6 ; addr, local, , ss_c, code_compiler, engine.h::game::0::128:584
i_332                           = $B6E1 ; addr, local, , ss_c, code_compiler, engine.h::game::0::128:584
load_tileset_loop               = $BC52 ; addr, local, , ss_c, code_compiler, ss.c::main::0::150:59
i_335                           = $BCA2 ; addr, local, , ss_c, code_compiler, ss.c::main::0::150:59
i_333                           = $BC9D ; addr, local, , ss_c, code_compiler, ss.c::main::0::150:59
i_334                           = $BD24 ; addr, local, , ss_c, code_compiler, ss.c::main::0::150:59
fix_sprites                     = $BD24 ; addr, local, , ss_c, code_compiler, ss.c::main::0::150:59
fix_sprites_rep1                = $BD31 ; addr, local, , ss_c, code_compiler, ss.c::main::0::150:59
ib1                             = $601C ; addr, local, , SPAddMemory, , blockmemoryalloc/SPAddMemory.asm:36
ib2                             = $6023 ; addr, local, , SPAddMemory, , blockmemoryalloc/SPAddMemory.asm:44
keyok                           = $BE6C ; addr, local, , sp_GetKey_c, code_compiler, sp_GetKey.c::sp_GetKey::0::0:15
DISP_HIRES                      = $0000 ; const, local, , SPCompDListAddr, , SPconfig.def:18
SProtatetbl                     = $F000 ; const, local, , SPCompDListAddr, , SPconfig.def:51
AYREG_128                       = $FFFD ; const, local, , SPCompDListAddr, , SPconfig.def:82
AYDAT_128                       = $BFFD ; const, local, , SPCompDListAddr, , SPconfig.def:83
DISP_HIRES                      = $0000 ; const, local, , SPCompDirtyAddr, , SPconfig.def:18
AYREG_128                       = $FFFD ; const, local, , SPCompDirtyAddr, , SPconfig.def:82
AYDAT_128                       = $BFFD ; const, local, , SPCompDirtyAddr, , SPconfig.def:83
DISP_HIRES                      = $0000 ; const, local, , SPDirtyChars, , SPconfig.def:18
DISP_TMXDUAL                    = $0000 ; const, local, , SPDirtyChars, , SPconfig.def:21
SP_ROWSTART                     = $0000 ; const, local, , SPDirtyChars, , SPconfig.def:30
SP_ROWEND                       = $0018 ; const, local, , SPDirtyChars, , SPconfig.def:31
AYREG_128                       = $FFFD ; const, local, , SPDirtyChars, , SPconfig.def:82
AYDAT_128                       = $BFFD ; const, local, , SPDirtyChars, , SPconfig.def:83
DISP_HIRES                      = $0000 ; const, local, , SPDisplayList, , SPconfig.def:18
SP_ROWSTART                     = $0000 ; const, local, , SPDisplayList, , SPconfig.def:30
SP_ROWEND                       = $0018 ; const, local, , SPDisplayList, , SPconfig.def:31
AYREG_128                       = $FFFD ; const, local, , SPDisplayList, , SPconfig.def:82
AYDAT_128                       = $BFFD ; const, local, , SPDisplayList, , SPconfig.def:83
DISP_HICOLOUR                   = $0000 ; const, local, , SPNullSprPtr, , SPconfig.def:15
AYREG_128                       = $FFFD ; const, local, , SPNullSprPtr, , SPconfig.def:82
AYDAT_128                       = $BFFD ; const, local, , SPNullSprPtr, , SPconfig.def:83
NUMQUEUES                       = $0001 ; const, local, , SPqueuetable, , SPconfig.def:73
AYREG_128                       = $FFFD ; const, local, , SPqueuetable, , SPconfig.def:82
AYDAT_128                       = $BFFD ; const, local, , SPqueuetable, , SPconfig.def:83
DISP_HICOLOUR                   = $0000 ; const, local, , SPTileArray, , SPconfig.def:15
AYREG_128                       = $FFFD ; const, local, , SPTileArray, , SPconfig.def:82
AYDAT_128                       = $BFFD ; const, local, , SPTileArray, , SPconfig.def:83
state                           = $6F06 ; addr, local, , SPGetKey, , input/SPGetKey.asm:30
count                           = $6F07 ; addr, local, , SPGetKey, , input/SPGetKey.asm:32
scanloop                        = $6F23 ; addr, local, , SPGetKey, , input/SPGetKey.asm:80
keyrowloop                      = $6F27 ; addr, local, , SPGetKey, , input/SPGetKey.asm:84
nopress                         = $6F37 ; addr, local, , SPGetKey, , input/SPGetKey.asm:95
toomanykeys                     = $6F88 ; addr, local, , SPGetKey, , input/SPGetKey.asm:154
nextscanrow                     = $6F3C ; addr, local, , SPGetKey, , input/SPGetKey.asm:100
nokeys                          = $6F88 ; addr, local, , SPGetKey, , input/SPGetKey.asm:155
atmaxcount                      = $6F4D ; addr, local, , SPGetKey, , input/SPGetKey.asm:112
skip                            = $6F64 ; addr, local, , SPGetKey, , input/SPGetKey.asm:126
nocaps                          = $6F7A ; addr, local, , SPGetKey, , input/SPGetKey.asm:141
nosym                           = $6F85 ; addr, local, , SPGetKey, , input/SPGetKey.asm:149
kemptbl                         = $703B ; addr, local, , SPJoyKempston, , input/SPJoyKempston.asm:27
nofire                          = $7068 ; addr, local, , SPJoyKeyboard, , input/SPJoyKeyboard.asm:36
jkloop                          = $7068 ; addr, local, , SPJoyKeyboard, , input/SPJoyKeyboard.asm:37
nopress                         = $7073 ; addr, local, , SPJoyKeyboard, , input/SPJoyKeyboard.asm:48
sinc1tbl                        = $7086 ; addr, local, , SPJoySinclair1, , input/SPJoySinclair1.asm:25
nocaps                          = $70B2 ; addr, local, , SPKeyPressed, , input/SPKeyPressed.asm:25
nosym                           = $70BE ; addr, local, , SPKeyPressed, , input/SPKeyPressed.asm:34
noinc                           = $70D0 ; addr, local, , SPtbllookup, , input/SPtbllookup.asm:17
GenericISR                      = $70DB ; addr, local, , SPCreateGenericISR, , interrupts/SPCreateGenericISR.asm:37
pushreg                         = $70E7 ; addr, local, , SPCreateGenericISR, , interrupts/SPCreateGenericISR.asm:44
position                        = $70DE ; addr, local, , SPCreateGenericISR, , interrupts/SPCreateGenericISR.asm:39
runhooks                        = $70F7 ; addr, local, , SPCreateGenericISR, , interrupts/SPCreateGenericISR.asm:61
popreg                          = $7109 ; addr, local, , SPCreateGenericISR, , interrupts/SPCreateGenericISR.asm:77
JPHL                            = $70F6 ; addr, local, , SPCreateGenericISR, , interrupts/SPCreateGenericISR.asm:58
IM2TABLE                        = $F000 ; const, local, , SPInitIM2, , SPconfig.def:62
EVENVECTORS                     = $0000 ; const, local, , SPInitIM2, , SPconfig.def:66
AYREG_128                       = $FFFD ; const, local, , SPInitIM2, , SPconfig.def:82
AYDAT_128                       = $BFFD ; const, local, , SPInitIM2, , SPconfig.def:83
IM2TABLE                        = $F000 ; const, local, , SPRegisterHookLast, , SPconfig.def:62
AYREG_128                       = $FFFD ; const, local, , SPRegisterHookLast, , SPconfig.def:82
AYDAT_128                       = $BFFD ; const, local, , SPRegisterHookLast, , SPconfig.def:83
loop                            = $713B ; addr, local, , SPRegisterHookLast, , interrupts/SPRegisterHookLast.asm:35
done                            = $7146 ; addr, local, , SPRegisterHookLast, , interrupts/SPRegisterHookLast.asm:45
DISP_HICOLOUR                   = $0000 ; const, local, , SPInitialize, , SPconfig.def:15
DISP_HIRES                      = $0000 ; const, local, , SPInitialize, , SPconfig.def:18
SP_ROWSTART                     = $0000 ; const, local, , SPInitialize, , SPconfig.def:30
SP_ROWEND                       = $0018 ; const, local, , SPInitialize, , SPconfig.def:31
SProtatetbl                     = $F000 ; const, local, , SPInitialize, , SPconfig.def:51
AYREG_128                       = $FFFD ; const, local, , SPInitialize, , SPconfig.def:82
AYDAT_128                       = $BFFD ; const, local, , SPInitialize, , SPconfig.def:83
rottbllp                        = $7175 ; addr, local, , SPInitialize, , miscellaneous/SPInitialize.asm:60
entrylp                         = $717C ; addr, local, , SPInitialize, , miscellaneous/SPInitialize.asm:66
rotlp                           = $717F ; addr, local, , SPInitialize, , miscellaneous/SPInitialize.asm:70
DISP_HICOLOUR                   = $0000 ; const, local, , SPAddColSpr, , SPconfig.def:15
COMPRESS                        = $0000 ; const, local, , SPAddColSpr, , SPconfig.def:44
AYREG_128                       = $FFFD ; const, local, , SPAddColSpr, , SPconfig.def:82
AYDAT_128                       = $BFFD ; const, local, , SPAddColSpr, , SPconfig.def:83
acnocry                         = $719E ; addr, local, , SPAddColSpr, , sprites/SPAddColSpr.asm:39
acloop                          = $71AF ; addr, local, , SPAddColSpr, , sprites/SPAddColSpr.asm:48
JPHL                            = $723A ; addr, local, , SPAddColSpr, , sprites/SPAddColSpr.asm:176
acfail                          = $7229 ; addr, local, , SPAddColSpr, , sprites/SPAddColSpr.asm:164
noinc1                          = $71EB ; addr, local, , SPAddColSpr, , sprites/SPAddColSpr.asm:95
acnocry3                        = $71FF ; addr, local, , SPAddColSpr, , sprites/SPAddColSpr.asm:131
DISP_HICOLOUR                   = $0000 ; const, local, , SPCreateSpr, , SPconfig.def:15
DISP_HIRES                      = $0000 ; const, local, , SPCreateSpr, , SPconfig.def:18
COMPRESS                        = $0000 ; const, local, , SPCreateSpr, , SPconfig.def:44
SProtatetbl                     = $F000 ; const, local, , SPCreateSpr, , SPconfig.def:51
AYREG_128                       = $FFFD ; const, local, , SPCreateSpr, , SPconfig.def:82
AYDAT_128                       = $BFFD ; const, local, , SPCreateSpr, , SPconfig.def:83
JPHL                            = $72DA ; addr, local, , SPCreateSpr, , sprites/SPCreateSpr.asm:205
csfail1                         = $72CF ; addr, local, , SPCreateSpr, , sprites/SPCreateSpr.asm:192
csfail2                         = $72D1 ; addr, local, , SPCreateSpr, , sprites/SPCreateSpr.asm:196
csenter                         = $729A ; addr, local, , SPCreateSpr, , sprites/SPCreateSpr.asm:115
csloop                          = $7286 ; addr, local, , SPCreateSpr, , sprites/SPCreateSpr.asm:100
notcompress                     = $72AC ; addr, local, , SPCreateSpr, , sprites/SPCreateSpr.asm:153
cont                            = $72B1 ; addr, local, , SPCreateSpr, , sprites/SPCreateSpr.asm:157
csnocry                         = $72C5 ; addr, local, , SPCreateSpr, , sprites/SPCreateSpr.asm:185
AYREG_128                       = $FFFD ; const, local, , SPDeleteSpr, , SPconfig.def:82
AYDAT_128                       = $BFFD ; const, local, , SPDeleteSpr, , SPconfig.def:83
loop                            = $72DF ; addr, local, , SPDeleteSpr, , sprites/SPDeleteSpr.asm:27
JPHL                            = $72F4 ; addr, local, , SPDeleteSpr, , sprites/SPDeleteSpr.asm:46
DISP_HICOLOUR                   = $0000 ; const, local, , SPMoveSprAbs, , SPconfig.def:15
DISP_HIRES                      = $0000 ; const, local, , SPMoveSprAbs, , SPconfig.def:18
SP_ROWSTART                     = $0000 ; const, local, , SPMoveSprAbs, , SPconfig.def:30
SP_ROWEND                       = $0018 ; const, local, , SPMoveSprAbs, , SPconfig.def:31
COMPRESS                        = $0000 ; const, local, , SPMoveSprAbs, , SPconfig.def:44
SProtatetbl                     = $F000 ; const, local, , SPMoveSprAbs, , SPconfig.def:51
USEPLANES                       = $0000 ; const, local, , SPMoveSprAbs, , SPconfig.def:56
AYREG_128                       = $FFFD ; const, local, , SPMoveSprAbs, , SPconfig.def:82
AYDAT_128                       = $BFFD ; const, local, , SPMoveSprAbs, , SPconfig.def:83
computedisp                     = $7427 ; addr, local, , SPMoveSprAbs, , sprites/SPMoveSprAbs.asm:307
adjloop                         = $7310 ; addr, local, , SPMoveSprAbs, , sprites/SPMoveSprAbs.asm:47
invalidate                      = $7418 ; addr, local, , SPMoveSprAbs, , sprites/SPMoveSprAbs.asm:299
adjustgraphics                  = $744A ; addr, local, , SPMoveSprAbs, , sprites/SPMoveSprAbs.asm:358
yinscreen                       = $7336 ; addr, local, , SPMoveSprAbs, , sprites/SPMoveSprAbs.asm:75
xinscreen                       = $7346 ; addr, local, , SPMoveSprAbs, , sprites/SPMoveSprAbs.asm:95
mvcolloop                       = $735D ; addr, local, , SPMoveSprAbs, , sprites/SPMoveSprAbs.asm:116
mvrowloop                       = $7363 ; addr, local, , SPMoveSprAbs, , sprites/SPMoveSprAbs.asm:120
notdone                         = $736D ; addr, local, , SPMoveSprAbs, , sprites/SPMoveSprAbs.asm:128
notinDList                      = $7399 ; addr, local, , SPMoveSprAbs, , sprites/SPMoveSprAbs.asm:175
noinc1                          = $7385 ; addr, local, , SPMoveSprAbs, , sprites/SPMoveSprAbs.asm:152
nonext1                         = $7399 ; addr, local, , SPMoveSprAbs, , sprites/SPMoveSprAbs.asm:174
notdisplayed                    = $73FD ; addr, local, , SPMoveSprAbs, , sprites/SPMoveSprAbs.asm:269
noinc2                          = $73BE ; addr, local, , SPMoveSprAbs, , sprites/SPMoveSprAbs.asm:200
pdloop                          = $73B6 ; addr, local, , SPMoveSprAbs, , sprites/SPMoveSprAbs.asm:193
puthere                         = $73C7 ; addr, local, , SPMoveSprAbs, , sprites/SPMoveSprAbs.asm:216
noinc3                          = $73D6 ; addr, local, , SPMoveSprAbs, , sprites/SPMoveSprAbs.asm:230
nodec1                          = $73E4 ; addr, local, , SPMoveSprAbs, , sprites/SPMoveSprAbs.asm:243
noinc4                          = $73F0 ; addr, local, , SPMoveSprAbs, , sprites/SPMoveSprAbs.asm:254
nonext2                         = $73FD ; addr, local, , SPMoveSprAbs, , sprites/SPMoveSprAbs.asm:268
notnegative                     = $7445 ; addr, local, , SPMoveSprAbs, , sprites/SPMoveSprAbs.asm:350
noinc5                          = $7456 ; addr, local, , SPMoveSprAbs, , sprites/SPMoveSprAbs.asm:369
skip1                           = $7466 ; addr, local, , SPMoveSprAbs, , sprites/SPMoveSprAbs.asm:388
skip2                           = $7476 ; addr, local, , SPMoveSprAbs, , sprites/SPMoveSprAbs.asm:407
DISP_HIRES                      = $0000 ; const, local, , SPInvalidate, , SPconfig.def:18
AYREG_128                       = $FFFD ; const, local, , SPInvalidate, , SPconfig.def:82
AYDAT_128                       = $BFFD ; const, local, , SPInvalidate, , SPconfig.def:83
noinc1                          = $749A ; addr, local, , SPInvalidate, , updater/SPInvalidate.asm:54
invcollp                        = $749E ; addr, local, , SPInvalidate, , updater/SPInvalidate.asm:60
invfullchar                     = $74B1 ; addr, local, , SPInvalidate, , updater/SPInvalidate.asm:78
noinc2                          = $74AD ; addr, local, , SPInvalidate, , updater/SPInvalidate.asm:72
invrowlp                        = $74B3 ; addr, local, , SPInvalidate, , updater/SPInvalidate.asm:82
noinc3                          = $74BE ; addr, local, , SPInvalidate, , updater/SPInvalidate.asm:96
tryotherway                     = $7521 ; addr, local, , SPIntRect, , miscellaneous/SPIntRect.asm:97
broken                          = $753E ; addr, local, , SPIntRect, , miscellaneous/SPIntRect.asm:131
DISP_SPECTRUM                   = $0001 ; const, local, , SPUpdateNow, , SPconfig.def:12
DISP_HICOLOUR                   = $0000 ; const, local, , SPUpdateNow, , SPconfig.def:15
DISP_HIRES                      = $0000 ; const, local, , SPUpdateNow, , SPconfig.def:18
DISP_TMXDUAL                    = $0000 ; const, local, , SPUpdateNow, , SPconfig.def:21
SP_ROWSTART                     = $0000 ; const, local, , SPUpdateNow, , SPconfig.def:30
SP_ROWEND                       = $0018 ; const, local, , SPUpdateNow, , SPconfig.def:31
NOFLICKER                       = $0001 ; const, local, , SPUpdateNow, , SPconfig.def:36
SCROLLER                        = $0000 ; const, local, , SPUpdateNow, , SPconfig.def:40
COMPRESS                        = $0000 ; const, local, , SPUpdateNow, , SPconfig.def:44
AYREG_128                       = $FFFD ; const, local, , SPUpdateNow, , SPconfig.def:82
AYDAT_128                       = $BFFD ; const, local, , SPUpdateNow, , SPconfig.def:83
FLASHASFG                       = $0000 ; const, local, , SPUpdateNow, , SPconfig.def:94
tempgraphic                     = $7545 ; addr, local, , SPUpdateNow, , updater/SPUpdateNow.asm:76
tempcolour                      = $754D ; addr, local, , SPUpdateNow, , updater/SPUpdateNow.asm:85
dosprites                       = $754F ; addr, local, , SPUpdateNow, , updater/SPUpdateNow.asm:92
dirtyloop                       = $755C ; addr, local, , SPUpdateNow, , updater/SPUpdateNow.asm:113
dirtyarea                       = $7582 ; addr, local, , SPUpdateNow, , updater/SPUpdateNow.asm:184
notacrossblk1                   = $756C ; addr, local, , SPUpdateNow, , updater/SPUpdateNow.asm:136
noinc1                          = $7574 ; addr, local, , SPUpdateNow, , updater/SPUpdateNow.asm:150
reenter                         = $7574 ; addr, local, , SPUpdateNow, , updater/SPUpdateNow.asm:151
drawchar                        = $75F2 ; addr, local, , SPUpdateNow, , updater/SPUpdateNow.asm:364
notacrossblk2                   = $75BC ; addr, local, , SPUpdateNow, , updater/SPUpdateNow.asm:257
tileonly                        = $75C3 ; addr, local, , SPUpdateNow, , updater/SPUpdateNow.asm:276
noinc11                         = $75CE ; addr, local, , SPUpdateNow, , updater/SPUpdateNow.asm:326
nomoresprites                   = $7784 ; addr, local, , SPUpdateNow, , updater/SPUpdateNow.asm:1276
notload                         = $7620 ; addr, local, , SPUpdateNow, , updater/SPUpdateNow.asm:495
loadtype                        = $77E3 ; addr, local, , SPUpdateNow, , updater/SPUpdateNow.asm:1458
noinc10                         = $762B ; addr, local, , SPUpdateNow, , updater/SPUpdateNow.asm:503
spriteloop                      = $7640 ; addr, local, , SPUpdateNow, , updater/SPUpdateNow.asm:554
dosprite                        = $7644 ; addr, local, , SPUpdateNow, , updater/SPUpdateNow.asm:569
skip_sprite_update              = $7756 ; addr, local, , SPUpdateNow, , updater/SPUpdateNow.asm:1179
xortype                         = $7870 ; addr, local, , SPUpdateNow, , updater/SPUpdateNow.asm:1867
ortype                          = $7928 ; addr, local, , SPUpdateNow, , updater/SPUpdateNow.asm:2216
masknorotate                    = $7798 ; addr, local, , SPUpdateNow, , updater/SPUpdateNow.asm:1316
coloursprite                    = $7755 ; addr, local, , SPUpdateNow, , updater/SPUpdateNow.asm:1177
clear                           = $7757 ; addr, local, , SPUpdateNow, , updater/SPUpdateNow.asm:1188
copybuffer                      = $7762 ; addr, local, , SPUpdateNow, , updater/SPUpdateNow.asm:1206
skipupdatecol                   = $7795 ; addr, local, , SPUpdateNow, , updater/SPUpdateNow.asm:1308
loadnorotate                    = $7851 ; addr, local, , SPUpdateNow, , updater/SPUpdateNow.asm:1710
xornorotate                     = $78F6 ; addr, local, , SPUpdateNow, , updater/SPUpdateNow.asm:2087
ornorotate                      = $79AE ; addr, local, , SPUpdateNow, , updater/SPUpdateNow.asm:2436
__CLIB_OPT_IMATH                = $0000 ; const, local, , l_divu_16_16x16, , ../config_private.inc:27
divide_zero                     = $CC73 ; addr, local, , l_small_divu_16_16x16, code_math, ../_DEVELOPMENT/math/integer/small/l_small_divu_16_16x16.asm:141
divisor_sixteen_bit             = $CC45 ; addr, local, , l_small_divu_16_16x16, code_math, ../_DEVELOPMENT/math/integer/small/l_small_divu_16_16x16.asm:50
loop_16_0                       = $CC4B ; addr, local, , l_small_divu_16_16x16, code_math, ../_DEVELOPMENT/math/integer/small/l_small_divu_16_16x16.asm:60
loop_16_1                       = $CC53 ; addr, local, , l_small_divu_16_16x16, code_math, ../_DEVELOPMENT/math/integer/small/l_small_divu_16_16x16.asm:69
loop_8_0                        = $CC65 ; addr, local, , l_small_divu_16_16x16, code_math, ../_DEVELOPMENT/math/integer/small/l_small_divu_16_16x16.asm:118
loop_8_2                        = $CC6C ; addr, local, , l_small_divu_16_16x16, code_math, ../_DEVELOPMENT/math/integer/small/l_small_divu_16_16x16.asm:127
loop_8_1                        = $CC6E ; addr, local, , l_small_divu_16_16x16, code_math, ../_DEVELOPMENT/math/integer/small/l_small_divu_16_16x16.asm:132
l_sxt                           = $CBEA ; addr, local, , l_gchar, code_crt0_sccz80, sccz80/crt0_z80/l_gchar.asm:12
__CLIB_OPT_IMATH                = $0000 ; const, local, , l_mulu_16_16x16, , ../config_private.inc:27
eight_bit_1                     = $CC86 ; addr, local, , l_small_mul_16_16x16, code_math, ../_DEVELOPMENT/math/integer/small/l_small_mul_16_16x16.asm:40
eight_bit_0                     = $CC85 ; addr, local, , l_small_mul_16_16x16, code_math, ../_DEVELOPMENT/math/integer/small/l_small_mul_16_16x16.asm:36
rejoin                          = $CC89 ; addr, local, , l_small_mul_16_16x16, code_math, ../_DEVELOPMENT/math/integer/small/l_small_mul_16_16x16.asm:57
loop_0                          = $CC8C ; addr, local, , l_small_mul_16_16x16, code_math, ../_DEVELOPMENT/math/integer/small/l_small_mul_16_16x16.asm:61
loop_1                          = $CC93 ; addr, local, , l_small_mul_16_16x16, code_math, ../_DEVELOPMENT/math/integer/small/l_small_mul_16_16x16.asm:75
_ncx                            = $5FC6 ; addr, public, , ss_c, , printer.h:11
_ncy                            = $5FC7 ; addr, public, , ss_c, , printer.h:11
_ncn                            = $5FC9 ; addr, public, , ss_c, , printer.h:11
_ncc                            = $5FC8 ; addr, public, , ss_c, , printer.h:11
_draw_char                      = $79E0 ; addr, public, , ss_c, code_compiler, printer.h::draw_char::0::0:32
_draw_fast                      = $7A2B ; addr, public, , ss_c, code_compiler, printer.h::draw_fast::0::1:100
_draw_char_by_char              = $7AAD ; addr, public, , ss_c, code_compiler, printer.h::draw_char_by_char::0::3:120
_any_key                        = $7B97 ; addr, public, , ss_c, code_compiler, printer.h::any_key::0::8:154
_fix_sprites                    = $7BA5 ; addr, public, , ss_c, code_compiler, printer.h::fix_sprites::0::9:168
_u_malloc                       = $BEDD ; addr, public, , ss_c, data_compiler, globals.h::my_malloc::0::11:16
_u_free                         = $BEDF ; addr, public, , ss_c, data_compiler, globals.h::my_malloc::0::11:17
_AD_FREE                        = $C8C6 ; addr, public, , ss_c, bss_compiler, ss.c::main::0::150:59
_joyfunc                        = $CB1E ; addr, public, , ss_c, bss_compiler, ss.c::main::0::150:59
_my_malloc                      = $7BCD ; addr, public, , ss_c, code_compiler, globals.h::my_malloc::0::10:15
_sp_player                      = $CB20 ; addr, public, , ss_c, bss_compiler, ss.c::main::0::150:59
_sp_moviles                     = $CB22 ; addr, public, , ss_c, bss_compiler, ss.c::main::0::150:59
_asm_number                     = $7BDE ; addr, public, , ss_c, code_compiler, globals.h::my_malloc::0::11:36
_asm_int                        = $7BDF ; addr, public, , ss_c, code_compiler, globals.h::my_malloc::0::11:36
_asm_int_2                      = $7BE1 ; addr, public, , ss_c, code_compiler, globals.h::my_malloc::0::11:36
_seed                           = $7BE3 ; addr, public, , ss_c, code_compiler, globals.h::my_malloc::0::11:36
_half_life                      = $CB28 ; addr, public, , ss_c, bss_compiler, ss.c::main::0::150:59
_enoffs                         = $CB29 ; addr, public, , ss_c, bss_compiler, ss.c::main::0::150:59
_gpit                           = $CB2A ; addr, public, , ss_c, bss_compiler, ss.c::main::0::150:59
_gpjt                           = $CB2B ; addr, public, , ss_c, bss_compiler, ss.c::main::0::150:59
_rda                            = $CB2C ; addr, public, , ss_c, bss_compiler, ss.c::main::0::150:59
_rdb                            = $CB2D ; addr, public, , ss_c, bss_compiler, ss.c::main::0::150:59
_rdc                            = $CB2E ; addr, public, , ss_c, bss_compiler, ss.c::main::0::150:59
_rdm                            = $CB2F ; addr, public, , ss_c, bss_compiler, ss.c::main::0::150:59
_rdx                            = $CB30 ; addr, public, , ss_c, bss_compiler, ss.c::main::0::150:59
_rdy                            = $CB31 ; addr, public, , ss_c, bss_compiler, ss.c::main::0::150:59
_rdt                            = $CB32 ; addr, public, , ss_c, bss_compiler, ss.c::main::0::150:59
__x                             = $CB33 ; addr, public, , ss_c, bss_compiler, ss.c::main::0::150:59
__y                             = $CB34 ; addr, public, , ss_c, bss_compiler, ss.c::main::0::150:59
__t                             = $CB35 ; addr, public, , ss_c, bss_compiler, ss.c::main::0::150:59
_denew                          = $CB36 ; addr, public, , ss_c, bss_compiler, ss.c::main::0::150:59
_gpint                          = $CB37 ; addr, public, , ss_c, bss_compiler, ss.c::main::0::150:59
_gen_pt                         = $CB39 ; addr, public, , ss_c, bss_compiler, ss.c::main::0::150:59
_map_pt                         = $CB3B ; addr, public, , ss_c, bss_compiler, ss.c::main::0::150:59
_x_pant                         = $CB3D ; addr, public, , ss_c, bss_compiler, ss.c::main::0::150:59
_y_pant                         = $CB3E ; addr, public, , ss_c, bss_compiler, ss.c::main::0::150:59
_n_pant                         = $CB3F ; addr, public, , ss_c, bss_compiler, ss.c::main::0::150:59
_map_pointer                    = $CB40 ; addr, public, , ss_c, bss_compiler, ss.c::main::0::150:59
_keys                           = $BEE1 ; addr, public, , ss_c, data_compiler, globals.h::my_malloc::0::11:59
_key_r                          = $BEEB ; addr, public, , ss_c, data_compiler, globals.h::my_malloc::0::11:67
_key_g                          = $BEED ; addr, public, , ss_c, data_compiler, globals.h::my_malloc::0::11:68
_key_z                          = $BEEF ; addr, public, , ss_c, data_compiler, globals.h::my_malloc::0::11:69
_key_1                          = $BEF1 ; addr, public, , ss_c, data_compiler, globals.h::my_malloc::0::11:71
_key_2                          = $BEF3 ; addr, public, , ss_c, data_compiler, globals.h::my_malloc::0::11:72
_key_3                          = $BEF5 ; addr, public, , ss_c, data_compiler, globals.h::my_malloc::0::11:73
_p_x                            = $CB42 ; addr, public, , ss_c, bss_compiler, ss.c::main::0::150:59
_p_y                            = $CB43 ; addr, public, , ss_c, bss_compiler, ss.c::main::0::150:59
_p_mx                           = $CB44 ; addr, public, , ss_c, bss_compiler, ss.c::main::0::150:59
_p_my                           = $CB45 ; addr, public, , ss_c, bss_compiler, ss.c::main::0::150:59
_p_sal                          = $CB46 ; addr, public, , ss_c, bss_compiler, ss.c::main::0::150:59
_p_nu                           = $CB47 ; addr, public, , ss_c, bss_compiler, ss.c::main::0::150:59
_p_frame                        = $CB48 ; addr, public, , ss_c, bss_compiler, ss.c::main::0::150:59
_p_facing                       = $CB49 ; addr, public, , ss_c, bss_compiler, ss.c::main::0::150:59
_p_life                         = $CB4A ; addr, public, , ss_c, bss_compiler, ss.c::main::0::150:59
_p_score                        = $CB4B ; addr, public, , ss_c, bss_compiler, ss.c::main::0::150:59
_p_kpress                       = $CB4C ; addr, public, , ss_c, bss_compiler, ss.c::main::0::150:59
_p_current_frame                = $CB4D ; addr, public, , ss_c, bss_compiler, ss.c::main::0::150:59
_p_next_frame                   = $CB4F ; addr, public, , ss_c, bss_compiler, ss.c::main::0::150:59
_prefalling                     = $CB51 ; addr, public, , ss_c, bss_compiler, ss.c::main::0::150:59
_falling                        = $CB52 ; addr, public, , ss_c, bss_compiler, ss.c::main::0::150:59
_fc                             = $CB53 ; addr, public, , ss_c, bss_compiler, ss.c::main::0::150:59
__en_x                          = $CB54 ; addr, public, , ss_c, bss_compiler, ss.c::main::0::150:59
__en_y                          = $CB55 ; addr, public, , ss_c, bss_compiler, ss.c::main::0::150:59
_enoffsmasi                     = $CB56 ; addr, public, , ss_c, bss_compiler, ss.c::main::0::150:59
_enit                           = $CB57 ; addr, public, , ss_c, bss_compiler, ss.c::main::0::150:59
_en_an_frame                    = $CB58 ; addr, public, , ss_c, bss_compiler, ss.c::main::0::150:59
_en_an_count                    = $CB5B ; addr, public, , ss_c, bss_compiler, ss.c::main::0::150:59
_en_an_base_cell                = $CB5E ; addr, public, , ss_c, bss_compiler, ss.c::main::0::150:59
_en_an_current_frame            = $CB61 ; addr, public, , ss_c, bss_compiler, ss.c::main::0::150:59
_en_an_next_frame               = $CB67 ; addr, public, , ss_c, bss_compiler, ss.c::main::0::150:59
_en_x                           = $CB6D ; addr, public, , ss_c, bss_compiler, ss.c::main::0::150:59
_en_y                           = $CB70 ; addr, public, , ss_c, bss_compiler, ss.c::main::0::150:59
_en_vx                          = $CB73 ; addr, public, , ss_c, bss_compiler, ss.c::main::0::150:59
_en_vy                          = $CB76 ; addr, public, , ss_c, bss_compiler, ss.c::main::0::150:59
_blobs_v                        = $CB79 ; addr, public, , ss_c, bss_compiler, ss.c::main::0::150:59
_blobs_x                        = $CB8D ; addr, public, , ss_c, bss_compiler, ss.c::main::0::150:59
_blobs_y                        = $CBA1 ; addr, public, , ss_c, bss_compiler, ss.c::main::0::150:59
_n_blobs                        = $CBB5 ; addr, public, , ss_c, bss_compiler, ss.c::main::0::150:59
_hotspot_x                      = $CBB6 ; addr, public, , ss_c, bss_compiler, ss.c::main::0::150:59
_hotspot_y                      = $CBB7 ; addr, public, , ss_c, bss_compiler, ss.c::main::0::150:59
_orig_tile                      = $CBB8 ; addr, public, , ss_c, bss_compiler, ss.c::main::0::150:59
_level_pointer                  = $A619 ; addr, public, , ss_c, code_compiler, levelstruct.h::draw_buff::0::50:52
_yOsc                           = $BEF7 ; addr, public, , ss_c, data_compiler, globals.h::my_malloc::0::11:109
_f_win                          = $CBB9 ; addr, public, , ss_c, bss_compiler, ss.c::main::0::150:59
_f_gameover                     = $CBBA ; addr, public, , ss_c, bss_compiler, ss.c::main::0::150:59
_isrc                           = $CBBB ; addr, public, , ss_c, bss_compiler, ss.c::main::0::150:59
_player_on                      = $CBBC ; addr, public, , ss_c, bss_compiler, ss.c::main::0::150:59
_song_playing                   = $CBBD ; addr, public, , ss_c, bss_compiler, ss.c::main::0::150:59
_resources                      = $BEF8 ; addr, public, , ss_c, data_compiler, librarian.h::my_malloc::0::11:12
_SetRAMBank                     = $7BE5 ; addr, public, , ss_c, code_compiler, 128k.h::SetRAMBank::0::11:2
_ISR                            = $7BFF ; addr, public, , ss_c, code_compiler, wyzplayer.h::ISR::0::12:28
_wyz_init                       = $7C16 ; addr, public, , ss_c, code_compiler, wyzplayer.h::wyz_init::0::13:46
_wyz_play_sound                 = $7C24 ; addr, public, , ss_c, code_compiler, wyzplayer.h::wyz_play_sound::0::14:58
_wyz_play_music                 = $7C37 ; addr, public, , ss_c, code_compiler, wyzplayer.h::wyz_play_music::0::15:74
_wyz_stop_sound                 = $7C52 ; addr, public, , ss_c, code_compiler, wyzplayer.h::wyz_stop_sound::0::16:91
_blackout_everything            = $7D05 ; addr, public, , ss_c, code_compiler, aplib.h::blackout_everything::0::17:126
_get_resource                   = $7D21 ; addr, public, , ss_c, code_compiler, aplib.h::get_resource::0::19:136
_espera_activa                  = $A96E ; addr, public, , ss_c, code_compiler, engine.h::espera_activa::0::62:39
_game                           = $B646 ; addr, public, , ss_c, code_compiler, engine.h::game::0::128:584
_name_level1                    = $7D6E ; addr, public, , ss_c, code_compiler, menu.h::get_resource::0::20:25
_name_level2                    = $7D7B ; addr, public, , ss_c, code_compiler, menu.h::get_resource::0::20:25
_name_level3                    = $7D88 ; addr, public, , ss_c, code_compiler, menu.h::get_resource::0::20:25
_name_level4                    = $7D95 ; addr, public, , ss_c, code_compiler, menu.h::get_resource::0::20:25
_pass1                          = $7DA2 ; addr, public, , ss_c, code_compiler, menu.h::get_resource::0::20:25
_pass2                          = $7DAB ; addr, public, , ss_c, code_compiler, menu.h::get_resource::0::20:25
_pass3                          = $7DB6 ; addr, public, , ss_c, code_compiler, menu.h::get_resource::0::20:25
_name_levels                    = $BF16 ; addr, public, , ss_c, data_compiler, menu.h::get_resource::0::20:22
_passes                         = $BF1E ; addr, public, , ss_c, data_compiler, menu.h::get_resource::0::20:23
_cad_level                      = $BF24 ; addr, public, , ss_c, data_compiler, menu.h::get_resource::0::20:51
_start_game_from                = $7DBE ; addr, public, , ss_c, code_compiler, menu.h::start_game_from::0::20:53
_password                       = $CBBE ; addr, public, , ss_c, bss_compiler, ss.c::main::0::150:59
_get_password                   = $7EE7 ; addr, public, , ss_c, code_compiler, menu.h::get_password::0::26:99
_menu                           = $80BC ; addr, public, , ss_c, code_compiler, menu.h::menu::0::36:155
_supertiles                     = $8226 ; addr, public, , ss_c, code_compiler, supertileset.h::menu::0::47:5
_tileset                        = $BF26 ; addr, public, , ss_c, data_compiler, tileset.h::menu::0::47:4
_sprite_1_a                     = $86C6 ; addr, public, , ss_c, code_compiler, spriteset.h::menu::0::47:55
_sprite_1_b                     = $86F6 ; addr, public, , ss_c, code_compiler, spriteset.h::menu::0::47:55
_sprite_2_a                     = $8726 ; addr, public, , ss_c, code_compiler, spriteset.h::menu::0::47:55
_sprite_2_b                     = $8756 ; addr, public, , ss_c, code_compiler, spriteset.h::menu::0::47:55
_sprite_3_a                     = $8786 ; addr, public, , ss_c, code_compiler, spriteset.h::menu::0::47:55
_sprite_3_b                     = $87B6 ; addr, public, , ss_c, code_compiler, spriteset.h::menu::0::47:55
_sprite_4_a                     = $87E6 ; addr, public, , ss_c, code_compiler, spriteset.h::menu::0::47:55
_sprite_4_b                     = $8816 ; addr, public, , ss_c, code_compiler, spriteset.h::menu::0::47:55
_sprite_5_a                     = $8846 ; addr, public, , ss_c, code_compiler, spriteset.h::menu::0::47:55
_sprite_5_b                     = $8876 ; addr, public, , ss_c, code_compiler, spriteset.h::menu::0::47:55
_sprite_6_a                     = $88A6 ; addr, public, , ss_c, code_compiler, spriteset.h::menu::0::47:55
_sprite_6_b                     = $88D6 ; addr, public, , ss_c, code_compiler, spriteset.h::menu::0::47:55
_sprite_7_a                     = $8906 ; addr, public, , ss_c, code_compiler, spriteset.h::menu::0::47:55
_sprite_7_b                     = $8936 ; addr, public, , ss_c, code_compiler, spriteset.h::menu::0::47:55
_sprite_8_a                     = $8966 ; addr, public, , ss_c, code_compiler, spriteset.h::menu::0::47:55
_sprite_8_b                     = $8996 ; addr, public, , ss_c, code_compiler, spriteset.h::menu::0::47:55
_sprite_9_a                     = $89C6 ; addr, public, , ss_c, code_compiler, spriteset.h::menu::0::47:55
_sprite_9_b                     = $89F6 ; addr, public, , ss_c, code_compiler, spriteset.h::menu::0::47:55
_sprite_10_a                    = $8A26 ; addr, public, , ss_c, code_compiler, spriteset.h::menu::0::47:55
_sprite_10_b                    = $8A56 ; addr, public, , ss_c, code_compiler, spriteset.h::menu::0::47:55
_sprite_11_a                    = $8A86 ; addr, public, , ss_c, code_compiler, spriteset.h::menu::0::47:55
_sprite_11_b                    = $8AB6 ; addr, public, , ss_c, code_compiler, spriteset.h::menu::0::47:55
_sprite_12_a                    = $8AE6 ; addr, public, , ss_c, code_compiler, spriteset.h::menu::0::47:55
_sprite_12_b                    = $8B16 ; addr, public, , ss_c, code_compiler, spriteset.h::menu::0::47:55
_sprite_13_a                    = $8B46 ; addr, public, , ss_c, code_compiler, spriteset.h::menu::0::47:55
_sprite_13_b                    = $8B76 ; addr, public, , ss_c, code_compiler, spriteset.h::menu::0::47:55
_sprite_14_a                    = $8BA6 ; addr, public, , ss_c, code_compiler, spriteset.h::menu::0::47:55
_sprite_14_b                    = $8BD6 ; addr, public, , ss_c, code_compiler, spriteset.h::menu::0::47:55
_sprite_15_a                    = $8C06 ; addr, public, , ss_c, code_compiler, spriteset.h::menu::0::47:55
_sprite_15_b                    = $8C36 ; addr, public, , ss_c, code_compiler, spriteset.h::menu::0::47:55
_sprite_16_a                    = $8C66 ; addr, public, , ss_c, code_compiler, spriteset.h::menu::0::47:55
_sprite_16_b                    = $8C96 ; addr, public, , ss_c, code_compiler, spriteset.h::menu::0::47:55
_sprite_17_a                    = $8CC6 ; addr, public, , ss_c, code_compiler, spriteset.h::menu::0::47:55
_sprite_17_b                    = $8CF6 ; addr, public, , ss_c, code_compiler, spriteset.h::menu::0::47:55
_sprite_18_a                    = $8D26 ; addr, public, , ss_c, code_compiler, spriteset.h::menu::0::47:55
_sprite_18_b                    = $8D56 ; addr, public, , ss_c, code_compiler, spriteset.h::menu::0::47:55
_sprite_19_a                    = $8D86 ; addr, public, , ss_c, code_compiler, spriteset.h::menu::0::47:55
_sprite_19_b                    = $8DB6 ; addr, public, , ss_c, code_compiler, spriteset.h::menu::0::47:55
_sprite_20_a                    = $8DE6 ; addr, public, , ss_c, code_compiler, spriteset.h::menu::0::47:55
_sprite_20_b                    = $8E16 ; addr, public, , ss_c, code_compiler, spriteset.h::menu::0::47:55
_sprite_21_a                    = $8E46 ; addr, public, , ss_c, code_compiler, spriteset.h::menu::0::47:55
_sprite_21_b                    = $8E76 ; addr, public, , ss_c, code_compiler, spriteset.h::menu::0::47:55
_sprite_22_a                    = $8EA6 ; addr, public, , ss_c, code_compiler, spriteset.h::menu::0::47:55
_sprite_22_b                    = $8ED6 ; addr, public, , ss_c, code_compiler, spriteset.h::menu::0::47:55
_sprite_23_a                    = $8F06 ; addr, public, , ss_c, code_compiler, spriteset.h::menu::0::47:55
_sprite_23_b                    = $8F36 ; addr, public, , ss_c, code_compiler, spriteset.h::menu::0::47:55
_sprite_24_a                    = $8F66 ; addr, public, , ss_c, code_compiler, spriteset.h::menu::0::47:55
_sprite_24_b                    = $8F96 ; addr, public, , ss_c, code_compiler, spriteset.h::menu::0::47:55
_sprite_frames                  = $C726 ; addr, public, , ss_c, data_compiler, ss.c::menu::0::47:45
_ovl_x                          = $9006 ; addr, public, , ss_c, code_compiler, overlay.h::menu::0::47:7
_ovl_y                          = $9007 ; addr, public, , ss_c, code_compiler, overlay.h::menu::0::47:7
_draw_overlay                   = $9368 ; addr, public, , ss_c, code_compiler, overlay.h::draw_overlay::0::47:25
_del_overlay                    = $9381 ; addr, public, , ss_c, code_compiler, overlay.h::del_overlay::0::48:35
_draw_buff                      = $939A ; addr, public, , ss_c, code_compiler, overlay.h::draw_buff::0::49:45
_levels                         = $C746 ; addr, public, , ss_c, data_compiler, leveldata.h::draw_buff::0::50:13
_level_buffer                   = $9566 ; addr, public, , ss_c, code_compiler, levelstruct.h::draw_buff::0::50:30
_malotes                        = $A295 ; addr, public, , ss_c, code_compiler, levelstruct.h::draw_buff::0::50:37
_hotspots                       = $A5CE ; addr, public, , ss_c, code_compiler, levelstruct.h::draw_buff::0::50:44
_load_level                     = $A61B ; addr, public, , ss_c, code_compiler, levelstruct.h::load_level::0::50:59
_invalidate_tile                = $A657 ; addr, public, , ss_c, code_compiler, levelstruct.h::invalidate_tile::0::51:64
_invalidate_viewport            = $A66B ; addr, public, , ss_c, code_compiler, levelstruct.h::invalidate_viewport::0::52:89
_draw_coloured_tile             = $A67B ; addr, public, , ss_c, code_compiler, levelstruct.h::draw_coloured_tile::0::53:110
_render_screen                  = $A6BB ; addr, public, , ss_c, code_compiler, levelstruct.h::render_screen::0::54:184
_tile_behaviour                 = $C762 ; addr, public, , ss_c, data_compiler, levelstruct.h::render_screen::0::61:258
_attr                           = $A949 ; addr, public, , ss_c, code_compiler, engine.h::attr::0::61:5
_init_player                    = $A9A4 ; addr, public, , ss_c, code_compiler, engine.h::init_player::0::65:59
_draw_life                      = $AA1A ; addr, public, , ss_c, code_compiler, engine.h::draw_life::0::66:73
_draw_score                     = $AA87 ; addr, public, , ss_c, code_compiler, engine.h::draw_score::0::67:115
_move                           = $AACD ; addr, public, , ss_c, code_compiler, engine.h::move::0::68:157
_collide                        = $B26B ; addr, public, , ss_c, code_compiler, engine.h::collide::0::117:374
_move_enemies                   = $B29D ; addr, public, , ss_c, code_compiler, engine.h::move_enemies::0::118:417
_init_hotspots                  = $B54E ; addr, public, , ss_c, code_compiler, engine.h::init_hotspots::0::124:454
_muerte                         = $B55D ; addr, public, , ss_c, code_compiler, engine.h::muerte::0::125:472
_rand                           = $B61D ; addr, public, , ss_c, code_compiler, engine.h::rand::0::127:540
_main                           = $BC02 ; addr, public, , ss_c, code_compiler, ss.c::main::0::150:59
SPPrintAtInv                    = $5FFA ; addr, public, , SPPrintAtInv, , backgroundtiles/SPPrintAtInv.asm:20
_sp_AddColSpr                   = $BDFC ; addr, public, , sp_AddColSpr_c, code_compiler, sp_AddColSpr.c::sp_AddColSpr::0::0:15
sp_AddColSpr                    = $BDFC ; addr, public, , sp_AddColSpr_c, code_compiler, sp_AddColSpr.c::sp_AddColSpr::0::0:15
_sp_AddMemory                   = $BE15 ; addr, public, , sp_AddMemory_c, code_compiler, sp_AddMemory.c::sp_AddMemory::0::0:15
sp_AddMemory                    = $BE15 ; addr, public, , sp_AddMemory_c, code_compiler, sp_AddMemory.c::sp_AddMemory::0::0:15
SPAddMemory                     = $6014 ; addr, public, , SPAddMemory, , blockmemoryalloc/SPAddMemory.asm:28
SPFreeBlock                     = $6030 ; addr, public, , SPFreeBlock, , blockmemoryalloc/SPFreeBlock.asm:26
SPfb1                           = $6035 ; addr, public, , SPFreeBlock, , blockmemoryalloc/SPFreeBlock.asm:33
SPfb2                           = $6040 ; addr, public, , SPFreeBlock, , blockmemoryalloc/SPFreeBlock.asm:42
_sp_BlockAlloc                  = $BE2C ; addr, public, , sp_BlockAlloc_c, code_compiler, sp_BlockAlloc.c::sp_BlockAlloc::0::0:15
sp_BlockAlloc                   = $BE2C ; addr, public, , sp_BlockAlloc_c, code_compiler, sp_BlockAlloc.c::sp_BlockAlloc::0::0:15
SPBlockAlloc                    = $604B ; addr, public, , SPBlockAlloc, , blockmemoryalloc/SPBlockAlloc.asm:26
SPalloc                         = $6055 ; addr, public, , SPBlockAlloc, , blockmemoryalloc/SPBlockAlloc.asm:34
_sp_CreateSpr                   = $BE3A ; addr, public, , sp_CreateSpr_c, code_compiler, sp_CreateSpr.c::sp_CreateSpr::0::0:16
sp_CreateSpr                    = $BE3A ; addr, public, , sp_CreateSpr_c, code_compiler, sp_CreateSpr.c::sp_CreateSpr::0::0:16
_sp_CreateGenericISR            = $BE52 ; addr, public, , sp_CreateGenericISR_c, code_compiler, sp_CreateGenericISR.c::sp_CreateGenericISR::0::0:14
sp_CreateGenericISR             = $BE52 ; addr, public, , sp_CreateGenericISR_c, code_compiler, sp_CreateGenericISR.c::sp_CreateGenericISR::0::0:14
_sp_FreeBlock                   = $BE5B ; addr, public, , sp_FreeBlock_c, code_compiler, sp_FreeBlock.c::sp_FreeBlock::0::0:15
sp_FreeBlock                    = $BE5B ; addr, public, , sp_FreeBlock_c, code_compiler, sp_FreeBlock.c::sp_FreeBlock::0::0:15
_sp_GetKey                      = $BE66 ; addr, public, , sp_GetKey_c, code_compiler, sp_GetKey.c::sp_GetKey::0::0:15
sp_GetKey                       = $BE66 ; addr, public, , sp_GetKey_c, code_compiler, sp_GetKey.c::sp_GetKey::0::0:15
_sp_InitIM2                     = $BE71 ; addr, public, , sp_InitIM2_c, code_compiler, sp_InitIM2.c::sp_InitIM2::0::0:15
sp_InitIM2                      = $BE71 ; addr, public, , sp_InitIM2_c, code_compiler, sp_InitIM2.c::sp_InitIM2::0::0:15
_sp_Initialize                  = $BE7C ; addr, public, , sp_Initialize_c, code_compiler, sp_Initialize.c::sp_Initialize::0::0:15
sp_Initialize                   = $BE7C ; addr, public, , sp_Initialize_c, code_compiler, sp_Initialize.c::sp_Initialize::0::0:15
_sp_JoyKempston                 = $BE88 ; addr, public, , sp_JoyKempston_c, code_compiler, sp_JoyKempston.c::sp_JoyKempston::0::0:15
sp_JoyKempston                  = $BE88 ; addr, public, , sp_JoyKempston_c, code_compiler, sp_JoyKempston.c::sp_JoyKempston::0::0:15
_sp_JoyKeyboard                 = $BE8F ; addr, public, , sp_JoyKeyboard_c, code_compiler, sp_JoyKeyboard.c::sp_JoyKeyboard::0::0:15
sp_JoyKeyboard                  = $BE8F ; addr, public, , sp_JoyKeyboard_c, code_compiler, sp_JoyKeyboard.c::sp_JoyKeyboard::0::0:15
_sp_JoySinclair1                = $BE9D ; addr, public, , sp_JoySinclair1_c, code_compiler, sp_JoySinclair1.c::sp_JoySinclair1::0::0:15
sp_JoySinclair1                 = $BE9D ; addr, public, , sp_JoySinclair1_c, code_compiler, sp_JoySinclair1.c::sp_JoySinclair1::0::0:15
_sp_KeyPressed                  = $BEA4 ; addr, public, , sp_KeyPressed_c, code_compiler, sp_KeyPressed.c::sp_KeyPressed::0::0:15
sp_KeyPressed                   = $BEA4 ; addr, public, , sp_KeyPressed_c, code_compiler, sp_KeyPressed.c::sp_KeyPressed::0::0:15
_sp_RegisterHook                = $BEB4 ; addr, public, , sp_RegisterHook_c, code_compiler, sp_RegisterHook.c::sp_RegisterHook::0::0:15
sp_RegisterHook                 = $BEB4 ; addr, public, , sp_RegisterHook_c, code_compiler, sp_RegisterHook.c::sp_RegisterHook::0::0:15
_sp_RegisterHookLast            = $BECA ; addr, public, , sp_RegisterHookLast_c, code_compiler, sp_RegisterHookLast.c::sp_RegisterHookLast::0::0:15
sp_RegisterHookLast             = $BECA ; addr, public, , sp_RegisterHookLast_c, code_compiler, sp_RegisterHookLast.c::sp_RegisterHookLast::0::0:15
_sp_UpdateNow                   = $BED7 ; addr, public, , sp_UpdateNow_c, code_compiler, sp_UpdateNow.c::sp_UpdateNow::0::0:15
sp_UpdateNow                    = $BED7 ; addr, public, , sp_UpdateNow_c, code_compiler, sp_UpdateNow.c::sp_UpdateNow::0::0:15
SPCompDListAddr                 = $6066 ; addr, public, , SPCompDListAddr, , displaylist/SPCompDListAddr.asm:19
SPCompDirtyAddr                 = $6077 ; addr, public, , SPCompDirtyAddr, , displaylist/SPCompDirtyAddr.asm:20
SPbit2mask                      = $608C ; addr, public, , SPbit2mask, , globalvariables/SPbit2mask.asm:4
SPDirtyChars                    = $6094 ; addr, public, , SPDirtyChars, , globalvariables/SPDirtyChars.asm:6
SPDisplayList                   = $60F4 ; addr, public, , SPDisplayList, , globalvariables/SPDisplayList.asm:6
SPNullSprPtr                    = $6CF4 ; addr, public, , SPNullSprPtr, , globalvariables/SPNullSprPtr.asm:10
SPqueuetable                    = $6D04 ; addr, public, , SPqueuetable, , globalvariables/SPqueuetable.asm:19
SPTileArray                     = $6D06 ; addr, public, , SPTileArray, , globalvariables/SPTileArray.asm:6
SPGetKey                        = $6F1C ; addr, public, , SPGetKey, , input/SPGetKey.asm:74
SPInkey                         = $6F0B ; addr, public, , SPGetKey, , input/SPGetKey.asm:56
SPkeydebounce                   = $6F08 ; addr, public, , SPGetKey, , input/SPGetKey.asm:39
SPkeystartrepeat                = $6F09 ; addr, public, , SPGetKey, , input/SPGetKey.asm:41
SPkeyrepeatperiod               = $6F0A ; addr, public, , SPGetKey, , input/SPGetKey.asm:43
SPkeytranstbl                   = $6F90 ; addr, public, , SPkeytranstbl, , globalvariables/SPkeytranstbl.asm:13
SPJoyKempston                   = $7030 ; addr, public, , SPJoyKempston, , input/SPJoyKempston.asm:20
SPJoyKeyboard                   = $705B ; addr, public, , SPJoyKeyboard, , input/SPJoyKeyboard.asm:26
SPJoySinclair1                  = $707A ; addr, public, , SPJoySinclair1, , input/SPJoySinclair1.asm:18
SPKeyPressed                    = $70A6 ; addr, public, , SPKeyPressed, , input/SPKeyPressed.asm:16
SPtbllookup                     = $70CA ; addr, public, , SPtbllookup, , input/SPtbllookup.asm:11
SPCreateGenericISR              = $70D2 ; addr, public, , SPCreateGenericISR, , interrupts/SPCreateGenericISR.asm:31
GENERICISRSIZE                  = $000C ; addr, public, , SPCreateGenericISR, , interrupts/SPCreateGenericISR.asm:93
GENERICLISTDISP                 = $0004 ; addr, public, , SPCreateGenericISR, , interrupts/SPCreateGenericISR.asm:94
SPInitIM2                       = $711A ; addr, public, , SPInitIM2, , interrupts/SPInitIM2.asm:22
SPRegisterHookLast              = $7132 ; addr, public, , SPRegisterHookLast, , interrupts/SPRegisterHookLast.asm:27
SPRegisterHook                  = $7132 ; addr, public, , SPRegisterHookLast, , interrupts/SPRegisterHookLast.asm:26
SPInitialize                    = $714F ; addr, public, , SPInitialize, , miscellaneous/SPInitialize.asm:24
SPAddColSpr                     = $7193 ; addr, public, , SPAddColSpr, , sprites/SPAddColSpr.asm:27
SPCreateSpr                     = $723B ; addr, public, , SPCreateSpr, , sprites/SPCreateSpr.asm:36
SPDeleteSpr                     = $72DB ; addr, public, , SPDeleteSpr, , sprites/SPDeleteSpr.asm:23
SPdsloop                        = $72EC ; addr, public, , SPDeleteSpr, , sprites/SPDeleteSpr.asm:38
SPMoveSprAbs                    = $72F7 ; addr, public, , SPMoveSprAbs, , sprites/SPMoveSprAbs.asm:30
SPMoveSprAbsC                   = $731E ; addr, public, , SPMoveSprAbs, , sprites/SPMoveSprAbs.asm:58
SPMoveSprAbsNC                  = $7305 ; addr, public, , SPMoveSprAbs, , sprites/SPMoveSprAbs.asm:38
SPInvalidate                    = $7479 ; addr, public, , SPInvalidate, , updater/SPInvalidate.asm:21
SPInvalidateP                   = $7481 ; addr, public, , SPInvalidate, , updater/SPInvalidate.asm:31
SPbitleft2mask                  = $74CC ; addr, public, , SPbitleft2mask, , globalvariables/SPbitleft2mask.asm:4
SPbitright2mask                 = $74D4 ; addr, public, , SPbitright2mask, , globalvariables/SPbitright2mask.asm:4
SPIntRect                       = $74DC ; addr, public, , SPIntRect, , miscellaneous/SPIntRect.asm:33
SPIntSmallIval                  = $750D ; addr, public, , SPIntRect, , miscellaneous/SPIntRect.asm:77
SPPtInSmallIval                 = $7532 ; addr, public, , SPIntRect, , miscellaneous/SPIntRect.asm:117
SPUpdateNow                     = $7550 ; addr, public, , SPUpdateNow, , updater/SPUpdateNow.asm:99
update_attrs                    = $754E ; addr, public, , SPUpdateNow, , updater/SPUpdateNow.asm:88
l_jphl                          = $CBDE ; addr, public, , l_jphl, code_l, ../_DEVELOPMENT/l/z80/l_jphl.asm:7
l_div_u                         = $CC3C ; addr, public, , l_div_u, code_crt0_sccz80, sccz80/crt0_z80/l_div_u.asm:17
l_divu_16_16x16                 = $CC3D ; addr, public, , l_divu_16_16x16, code_math, ../_DEVELOPMENT/math/integer/l_divu_16_16x16.asm:22
l0_divu_16_16x16                = $CC41 ; addr, public, , l_divu_16_16x16, code_math, ../_DEVELOPMENT/math/integer/l_divu_16_16x16.asm:23
l_small_divu_16_16x16           = $CC3D ; addr, public, , l_small_divu_16_16x16, code_math, ../_DEVELOPMENT/math/integer/small/l_small_divu_16_16x16.asm:17
l0_small_divu_16_16x16          = $CC41 ; addr, public, , l_small_divu_16_16x16, code_math, ../_DEVELOPMENT/math/integer/small/l_small_divu_16_16x16.asm:42
l_small_divu_16_16x8            = $CC5D ; addr, public, , l_small_divu_16_16x16, code_math, ../_DEVELOPMENT/math/integer/small/l_small_divu_16_16x16.asm:87
l0_small_divu_16_16x8           = $CC61 ; addr, public, , l_small_divu_16_16x16, code_math, ../_DEVELOPMENT/math/integer/small/l_small_divu_16_16x16.asm:112
error_divide_by_zero_mc         = $CC9A ; addr, public, , error_divide_by_zero_mc, code_error, ../_DEVELOPMENT/error/z80/error_divide_by_zero_mc.asm:12
error_edom_mc                   = $CC9A ; addr, public, , error_edom_mc, code_error, ../_DEVELOPMENT/error/z80/error_edom_mc.asm:57
errno_mc                        = $CC9C ; addr, public, , errno_mc, code_error, ../_DEVELOPMENT/error/z80/errno_mc.asm:21
_errno                          = $CCAC ; addr, public, , _errno, bss_error, ../_DEVELOPMENT/error/z80/_errno.asm:7
error_mc                        = $CCA7 ; addr, public, , error_mc, code_error, ../_DEVELOPMENT/error/z80/error_mc.asm:11
l_eq                            = $CBDF ; addr, public, , l_eq, code_crt0_sccz80, sccz80/crt0_z80/l_eq.asm:17
l_gchar                         = $CBE9 ; addr, public, , l_gchar, code_crt0_sccz80, sccz80/crt0_z80/l_gchar.asm:11
l_gint                          = $CBEF ; addr, public, , l_gint, code_crt0_sccz80, sccz80/crt0_z80/l_gint.asm:11
l_gintsp                        = $CBF4 ; addr, public, , l_gintsp, code_crt0_sccz80, sccz80/crt0_z80/l_gintsp.asm:7
l_gintspsp                      = $CBFC ; addr, public, , l_gintspsp, code_crt0_sccz80, sccz80/crt0_z80/l_gintspsp.asm:7
l_lneg                          = $CC05 ; addr, public, , l_lneg, code_crt0_sccz80, sccz80/crt0_z80/l_lneg.asm:14
l_mult                          = $CC77 ; addr, public, , l_mul, code_crt0_sccz80, sccz80/crt0_z80/l_mul.asm:12
l_mulu_16_16x16                 = $CC77 ; addr, public, , l_mulu_16_16x16, code_math, ../_DEVELOPMENT/math/integer/l_mulu_16_16x16.asm:36
l_small_mul_16_16x16            = $CC77 ; addr, public, , l_small_mul_16_16x16, code_math, ../_DEVELOPMENT/math/integer/small/l_small_mul_16_16x16.asm:10
l_small_mul_16_16x8             = $CC86 ; addr, public, , l_small_mul_16_16x16, code_math, ../_DEVELOPMENT/math/integer/small/l_small_mul_16_16x16.asm:42
l_ne                            = $CC0E ; addr, public, , l_ne, code_crt0_sccz80, sccz80/crt0_z80/l_ne.asm:16
l_pint                          = $CC19 ; addr, public, , l_pint, code_crt0_sccz80, sccz80/crt0_z80/l_pint.asm:11
l_pint_pop                      = $CC1F ; addr, public, , l_pint_pop, code_crt0_sccz80, sccz80/crt0_z80/l_pint_pop.asm:12
l_sxt                           = $CC25 ; addr, public, , l_sxt, code_crt0_sccz80, sccz80/crt0_z80/l_sxt.asm:10
l_uge                           = $CC2A ; addr, public, , l_uge, code_crt0_sccz80, sccz80/crt0_z80/l_uge.asm:18
l_compare_result                = $CC36 ; addr, public, , l_compare_result, code_crt0_sccz80, sccz80/crt0_z80/l_compare_result.asm:4
__head                          = $5DC0 ; const, public, def, , ,
__tail                          = $CCAE ; const, public, def, , ,
__size                          = $6EEE ; const, public, def, , ,
__code_compiler_head            = $79E0 ; const, public, def, , ,
__code_compiler_tail            = $BEDD ; const, public, def, , ,
__code_compiler_size            = $44FD ; const, public, def, , ,
__data_compiler_head            = $BEDD ; const, public, def, , ,
__data_compiler_tail            = $C7F4 ; const, public, def, , ,
__data_compiler_size            = $0917 ; const, public, def, , ,
__rodata_compiler_head          = $C7F4 ; const, public, def, , ,
__rodata_compiler_tail          = $C8C6 ; const, public, def, , ,
__rodata_compiler_size          = $00D2 ; const, public, def, , ,
__bss_compiler_head             = $C8C6 ; const, public, def, , ,
__bss_compiler_tail             = $CBDE ; const, public, def, , ,
__bss_compiler_size             = $0318 ; const, public, def, , ,
__code_clib_head                = $CBDE ; const, public, def, , ,
__code_clib_tail                = $CBDE ; const, public, def, , ,
__code_clib_size                = $0000 ; const, public, def, , ,
__code_l_head                   = $CBDE ; const, public, def, , ,
__code_l_tail                   = $CBDF ; const, public, def, , ,
__code_l_size                   = $0001 ; const, public, def, , ,
__code_crt0_sccz80_head         = $CBDF ; const, public, def, , ,
__code_crt0_sccz80_tail         = $CC3C ; const, public, def, , ,
__code_crt0_sccz80_size         = $005D ; const, public, def, , ,
__code_math_head                = $CC3C ; const, public, def, , ,
__code_math_tail                = $CC97 ; const, public, def, , ,
__code_math_size                = $005B ; const, public, def, , ,
__code_error_head               = $CC97 ; const, public, def, , ,
__code_error_tail               = $CCAC ; const, public, def, , ,
__code_error_size               = $0015 ; const, public, def, , ,
__bss_clib_head                 = $CCAC ; const, public, def, , ,
__bss_clib_tail                 = $CCAC ; const, public, def, , ,
__bss_clib_size                 = $0000 ; const, public, def, , ,
__bss_error_head                = $CCAC ; const, public, def, , ,
__bss_error_tail                = $CCAE ; const, public, def, , ,
__bss_error_size                = $0002 ; const, public, def, , ,
