DEFINED_CRT_ORG_CODE            = $0001 ; const, local, , zx82_crt0, , C:/Users/na_th_an/AppData/Local/Temp/zcc000005EC5F3B3/zcc_opt.def:3
CRT_ORG_CODE                    = $5DC0 ; const, local, , zx82_crt0, , C:/Users/na_th_an/AppData/Local/Temp/zcc000005EC5F3B3/zcc_opt.def:4
DEFINED_STACKPTR                = $0001 ; const, local, , zx82_crt0, , C:/Users/na_th_an/AppData/Local/Temp/zcc000005EC5F3B3/zcc_opt.def:11
STACKPTR                        = $5DBF ; const, local, , zx82_crt0, , C:/Users/na_th_an/AppData/Local/Temp/zcc000005EC5F3B3/zcc_opt.def:12
DEFINED_REGISTER_SP             = $0001 ; const, local, , zx82_crt0, , C:/Users/na_th_an/AppData/Local/Temp/zcc000005EC5F3B3/zcc_opt.def:19
REGISTER_SP                     = $5DBF ; const, local, , zx82_crt0, , C:/Users/na_th_an/AppData/Local/Temp/zcc000005EC5F3B3/zcc_opt.def:20
start                           = $5DC0 ; addr, local, , zx82_crt0, , crt.asm:15
vpClipStruct                    = $77B5 ; addr, local, , ss_c, code_compiler, globals.h::my_malloc::0::1:24
fsClipStruct                    = $77B9 ; addr, local, , ss_c, code_compiler, globals.h::my_malloc::0::1:24
_letters                        = $A75A ; addr, local, , ss_c, code_compiler, printer.h::my_malloc::0::1:6
_line_buffer                    = $A95A ; addr, local, , ss_c, code_compiler, printer.h::my_malloc::0::1:6
_drawchar                       = $A98A ; addr, local, , ss_c, code_compiler, printer.h::draw_char::0::1:18
i_12                            = $A9FE ; addr, local, , ss_c, code_compiler, printer.h::draw_fast::0::2:87
i_13                            = $AA34 ; addr, local, , ss_c, code_compiler, printer.h::draw_fast::0::2:87
i_14                            = $AA62 ; addr, local, , ss_c, code_compiler, printer.h::draw_char_by_char::0::4:100
i_15                            = $AAFC ; addr, local, , ss_c, code_compiler, printer.h::draw_char_by_char::0::4:100
i_16                            = $AAAA ; addr, local, , ss_c, code_compiler, printer.h::draw_char_by_char::0::4:100
i_17                            = $AAF4 ; addr, local, , ss_c, code_compiler, printer.h::draw_char_by_char::0::4:100
i_20                            = $AAD1 ; addr, local, , ss_c, code_compiler, printer.h::draw_char_by_char::0::4:100
i_18                            = $AAC4 ; addr, local, , ss_c, code_compiler, printer.h::draw_char_by_char::0::4:100
i_19                            = $AAED ; addr, local, , ss_c, code_compiler, printer.h::draw_char_by_char::0::4:100
vtc                             = $AB0B ; addr, local, , ss_c, code_compiler, printer.h::fix_sprites::0::10:144
vtc_noinc1                      = $AB15 ; addr, local, , ss_c, code_compiler, printer.h::fix_sprites::0::10:144
vtc_loop                        = $AB15 ; addr, local, , ss_c, code_compiler, printer.h::fix_sprites::0::10:144
vtc_fin                         = $AB32 ; addr, local, , ss_c, code_compiler, printer.h::fix_sprites::0::10:144
vtc_next                        = $AB2E ; addr, local, , ss_c, code_compiler, printer.h::fix_sprites::0::10:144
vtc_noinc2                      = $AB29 ; addr, local, , ss_c, code_compiler, printer.h::fix_sprites::0::10:144
SetRAMBank                      = $AB33 ; addr, local, , ss_c, code_compiler, 128k.h::SetRAMBank::0::11:2
restISR                         = $AB3E ; addr, local, , ss_c, code_compiler, 128k.h::SetRAMBank::0::11:2
keepGoing                       = $AB42 ; addr, local, , ss_c, code_compiler, 128k.h::SetRAMBank::0::11:2
_isrc                           = $5B09 ; const, local, , ss_c, code_compiler, ss.c::main::0::83:65
dzx0_standard                   = $ABB0 ; addr, local, , ss_c, code_compiler, zx0.h::wyz_stop_sound::0::17:10
dzx0s_literals                  = $ABB7 ; addr, local, , ss_c, code_compiler, zx0.h::wyz_stop_sound::0::17:10
dzx0s_elias                     = $ABE5 ; addr, local, , ss_c, code_compiler, zx0.h::wyz_stop_sound::0::17:10
dzx0s_new_offset                = $ABCC ; addr, local, , ss_c, code_compiler, zx0.h::wyz_stop_sound::0::17:10
dzx0s_copy                      = $ABC2 ; addr, local, , ss_c, code_compiler, zx0.h::wyz_stop_sound::0::17:10
dzx0s_elias_loop                = $ABE6 ; addr, local, , ss_c, code_compiler, zx0.h::wyz_stop_sound::0::17:10
dzx0s_elias_backtrack           = $ABED ; addr, local, , ss_c, code_compiler, zx0.h::wyz_stop_sound::0::17:10
dzx0s_elias_skip                = $ABEC ; addr, local, , ss_c, code_compiler, zx0.h::wyz_stop_sound::0::17:10
_ram_address                    = $5B01 ; const, local, , ss_c, code_compiler, ss.c::main::0::83:65
_ram_destination                = $5B03 ; const, local, , ss_c, code_compiler, ss.c::main::0::83:65
i_1                             = $E88E ; addr, local, , ss_c, rodata_compiler, ss.c::main::0::83:65
i_24                            = $AC70 ; addr, local, , ss_c, code_compiler, menu.h::start_game_from::0::19:53
i_26                            = $AD24 ; addr, local, , ss_c, code_compiler, menu.h::start_game_from::0::19:53
i_29                            = $ACFC ; addr, local, , ss_c, code_compiler, menu.h::start_game_from::0::19:53
i_30                            = $ACFF ; addr, local, , ss_c, code_compiler, menu.h::start_game_from::0::19:53
i_31                            = $AD95 ; addr, local, , ss_c, code_compiler, menu.h::start_game_from::0::19:53
i_32                            = $AC70 ; addr, local, , ss_c, code_compiler, menu.h::start_game_from::0::19:53
i_33                            = $AD52 ; addr, local, , ss_c, code_compiler, menu.h::start_game_from::0::19:53
i_34                            = $AD5A ; addr, local, , ss_c, code_compiler, menu.h::start_game_from::0::19:53
i_25                            = $AD95 ; addr, local, , ss_c, code_compiler, menu.h::start_game_from::0::19:53
i_35                            = $AC70 ; addr, local, , ss_c, code_compiler, menu.h::start_game_from::0::19:53
i_36                            = $ADDA ; addr, local, , ss_c, code_compiler, menu.h::get_password::0::25:99
i_39                            = $AE58 ; addr, local, , ss_c, code_compiler, menu.h::get_password::0::25:99
i_38                            = $AE58 ; addr, local, , ss_c, code_compiler, menu.h::get_password::0::25:99
i_40_i_39                       = $AE18 ; addr, local, , ss_c, code_compiler, menu.h::get_password::0::25:99
i_37                            = $AED4 ; addr, local, , ss_c, code_compiler, menu.h::get_password::0::25:99
i_41                            = $AE63 ; addr, local, , ss_c, code_compiler, menu.h::get_password::0::25:99
i_42                            = $AE81 ; addr, local, , ss_c, code_compiler, menu.h::get_password::0::25:99
i_44                            = $ADDA ; addr, local, , ss_c, code_compiler, menu.h::get_password::0::25:99
i_43                            = $ADDA ; addr, local, , ss_c, code_compiler, menu.h::get_password::0::25:99
i_45_i_44                       = $AEA0 ; addr, local, , ss_c, code_compiler, menu.h::get_password::0::25:99
i_46                            = $AF67 ; addr, local, , ss_c, code_compiler, menu.h::get_password::0::25:99
i_49                            = $AEF5 ; addr, local, , ss_c, code_compiler, menu.h::get_password::0::25:99
i_47                            = $AEF0 ; addr, local, , ss_c, code_compiler, menu.h::get_password::0::25:99
i_48                            = $AF67 ; addr, local, , ss_c, code_compiler, menu.h::get_password::0::25:99
i_52                            = $AF1B ; addr, local, , ss_c, code_compiler, menu.h::get_password::0::25:99
i_50                            = $AF16 ; addr, local, , ss_c, code_compiler, menu.h::get_password::0::25:99
i_51                            = $AF50 ; addr, local, , ss_c, code_compiler, menu.h::get_password::0::25:99
i_53                            = $AF16 ; addr, local, , ss_c, code_compiler, menu.h::get_password::0::25:99
i_54                            = $AEF0 ; addr, local, , ss_c, code_compiler, menu.h::get_password::0::25:99
i_55                            = $AF72 ; addr, local, , ss_c, code_compiler, menu.h::menu::0::35:156
i_57                            = $AF72 ; addr, local, , ss_c, code_compiler, menu.h::menu::0::35:156
i_58                            = $AF7A ; addr, local, , ss_c, code_compiler, menu.h::menu::0::35:156
i_59                            = $AF9C ; addr, local, , ss_c, code_compiler, menu.h::menu::0::35:156
i_60                            = $AFF8 ; addr, local, , ss_c, code_compiler, menu.h::menu::0::35:156
i_62                            = $B015 ; addr, local, , ss_c, code_compiler, menu.h::menu::0::35:156
i_61                            = $AF72 ; addr, local, , ss_c, code_compiler, menu.h::menu::0::35:156
i_64                            = $B032 ; addr, local, , ss_c, code_compiler, menu.h::menu::0::35:156
i_66                            = $AFF8 ; addr, local, , ss_c, code_compiler, menu.h::menu::0::35:156
i_67                            = $B03F ; addr, local, , ss_c, code_compiler, menu.h::menu::0::35:156
i_68                            = $B047 ; addr, local, , ss_c, code_compiler, menu.h::menu::0::35:156
i_69                            = $B047 ; addr, local, , ss_c, code_compiler, menu.h::menu::0::35:156
i_71                            = $B0A2 ; addr, local, , ss_c, code_compiler, menu.h::menu::0::35:156
i_70                            = $AF72 ; addr, local, , ss_c, code_compiler, menu.h::menu::0::35:156
i_73                            = $B0B8 ; addr, local, , ss_c, code_compiler, menu.h::menu::0::35:156
i_75                            = $B047 ; addr, local, , ss_c, code_compiler, menu.h::menu::0::35:156
i_74                            = $B047 ; addr, local, , ss_c, code_compiler, menu.h::menu::0::35:156
i_72                            = $B047 ; addr, local, , ss_c, code_compiler, menu.h::menu::0::35:156
i_65                            = $AFF8 ; addr, local, , ss_c, code_compiler, menu.h::menu::0::35:156
i_63                            = $AFF8 ; addr, local, , ss_c, code_compiler, menu.h::menu::0::35:156
i_56                            = $B0D4 ; addr, local, , ss_c, code_compiler, menu.h::menu::0::35:156
_ovl_halo                       = $BE75 ; addr, local, , ss_c, code_compiler, new_overlay.h::menu::0::46:4
ovl_update                      = $BEB5 ; addr, local, , ss_c, code_compiler, new_overlay.h::menu::0::46:59
ovl_noadj1                      = $BEBD ; addr, local, , ss_c, code_compiler, new_overlay.h::menu::0::46:59
ovl_noadj2                      = $BECB ; addr, local, , ss_c, code_compiler, new_overlay.h::menu::0::46:59
ovl_noadj3                      = $BED6 ; addr, local, , ss_c, code_compiler, new_overlay.h::menu::0::46:59
ovl_noadj4                      = $BEE4 ; addr, local, , ss_c, code_compiler, new_overlay.h::menu::0::46:59
ovl_line_loop                   = $BEEB ; addr, local, , ss_c, code_compiler, new_overlay.h::menu::0::46:59
ovl_fullblack                   = $BF4F ; addr, local, , ss_c, code_compiler, new_overlay.h::menu::0::46:59
ovl_col_loop                    = $BF00 ; addr, local, , ss_c, code_compiler, new_overlay.h::menu::0::46:59
ovl_zero                        = $BF36 ; addr, local, , ss_c, code_compiler, new_overlay.h::menu::0::46:59
ovl_zero_remaining              = $BF43 ; addr, local, , ss_c, code_compiler, new_overlay.h::menu::0::46:59
ovl_set                         = $BF37 ; addr, local, , ss_c, code_compiler, new_overlay.h::menu::0::46:59
ovl_next                        = $BF8C ; addr, local, , ss_c, code_compiler, new_overlay.h::menu::0::46:59
ovl_unroll                      = $BF50 ; addr, local, , ss_c, code_compiler, new_overlay.h::menu::0::46:59
_map_buffer                     = $F101 ; const, local, , ss_c, code_compiler, ss.c::main::0::83:65
draw_map_loop                   = $D07F ; addr, local, , ss_c, code_compiler, levelstruct.h::render_screen::0::50:173
add_blob                        = $D091 ; addr, local, , ss_c, code_compiler, levelstruct.h::render_screen::0::50:173
add_blob_done                   = $D0B5 ; addr, local, , ss_c, code_compiler, levelstruct.h::render_screen::0::50:173
draw_map_nc_x                   = $D0C8 ; addr, local, , ss_c, code_compiler, levelstruct.h::render_screen::0::50:173
i_82                            = $D0EF ; addr, local, , ss_c, code_compiler, levelstruct.h::render_screen::0::50:173
i_80                            = $D0EA ; addr, local, , ss_c, code_compiler, levelstruct.h::render_screen::0::50:173
i_81                            = $D15B ; addr, local, , ss_c, code_compiler, levelstruct.h::render_screen::0::50:173
i_83                            = $D0EA ; addr, local, , ss_c, code_compiler, levelstruct.h::render_screen::0::50:173
i_85                            = $D246 ; addr, local, , ss_c, code_compiler, levelstruct.h::render_screen::0::50:173
i_84                            = $D246 ; addr, local, , ss_c, code_compiler, levelstruct.h::render_screen::0::50:173
i_86_i_85                       = $D192 ; addr, local, , ss_c, code_compiler, levelstruct.h::render_screen::0::50:173
i_88                            = $D254 ; addr, local, , ss_c, code_compiler, engine.h::espera_activa::0::54:5
i_89                            = $D27E ; addr, local, , ss_c, code_compiler, engine.h::espera_activa::0::54:5
i_91                            = $D274 ; addr, local, , ss_c, code_compiler, engine.h::espera_activa::0::54:5
i_90                            = $D274 ; addr, local, , ss_c, code_compiler, engine.h::espera_activa::0::54:5
i_92_i_91                       = $D27E ; addr, local, , ss_c, code_compiler, engine.h::espera_activa::0::54:5
_cm_two_points_at1_reset        = $D386 ; addr, local, , ss_c, code_compiler, engine.h::cm_two_points::0::60:141
_cm_two_points_at1_do           = $D389 ; addr, local, , ss_c, code_compiler, engine.h::cm_two_points::0::60:141
_cm_two_points_at1_done         = $D3AA ; addr, local, , ss_c, code_compiler, engine.h::cm_two_points::0::60:141
_cm_two_points_at2_reset        = $D3BB ; addr, local, , ss_c, code_compiler, engine.h::cm_two_points::0::60:141
_cm_two_points_at2_do           = $D3BE ; addr, local, , ss_c, code_compiler, engine.h::cm_two_points::0::60:141
_cm_two_points_at2_done         = $D3DF ; addr, local, , ss_c, code_compiler, engine.h::cm_two_points::0::60:141
p_evil_done                     = $D4B2 ; addr, local, , ss_c, code_compiler, engine.h::move::0::62:271
mp_v_j                          = $D4BC ; addr, local, , ss_c, code_compiler, engine.h::move::0::62:271
mp_v_j_done                     = $D4C8 ; addr, local, , ss_c, code_compiler, engine.h::move::0::62:271
mp_v_fje_done                   = $D514 ; addr, local, , ss_c, code_compiler, engine.h::move::0::62:271
mp_v_fje_do                     = $D50D ; addr, local, , ss_c, code_compiler, engine.h::move::0::62:271
mp_v_chc_up                     = $D54A ; addr, local, , ss_c, code_compiler, engine.h::move::0::62:271
mp_v_chc_down                   = $D51B ; addr, local, , ss_c, code_compiler, engine.h::move::0::62:271
mp_v_chc_down_coll              = $D535 ; addr, local, , ss_c, code_compiler, engine.h::move::0::62:271
mp_v_chc_done                   = $D574 ; addr, local, , ss_c, code_compiler, engine.h::move::0::62:271
mp_v_chc_up_coll                = $D564 ; addr, local, , ss_c, code_compiler, engine.h::move::0::62:271
mp_h_j                          = $D5E9 ; addr, local, , ss_c, code_compiler, engine.h::move::0::62:271
mp_h_j_done                     = $D5F7 ; addr, local, , ss_c, code_compiler, engine.h::move::0::62:271
mp_h_nj_left_done               = $D595 ; addr, local, , ss_c, code_compiler, engine.h::move::0::62:271
mp_h_nj_right_done              = $D5A5 ; addr, local, , ss_c, code_compiler, engine.h::move::0::62:271
mp_h_nj_not_moving              = $D5B7 ; addr, local, , ss_c, code_compiler, engine.h::move::0::62:271
mp_h_nj_moving_noinc            = $D5B4 ; addr, local, , ss_c, code_compiler, engine.h::move::0::62:271
mp_h_conv_left_do               = $D5D7 ; addr, local, , ss_c, code_compiler, engine.h::move::0::62:271
mp_h_conv_left_done             = $D5D8 ; addr, local, , ss_c, code_compiler, engine.h::move::0::62:271
mp_h_conv_right_do              = $D5E6 ; addr, local, , ss_c, code_compiler, engine.h::move::0::62:271
mp_h_conv_right_done            = $D5E7 ; addr, local, , ss_c, code_compiler, engine.h::move::0::62:271
mp_h_j_right                    = $D5F4 ; addr, local, , ss_c, code_compiler, engine.h::move::0::62:271
mp_h_chc_done                   = $D663 ; addr, local, , ss_c, code_compiler, engine.h::move::0::62:271
mp_h_chc_left                   = $D63F ; addr, local, , ss_c, code_compiler, engine.h::move::0::62:271
mp_h_chc_right                  = $D61B ; addr, local, , ss_c, code_compiler, engine.h::move::0::62:271
mp_h_chc_right_coll             = $D635 ; addr, local, , ss_c, code_compiler, engine.h::move::0::62:271
mp_h_chc_left_coll              = $D659 ; addr, local, , ss_c, code_compiler, engine.h::move::0::62:271
mp_jm_nsal                      = $D67A ; addr, local, , ss_c, code_compiler, engine.h::move::0::62:271
mp_jm_done                      = $D6AF ; addr, local, , ss_c, code_compiler, engine.h::move::0::62:271
mp_jm_up_done                   = $D699 ; addr, local, , ss_c, code_compiler, engine.h::move::0::62:271
i_93                            = $D6D1 ; addr, local, , ss_c, code_compiler, engine.h::move::0::62:271
i_94                            = $D6E7 ; addr, local, , ss_c, code_compiler, engine.h::move::0::62:271
i_95                            = $D6E1 ; addr, local, , ss_c, code_compiler, engine.h::move::0::62:271
i_96                            = $D6E7 ; addr, local, , ss_c, code_compiler, engine.h::move::0::62:271
move_enemies_loop               = $D72C ; addr, local, , ss_c, code_compiler, engine.h::move_enemies::0::69:909
update_this_enem                = $D779 ; addr, local, , ss_c, code_compiler, engine.h::move_enemies::0::69:909
next_enem                       = $D76C ; addr, local, , ss_c, code_compiler, engine.h::move_enemies::0::69:909
change_en_mx                    = $D7A5 ; addr, local, , ss_c, code_compiler, engine.h::move_enemies::0::69:909
nochange_en_mx                  = $D7AD ; addr, local, , ss_c, code_compiler, engine.h::move_enemies::0::69:909
change_en_my                    = $D7BD ; addr, local, , ss_c, code_compiler, engine.h::move_enemies::0::69:909
nochange_en_my                  = $D7C5 ; addr, local, , ss_c, code_compiler, engine.h::move_enemies::0::69:909
nocollide_en                    = $D7DF ; addr, local, , ss_c, code_compiler, engine.h::move_enemies::0::69:909
noupd_en_spr                    = $D826 ; addr, local, , ss_c, code_compiler, engine.h::move_enemies::0::69:909
upd_en_spr                      = $D7EF ; addr, local, , ss_c, code_compiler, engine.h::move_enemies::0::69:909
setFacing                       = $D80A ; addr, local, , ss_c, code_compiler, engine.h::move_enemies::0::69:909
setFacingDone                   = $D80C ; addr, local, , ss_c, code_compiler, engine.h::move_enemies::0::69:909
init_hotspots_loop              = $D84D ; addr, local, , ss_c, code_compiler, engine.h::init_hotspots::0::70:1157
muerte_loop                     = $D871 ; addr, local, , ss_c, code_compiler, engine.h::muerte::0::71:1175
muerte_nochangecol              = $D88B ; addr, local, , ss_c, code_compiler, engine.h::muerte::0::71:1175
mb1                             = $D894 ; addr, local, , ss_c, code_compiler, engine.h::muerte::0::71:1175
rand16                          = $D8E0 ; addr, local, , ss_c, code_compiler, engine.h::rand::0::72:1266
nextrand                        = $D8FC ; addr, local, , ss_c, code_compiler, engine.h::rand::0::72:1266
i_97                            = $D981 ; addr, local, , ss_c, code_compiler, engine.h::game::0::73:1310
i_99                            = $D99D ; addr, local, , ss_c, code_compiler, engine.h::game::0::73:1310
ml_an_b_done                    = $D9D6 ; addr, local, , ss_c, code_compiler, engine.h::game::0::73:1310
ml_hotspots_done                = $DA4E ; addr, local, , ss_c, code_compiler, engine.h::game::0::73:1310
ml_hotspots                     = $D9E9 ; addr, local, , ss_c, code_compiler, engine.h::game::0::73:1310
ml_hotspots_t2                  = $DA37 ; addr, local, , ss_c, code_compiler, engine.h::game::0::73:1310
ml_hotspots_deact               = $DA4A ; addr, local, , ss_c, code_compiler, engine.h::game::0::73:1310
ml_inclife                      = $DA42 ; addr, local, , ss_c, code_compiler, engine.h::game::0::73:1310
ml_setlife                      = $DA44 ; addr, local, , ss_c, code_compiler, engine.h::game::0::73:1310
i_102                           = $DA9B ; addr, local, , ss_c, code_compiler, engine.h::game::0::73:1310
i_100                           = $DA96 ; addr, local, , ss_c, code_compiler, engine.h::game::0::73:1310
i_101                           = $DB65 ; addr, local, , ss_c, code_compiler, engine.h::game::0::73:1310
i_103                           = $DAFB ; addr, local, , ss_c, code_compiler, engine.h::game::0::73:1310
i_104                           = $DB02 ; addr, local, , ss_c, code_compiler, engine.h::game::0::73:1310
_attrs_byte                     = $5B08 ; const, local, , ss_c, code_compiler, ss.c::main::0::83:65
i_105                           = $DBC4 ; addr, local, , ss_c, code_compiler, engine.h::game::0::73:1310
nohalo                          = $DBC2 ; addr, local, , ss_c, code_compiler, engine.h::game::0::73:1310
halodone                        = $DBC4 ; addr, local, , ss_c, code_compiler, engine.h::game::0::73:1310
ml_min_faps_loop                = $DBC4 ; addr, local, , ss_c, code_compiler, engine.h::game::0::73:1310
ml_min_faps_loop_end            = $DBCE ; addr, local, , ss_c, code_compiler, engine.h::game::0::73:1310
i_107                           = $DBE9 ; addr, local, , ss_c, code_compiler, engine.h::game::0::73:1310
i_108                           = $DBEC ; addr, local, , ss_c, code_compiler, engine.h::game::0::73:1310
i_106                           = $DC04 ; addr, local, , ss_c, code_compiler, engine.h::game::0::73:1310
i_98                            = $DCA5 ; addr, local, , ss_c, code_compiler, engine.h::game::0::73:1310
i_109                           = $DC1A ; addr, local, , ss_c, code_compiler, engine.h::game::0::73:1310
flick_left_done                 = $DC37 ; addr, local, , ss_c, code_compiler, engine.h::game::0::73:1310
flick_left_do                   = $DC31 ; addr, local, , ss_c, code_compiler, engine.h::game::0::73:1310
flick_right_done                = $DC4D ; addr, local, , ss_c, code_compiler, engine.h::game::0::73:1310
flick_right_do                  = $DC48 ; addr, local, , ss_c, code_compiler, engine.h::game::0::73:1310
flick_up_done                   = $DC7E ; addr, local, , ss_c, code_compiler, engine.h::game::0::73:1310
flick_up_do                     = $DC61 ; addr, local, , ss_c, code_compiler, engine.h::game::0::73:1310
flick_up_out_of_the_map         = $DC77 ; addr, local, , ss_c, code_compiler, engine.h::game::0::73:1310
flick_down_done                 = $DCA2 ; addr, local, , ss_c, code_compiler, engine.h::game::0::73:1310
flick_down_do                   = $DC96 ; addr, local, , ss_c, code_compiler, engine.h::game::0::73:1310
load_tileset_loop               = $DCFC ; addr, local, , ss_c, code_compiler, ss.c::main::0::83:65
i_112                           = $DD4C ; addr, local, , ss_c, code_compiler, ss.c::main::0::83:65
i_110                           = $DD47 ; addr, local, , ss_c, code_compiler, ss.c::main::0::83:65
i_111                           = $DDCE ; addr, local, , ss_c, code_compiler, ss.c::main::0::83:65
fix_sprites                     = $DDCE ; addr, local, , ss_c, code_compiler, ss.c::main::0::83:65
fix_sprites_rep1                = $DDDB ; addr, local, , ss_c, code_compiler, ss.c::main::0::83:65
ib1                             = $5DE8 ; addr, local, , SPAddMemory, , blockmemoryalloc/SPAddMemory.asm:36
ib2                             = $5DEF ; addr, local, , SPAddMemory, , blockmemoryalloc/SPAddMemory.asm:44
keyok                           = $DF16 ; addr, local, , sp_GetKey_c, code_compiler, sp_GetKey.c::sp_GetKey::0::0:15
DISP_HIRES                      = $0000 ; const, local, , SPCompDListAddr, , SPconfig.def:18
SProtatetbl                     = $F000 ; const, local, , SPCompDListAddr, , SPconfig.def:51
AYREG_128                       = $FFFD ; const, local, , SPCompDListAddr, , SPconfig.def:82
AYDAT_128                       = $BFFD ; const, local, , SPCompDListAddr, , SPconfig.def:83
DISP_HIRES                      = $0000 ; const, local, , SPCompDirtyAddr, , SPconfig.def:18
AYREG_128                       = $FFFD ; const, local, , SPCompDirtyAddr, , SPconfig.def:82
AYDAT_128                       = $BFFD ; const, local, , SPCompDirtyAddr, , SPconfig.def:83
DISP_HIRES                      = $0000 ; const, local, , SPDirtyChars, , SPconfig.def:18
DISP_TMXDUAL                    = $0000 ; const, local, , SPDirtyChars, , SPconfig.def:21
SP_ROWSTART                     = $0000 ; const, local, , SPDirtyChars, , SPconfig.def:30
SP_ROWEND                       = $0018 ; const, local, , SPDirtyChars, , SPconfig.def:31
AYREG_128                       = $FFFD ; const, local, , SPDirtyChars, , SPconfig.def:82
AYDAT_128                       = $BFFD ; const, local, , SPDirtyChars, , SPconfig.def:83
DISP_HIRES                      = $0000 ; const, local, , SPDisplayList, , SPconfig.def:18
SP_ROWSTART                     = $0000 ; const, local, , SPDisplayList, , SPconfig.def:30
SP_ROWEND                       = $0018 ; const, local, , SPDisplayList, , SPconfig.def:31
AYREG_128                       = $FFFD ; const, local, , SPDisplayList, , SPconfig.def:82
AYDAT_128                       = $BFFD ; const, local, , SPDisplayList, , SPconfig.def:83
DISP_HICOLOUR                   = $0000 ; const, local, , SPNullSprPtr, , SPconfig.def:15
AYREG_128                       = $FFFD ; const, local, , SPNullSprPtr, , SPconfig.def:82
AYDAT_128                       = $BFFD ; const, local, , SPNullSprPtr, , SPconfig.def:83
NUMQUEUES                       = $0001 ; const, local, , SPqueuetable, , SPconfig.def:73
AYREG_128                       = $FFFD ; const, local, , SPqueuetable, , SPconfig.def:82
AYDAT_128                       = $BFFD ; const, local, , SPqueuetable, , SPconfig.def:83
DISP_HICOLOUR                   = $0000 ; const, local, , SPTileArray, , SPconfig.def:15
AYREG_128                       = $FFFD ; const, local, , SPTileArray, , SPconfig.def:82
AYDAT_128                       = $BFFD ; const, local, , SPTileArray, , SPconfig.def:83
state                           = $6CD2 ; addr, local, , SPGetKey, , input/SPGetKey.asm:30
count                           = $6CD3 ; addr, local, , SPGetKey, , input/SPGetKey.asm:32
scanloop                        = $6CEF ; addr, local, , SPGetKey, , input/SPGetKey.asm:80
keyrowloop                      = $6CF3 ; addr, local, , SPGetKey, , input/SPGetKey.asm:84
nopress                         = $6D03 ; addr, local, , SPGetKey, , input/SPGetKey.asm:95
toomanykeys                     = $6D54 ; addr, local, , SPGetKey, , input/SPGetKey.asm:154
nextscanrow                     = $6D08 ; addr, local, , SPGetKey, , input/SPGetKey.asm:100
nokeys                          = $6D54 ; addr, local, , SPGetKey, , input/SPGetKey.asm:155
atmaxcount                      = $6D19 ; addr, local, , SPGetKey, , input/SPGetKey.asm:112
skip                            = $6D30 ; addr, local, , SPGetKey, , input/SPGetKey.asm:126
nocaps                          = $6D46 ; addr, local, , SPGetKey, , input/SPGetKey.asm:141
nosym                           = $6D51 ; addr, local, , SPGetKey, , input/SPGetKey.asm:149
kemptbl                         = $6E07 ; addr, local, , SPJoyKempston, , input/SPJoyKempston.asm:27
nofire                          = $6E34 ; addr, local, , SPJoyKeyboard, , input/SPJoyKeyboard.asm:36
jkloop                          = $6E34 ; addr, local, , SPJoyKeyboard, , input/SPJoyKeyboard.asm:37
nopress                         = $6E3F ; addr, local, , SPJoyKeyboard, , input/SPJoyKeyboard.asm:48
sinc1tbl                        = $6E52 ; addr, local, , SPJoySinclair1, , input/SPJoySinclair1.asm:25
nocaps                          = $6E7E ; addr, local, , SPKeyPressed, , input/SPKeyPressed.asm:25
nosym                           = $6E8A ; addr, local, , SPKeyPressed, , input/SPKeyPressed.asm:34
noinc                           = $6E9C ; addr, local, , SPtbllookup, , input/SPtbllookup.asm:17
GenericISR                      = $6EA7 ; addr, local, , SPCreateGenericISR, , interrupts/SPCreateGenericISR.asm:37
pushreg                         = $6EB3 ; addr, local, , SPCreateGenericISR, , interrupts/SPCreateGenericISR.asm:44
position                        = $6EAA ; addr, local, , SPCreateGenericISR, , interrupts/SPCreateGenericISR.asm:39
runhooks                        = $6EC3 ; addr, local, , SPCreateGenericISR, , interrupts/SPCreateGenericISR.asm:61
popreg                          = $6ED5 ; addr, local, , SPCreateGenericISR, , interrupts/SPCreateGenericISR.asm:77
JPHL                            = $6EC2 ; addr, local, , SPCreateGenericISR, , interrupts/SPCreateGenericISR.asm:58
IM2TABLE                        = $F000 ; const, local, , SPInitIM2, , SPconfig.def:62
EVENVECTORS                     = $0000 ; const, local, , SPInitIM2, , SPconfig.def:66
AYREG_128                       = $FFFD ; const, local, , SPInitIM2, , SPconfig.def:82
AYDAT_128                       = $BFFD ; const, local, , SPInitIM2, , SPconfig.def:83
IM2TABLE                        = $F000 ; const, local, , SPRegisterHookLast, , SPconfig.def:62
AYREG_128                       = $FFFD ; const, local, , SPRegisterHookLast, , SPconfig.def:82
AYDAT_128                       = $BFFD ; const, local, , SPRegisterHookLast, , SPconfig.def:83
loop                            = $6F07 ; addr, local, , SPRegisterHookLast, , interrupts/SPRegisterHookLast.asm:35
done                            = $6F12 ; addr, local, , SPRegisterHookLast, , interrupts/SPRegisterHookLast.asm:45
DISP_HICOLOUR                   = $0000 ; const, local, , SPInitialize, , SPconfig.def:15
DISP_HIRES                      = $0000 ; const, local, , SPInitialize, , SPconfig.def:18
SP_ROWSTART                     = $0000 ; const, local, , SPInitialize, , SPconfig.def:30
SP_ROWEND                       = $0018 ; const, local, , SPInitialize, , SPconfig.def:31
SProtatetbl                     = $F000 ; const, local, , SPInitialize, , SPconfig.def:51
AYREG_128                       = $FFFD ; const, local, , SPInitialize, , SPconfig.def:82
AYDAT_128                       = $BFFD ; const, local, , SPInitialize, , SPconfig.def:83
rottbllp                        = $6F41 ; addr, local, , SPInitialize, , miscellaneous/SPInitialize.asm:60
entrylp                         = $6F48 ; addr, local, , SPInitialize, , miscellaneous/SPInitialize.asm:66
rotlp                           = $6F4B ; addr, local, , SPInitialize, , miscellaneous/SPInitialize.asm:70
DISP_HICOLOUR                   = $0000 ; const, local, , SPAddColSpr, , SPconfig.def:15
COMPRESS                        = $0000 ; const, local, , SPAddColSpr, , SPconfig.def:44
AYREG_128                       = $FFFD ; const, local, , SPAddColSpr, , SPconfig.def:82
AYDAT_128                       = $BFFD ; const, local, , SPAddColSpr, , SPconfig.def:83
acnocry                         = $6F6A ; addr, local, , SPAddColSpr, , sprites/SPAddColSpr.asm:39
acloop                          = $6F7B ; addr, local, , SPAddColSpr, , sprites/SPAddColSpr.asm:48
JPHL                            = $7006 ; addr, local, , SPAddColSpr, , sprites/SPAddColSpr.asm:176
acfail                          = $6FF5 ; addr, local, , SPAddColSpr, , sprites/SPAddColSpr.asm:164
noinc1                          = $6FB7 ; addr, local, , SPAddColSpr, , sprites/SPAddColSpr.asm:95
acnocry3                        = $6FCB ; addr, local, , SPAddColSpr, , sprites/SPAddColSpr.asm:131
DISP_HICOLOUR                   = $0000 ; const, local, , SPCreateSpr, , SPconfig.def:15
DISP_HIRES                      = $0000 ; const, local, , SPCreateSpr, , SPconfig.def:18
COMPRESS                        = $0000 ; const, local, , SPCreateSpr, , SPconfig.def:44
SProtatetbl                     = $F000 ; const, local, , SPCreateSpr, , SPconfig.def:51
AYREG_128                       = $FFFD ; const, local, , SPCreateSpr, , SPconfig.def:82
AYDAT_128                       = $BFFD ; const, local, , SPCreateSpr, , SPconfig.def:83
JPHL                            = $70A6 ; addr, local, , SPCreateSpr, , sprites/SPCreateSpr.asm:205
csfail1                         = $709B ; addr, local, , SPCreateSpr, , sprites/SPCreateSpr.asm:192
csfail2                         = $709D ; addr, local, , SPCreateSpr, , sprites/SPCreateSpr.asm:196
csenter                         = $7066 ; addr, local, , SPCreateSpr, , sprites/SPCreateSpr.asm:115
csloop                          = $7052 ; addr, local, , SPCreateSpr, , sprites/SPCreateSpr.asm:100
notcompress                     = $7078 ; addr, local, , SPCreateSpr, , sprites/SPCreateSpr.asm:153
cont                            = $707D ; addr, local, , SPCreateSpr, , sprites/SPCreateSpr.asm:157
csnocry                         = $7091 ; addr, local, , SPCreateSpr, , sprites/SPCreateSpr.asm:185
AYREG_128                       = $FFFD ; const, local, , SPDeleteSpr, , SPconfig.def:82
AYDAT_128                       = $BFFD ; const, local, , SPDeleteSpr, , SPconfig.def:83
loop                            = $70AB ; addr, local, , SPDeleteSpr, , sprites/SPDeleteSpr.asm:27
JPHL                            = $70C0 ; addr, local, , SPDeleteSpr, , sprites/SPDeleteSpr.asm:46
DISP_HICOLOUR                   = $0000 ; const, local, , SPMoveSprAbs, , SPconfig.def:15
DISP_HIRES                      = $0000 ; const, local, , SPMoveSprAbs, , SPconfig.def:18
SP_ROWSTART                     = $0000 ; const, local, , SPMoveSprAbs, , SPconfig.def:30
SP_ROWEND                       = $0018 ; const, local, , SPMoveSprAbs, , SPconfig.def:31
COMPRESS                        = $0000 ; const, local, , SPMoveSprAbs, , SPconfig.def:44
SProtatetbl                     = $F000 ; const, local, , SPMoveSprAbs, , SPconfig.def:51
USEPLANES                       = $0000 ; const, local, , SPMoveSprAbs, , SPconfig.def:56
AYREG_128                       = $FFFD ; const, local, , SPMoveSprAbs, , SPconfig.def:82
AYDAT_128                       = $BFFD ; const, local, , SPMoveSprAbs, , SPconfig.def:83
computedisp                     = $71F3 ; addr, local, , SPMoveSprAbs, , sprites/SPMoveSprAbs.asm:307
adjloop                         = $70DC ; addr, local, , SPMoveSprAbs, , sprites/SPMoveSprAbs.asm:47
invalidate                      = $71E4 ; addr, local, , SPMoveSprAbs, , sprites/SPMoveSprAbs.asm:299
adjustgraphics                  = $7216 ; addr, local, , SPMoveSprAbs, , sprites/SPMoveSprAbs.asm:358
yinscreen                       = $7102 ; addr, local, , SPMoveSprAbs, , sprites/SPMoveSprAbs.asm:75
xinscreen                       = $7112 ; addr, local, , SPMoveSprAbs, , sprites/SPMoveSprAbs.asm:95
mvcolloop                       = $7129 ; addr, local, , SPMoveSprAbs, , sprites/SPMoveSprAbs.asm:116
mvrowloop                       = $712F ; addr, local, , SPMoveSprAbs, , sprites/SPMoveSprAbs.asm:120
notdone                         = $7139 ; addr, local, , SPMoveSprAbs, , sprites/SPMoveSprAbs.asm:128
notinDList                      = $7165 ; addr, local, , SPMoveSprAbs, , sprites/SPMoveSprAbs.asm:175
noinc1                          = $7151 ; addr, local, , SPMoveSprAbs, , sprites/SPMoveSprAbs.asm:152
nonext1                         = $7165 ; addr, local, , SPMoveSprAbs, , sprites/SPMoveSprAbs.asm:174
notdisplayed                    = $71C9 ; addr, local, , SPMoveSprAbs, , sprites/SPMoveSprAbs.asm:269
noinc2                          = $718A ; addr, local, , SPMoveSprAbs, , sprites/SPMoveSprAbs.asm:200
pdloop                          = $7182 ; addr, local, , SPMoveSprAbs, , sprites/SPMoveSprAbs.asm:193
puthere                         = $7193 ; addr, local, , SPMoveSprAbs, , sprites/SPMoveSprAbs.asm:216
noinc3                          = $71A2 ; addr, local, , SPMoveSprAbs, , sprites/SPMoveSprAbs.asm:230
nodec1                          = $71B0 ; addr, local, , SPMoveSprAbs, , sprites/SPMoveSprAbs.asm:243
noinc4                          = $71BC ; addr, local, , SPMoveSprAbs, , sprites/SPMoveSprAbs.asm:254
nonext2                         = $71C9 ; addr, local, , SPMoveSprAbs, , sprites/SPMoveSprAbs.asm:268
notnegative                     = $7211 ; addr, local, , SPMoveSprAbs, , sprites/SPMoveSprAbs.asm:350
noinc5                          = $7222 ; addr, local, , SPMoveSprAbs, , sprites/SPMoveSprAbs.asm:369
skip1                           = $7232 ; addr, local, , SPMoveSprAbs, , sprites/SPMoveSprAbs.asm:388
skip2                           = $7242 ; addr, local, , SPMoveSprAbs, , sprites/SPMoveSprAbs.asm:407
DISP_HIRES                      = $0000 ; const, local, , SPInvalidate, , SPconfig.def:18
AYREG_128                       = $FFFD ; const, local, , SPInvalidate, , SPconfig.def:82
AYDAT_128                       = $BFFD ; const, local, , SPInvalidate, , SPconfig.def:83
noinc1                          = $7266 ; addr, local, , SPInvalidate, , updater/SPInvalidate.asm:54
invcollp                        = $726A ; addr, local, , SPInvalidate, , updater/SPInvalidate.asm:60
invfullchar                     = $727D ; addr, local, , SPInvalidate, , updater/SPInvalidate.asm:78
noinc2                          = $7279 ; addr, local, , SPInvalidate, , updater/SPInvalidate.asm:72
invrowlp                        = $727F ; addr, local, , SPInvalidate, , updater/SPInvalidate.asm:82
noinc3                          = $728A ; addr, local, , SPInvalidate, , updater/SPInvalidate.asm:96
tryotherway                     = $72ED ; addr, local, , SPIntRect, , miscellaneous/SPIntRect.asm:97
broken                          = $730A ; addr, local, , SPIntRect, , miscellaneous/SPIntRect.asm:131
DISP_SPECTRUM                   = $0001 ; const, local, , SPUpdateNow, , SPconfig.def:12
DISP_HICOLOUR                   = $0000 ; const, local, , SPUpdateNow, , SPconfig.def:15
DISP_HIRES                      = $0000 ; const, local, , SPUpdateNow, , SPconfig.def:18
DISP_TMXDUAL                    = $0000 ; const, local, , SPUpdateNow, , SPconfig.def:21
SP_ROWSTART                     = $0000 ; const, local, , SPUpdateNow, , SPconfig.def:30
SP_ROWEND                       = $0018 ; const, local, , SPUpdateNow, , SPconfig.def:31
NOFLICKER                       = $0001 ; const, local, , SPUpdateNow, , SPconfig.def:36
SCROLLER                        = $0000 ; const, local, , SPUpdateNow, , SPconfig.def:40
COMPRESS                        = $0000 ; const, local, , SPUpdateNow, , SPconfig.def:44
AYREG_128                       = $FFFD ; const, local, , SPUpdateNow, , SPconfig.def:82
AYDAT_128                       = $BFFD ; const, local, , SPUpdateNow, , SPconfig.def:83
FLASHASFG                       = $0000 ; const, local, , SPUpdateNow, , SPconfig.def:94
tempgraphic                     = $7311 ; addr, local, , SPUpdateNow, , updater/SPUpdateNow.asm:76
tempcolour                      = $7319 ; addr, local, , SPUpdateNow, , updater/SPUpdateNow.asm:85
dosprites                       = $731B ; addr, local, , SPUpdateNow, , updater/SPUpdateNow.asm:92
dirtyloop                       = $7328 ; addr, local, , SPUpdateNow, , updater/SPUpdateNow.asm:113
dirtyarea                       = $734E ; addr, local, , SPUpdateNow, , updater/SPUpdateNow.asm:184
notacrossblk1                   = $7338 ; addr, local, , SPUpdateNow, , updater/SPUpdateNow.asm:136
noinc1                          = $7340 ; addr, local, , SPUpdateNow, , updater/SPUpdateNow.asm:150
reenter                         = $7340 ; addr, local, , SPUpdateNow, , updater/SPUpdateNow.asm:151
drawchar                        = $73BE ; addr, local, , SPUpdateNow, , updater/SPUpdateNow.asm:364
notacrossblk2                   = $7388 ; addr, local, , SPUpdateNow, , updater/SPUpdateNow.asm:257
tileonly                        = $738F ; addr, local, , SPUpdateNow, , updater/SPUpdateNow.asm:276
noinc11                         = $739A ; addr, local, , SPUpdateNow, , updater/SPUpdateNow.asm:326
nomoresprites                   = $7550 ; addr, local, , SPUpdateNow, , updater/SPUpdateNow.asm:1276
notload                         = $73EC ; addr, local, , SPUpdateNow, , updater/SPUpdateNow.asm:495
loadtype                        = $75AF ; addr, local, , SPUpdateNow, , updater/SPUpdateNow.asm:1458
noinc10                         = $73F7 ; addr, local, , SPUpdateNow, , updater/SPUpdateNow.asm:503
spriteloop                      = $740C ; addr, local, , SPUpdateNow, , updater/SPUpdateNow.asm:554
dosprite                        = $7410 ; addr, local, , SPUpdateNow, , updater/SPUpdateNow.asm:569
skip_sprite_update              = $7522 ; addr, local, , SPUpdateNow, , updater/SPUpdateNow.asm:1179
xortype                         = $763C ; addr, local, , SPUpdateNow, , updater/SPUpdateNow.asm:1867
ortype                          = $76F4 ; addr, local, , SPUpdateNow, , updater/SPUpdateNow.asm:2216
masknorotate                    = $7564 ; addr, local, , SPUpdateNow, , updater/SPUpdateNow.asm:1316
coloursprite                    = $7521 ; addr, local, , SPUpdateNow, , updater/SPUpdateNow.asm:1177
clear                           = $7523 ; addr, local, , SPUpdateNow, , updater/SPUpdateNow.asm:1188
copybuffer                      = $752E ; addr, local, , SPUpdateNow, , updater/SPUpdateNow.asm:1206
skipupdatecol                   = $7561 ; addr, local, , SPUpdateNow, , updater/SPUpdateNow.asm:1308
loadnorotate                    = $761D ; addr, local, , SPUpdateNow, , updater/SPUpdateNow.asm:1710
xornorotate                     = $76C2 ; addr, local, , SPUpdateNow, , updater/SPUpdateNow.asm:2087
ornorotate                      = $777A ; addr, local, , SPUpdateNow, , updater/SPUpdateNow.asm:2436
__CLIB_OPT_IMATH                = $0000 ; const, local, , l_divu_16_16x16, , ../config_private.inc:27
divide_zero                     = $ED03 ; addr, local, , l_small_divu_16_16x16, code_math, ../_DEVELOPMENT/math/integer/small/l_small_divu_16_16x16.asm:141
divisor_sixteen_bit             = $ECD5 ; addr, local, , l_small_divu_16_16x16, code_math, ../_DEVELOPMENT/math/integer/small/l_small_divu_16_16x16.asm:50
loop_16_0                       = $ECDB ; addr, local, , l_small_divu_16_16x16, code_math, ../_DEVELOPMENT/math/integer/small/l_small_divu_16_16x16.asm:60
loop_16_1                       = $ECE3 ; addr, local, , l_small_divu_16_16x16, code_math, ../_DEVELOPMENT/math/integer/small/l_small_divu_16_16x16.asm:69
loop_8_0                        = $ECF5 ; addr, local, , l_small_divu_16_16x16, code_math, ../_DEVELOPMENT/math/integer/small/l_small_divu_16_16x16.asm:118
loop_8_2                        = $ECFC ; addr, local, , l_small_divu_16_16x16, code_math, ../_DEVELOPMENT/math/integer/small/l_small_divu_16_16x16.asm:127
loop_8_1                        = $ECFE ; addr, local, , l_small_divu_16_16x16, code_math, ../_DEVELOPMENT/math/integer/small/l_small_divu_16_16x16.asm:132
__CLIB_OPT_IMATH                = $0000 ; const, local, , l_mulu_16_16x16, , ../config_private.inc:27
eight_bit_1                     = $ED16 ; addr, local, , l_small_mul_16_16x16, code_math, ../_DEVELOPMENT/math/integer/small/l_small_mul_16_16x16.asm:40
eight_bit_0                     = $ED15 ; addr, local, , l_small_mul_16_16x16, code_math, ../_DEVELOPMENT/math/integer/small/l_small_mul_16_16x16.asm:36
rejoin                          = $ED19 ; addr, local, , l_small_mul_16_16x16, code_math, ../_DEVELOPMENT/math/integer/small/l_small_mul_16_16x16.asm:57
loop_0                          = $ED1C ; addr, local, , l_small_mul_16_16x16, code_math, ../_DEVELOPMENT/math/integer/small/l_small_mul_16_16x16.asm:61
loop_1                          = $ED23 ; addr, local, , l_small_mul_16_16x16, code_math, ../_DEVELOPMENT/math/integer/small/l_small_mul_16_16x16.asm:75
_u_malloc                       = $DF81 ; addr, public, , ss_c, data_compiler, globals.h::my_malloc::0::1:18
_u_free                         = $DF83 ; addr, public, , ss_c, data_compiler, globals.h::my_malloc::0::1:19
_AD_FREE                        = $E960 ; addr, public, , ss_c, bss_compiler, ss.c::main::0::83:65
_joyfunc                        = $EBB8 ; addr, public, , ss_c, bss_compiler, ss.c::main::0::83:65
_my_malloc                      = $77AC ; addr, public, , ss_c, code_compiler, globals.h::my_malloc::0::0:17
_sp_player                      = $EBBA ; addr, public, , ss_c, bss_compiler, ss.c::main::0::83:65
_sp_moviles                     = $EBBC ; addr, public, , ss_c, bss_compiler, ss.c::main::0::83:65
_asm_number                     = $77BD ; addr, public, , ss_c, code_compiler, globals.h::my_malloc::0::1:38
_asm_int                        = $77BE ; addr, public, , ss_c, code_compiler, globals.h::my_malloc::0::1:38
_asm_int_2                      = $77C0 ; addr, public, , ss_c, code_compiler, globals.h::my_malloc::0::1:38
_seed                           = $77C2 ; addr, public, , ss_c, code_compiler, globals.h::my_malloc::0::1:38
_half_life                      = $EBC2 ; addr, public, , ss_c, bss_compiler, ss.c::main::0::83:65
_enoffs                         = $EBC3 ; addr, public, , ss_c, bss_compiler, ss.c::main::0::83:65
_gpit                           = $EBC4 ; addr, public, , ss_c, bss_compiler, ss.c::main::0::83:65
_gpjt                           = $EBC5 ; addr, public, , ss_c, bss_compiler, ss.c::main::0::83:65
_rda                            = $EBC6 ; addr, public, , ss_c, bss_compiler, ss.c::main::0::83:65
_rdb                            = $EBC7 ; addr, public, , ss_c, bss_compiler, ss.c::main::0::83:65
_rdc                            = $EBC8 ; addr, public, , ss_c, bss_compiler, ss.c::main::0::83:65
_rdm                            = $EBC9 ; addr, public, , ss_c, bss_compiler, ss.c::main::0::83:65
_rdx                            = $EBCA ; addr, public, , ss_c, bss_compiler, ss.c::main::0::83:65
_rdy                            = $EBCB ; addr, public, , ss_c, bss_compiler, ss.c::main::0::83:65
_rdt                            = $EBCC ; addr, public, , ss_c, bss_compiler, ss.c::main::0::83:65
__x                             = $EBCD ; addr, public, , ss_c, bss_compiler, ss.c::main::0::83:65
__y                             = $EBCE ; addr, public, , ss_c, bss_compiler, ss.c::main::0::83:65
__c                             = $EBCF ; addr, public, , ss_c, bss_compiler, ss.c::main::0::83:65
__t                             = $EBD0 ; addr, public, , ss_c, bss_compiler, ss.c::main::0::83:65
_cx1                            = $EBD1 ; addr, public, , ss_c, bss_compiler, ss.c::main::0::83:65
_cx2                            = $EBD2 ; addr, public, , ss_c, bss_compiler, ss.c::main::0::83:65
_cy1                            = $EBD3 ; addr, public, , ss_c, bss_compiler, ss.c::main::0::83:65
_cy2                            = $EBD4 ; addr, public, , ss_c, bss_compiler, ss.c::main::0::83:65
_at1                            = $EBD5 ; addr, public, , ss_c, bss_compiler, ss.c::main::0::83:65
_at2                            = $EBD6 ; addr, public, , ss_c, bss_compiler, ss.c::main::0::83:65
_ptx1                           = $EBD7 ; addr, public, , ss_c, bss_compiler, ss.c::main::0::83:65
_ptx2                           = $EBD8 ; addr, public, , ss_c, bss_compiler, ss.c::main::0::83:65
_pty1                           = $EBD9 ; addr, public, , ss_c, bss_compiler, ss.c::main::0::83:65
_pty2                           = $EBDA ; addr, public, , ss_c, bss_compiler, ss.c::main::0::83:65
_pty2b                          = $EBDB ; addr, public, , ss_c, bss_compiler, ss.c::main::0::83:65
_denew                          = $EBDC ; addr, public, , ss_c, bss_compiler, ss.c::main::0::83:65
_gpint                          = $EBDD ; addr, public, , ss_c, bss_compiler, ss.c::main::0::83:65
_gen_pt                         = $EBDF ; addr, public, , ss_c, bss_compiler, ss.c::main::0::83:65
_map_pt                         = $EBE1 ; addr, public, , ss_c, bss_compiler, ss.c::main::0::83:65
_n_pant                         = $EBE3 ; addr, public, , ss_c, bss_compiler, ss.c::main::0::83:65
_o_pant                         = $EBE4 ; addr, public, , ss_c, bss_compiler, ss.c::main::0::83:65
_map_pointer                    = $EBE5 ; addr, public, , ss_c, bss_compiler, ss.c::main::0::83:65
_keys                           = $DF85 ; addr, public, , ss_c, data_compiler, globals.h::my_malloc::0::1:63
_key_r                          = $DF8F ; addr, public, , ss_c, data_compiler, globals.h::my_malloc::0::1:71
_key_g                          = $DF91 ; addr, public, , ss_c, data_compiler, globals.h::my_malloc::0::1:72
_key_z                          = $DF93 ; addr, public, , ss_c, data_compiler, globals.h::my_malloc::0::1:73
_key_1                          = $DF95 ; addr, public, , ss_c, data_compiler, globals.h::my_malloc::0::1:75
_key_2                          = $DF97 ; addr, public, , ss_c, data_compiler, globals.h::my_malloc::0::1:76
_key_3                          = $DF99 ; addr, public, , ss_c, data_compiler, globals.h::my_malloc::0::1:77
_p_x                            = $EBE7 ; addr, public, , ss_c, bss_compiler, ss.c::main::0::83:65
_p_y                            = $EBE8 ; addr, public, , ss_c, bss_compiler, ss.c::main::0::83:65
_p_vx                           = $EBE9 ; addr, public, , ss_c, bss_compiler, ss.c::main::0::83:65
_p_vy                           = $EBEA ; addr, public, , ss_c, bss_compiler, ss.c::main::0::83:65
_p_jmx                          = $EBEB ; addr, public, , ss_c, bss_compiler, ss.c::main::0::83:65
_p_jmy                          = $EBEC ; addr, public, , ss_c, bss_compiler, ss.c::main::0::83:65
_p_sal                          = $EBED ; addr, public, , ss_c, bss_compiler, ss.c::main::0::83:65
_p_nu                           = $EBEE ; addr, public, , ss_c, bss_compiler, ss.c::main::0::83:65
_p_frame                        = $EBEF ; addr, public, , ss_c, bss_compiler, ss.c::main::0::83:65
_p_facing                       = $EBF0 ; addr, public, , ss_c, bss_compiler, ss.c::main::0::83:65
_p_life                         = $EBF1 ; addr, public, , ss_c, bss_compiler, ss.c::main::0::83:65
_p_score                        = $EBF2 ; addr, public, , ss_c, bss_compiler, ss.c::main::0::83:65
_p_current_frame                = $EBF3 ; addr, public, , ss_c, bss_compiler, ss.c::main::0::83:65
_p_next_frame                   = $EBF5 ; addr, public, , ss_c, bss_compiler, ss.c::main::0::83:65
_possee                         = $EBF7 ; addr, public, , ss_c, bss_compiler, ss.c::main::0::83:65
__en_x                          = $EBF8 ; addr, public, , ss_c, bss_compiler, ss.c::main::0::83:65
__en_y                          = $EBF9 ; addr, public, , ss_c, bss_compiler, ss.c::main::0::83:65
_enoffsmasi                     = $EBFA ; addr, public, , ss_c, bss_compiler, ss.c::main::0::83:65
_enit                           = $EBFB ; addr, public, , ss_c, bss_compiler, ss.c::main::0::83:65
_en_an_frame                    = $EBFC ; addr, public, , ss_c, bss_compiler, ss.c::main::0::83:65
_en_an_count                    = $EBFF ; addr, public, , ss_c, bss_compiler, ss.c::main::0::83:65
_en_an_base_cell                = $EC02 ; addr, public, , ss_c, bss_compiler, ss.c::main::0::83:65
_en_an_current_frame            = $EC05 ; addr, public, , ss_c, bss_compiler, ss.c::main::0::83:65
_en_an_next_frame               = $EC0B ; addr, public, , ss_c, bss_compiler, ss.c::main::0::83:65
_en_x                           = $EC11 ; addr, public, , ss_c, bss_compiler, ss.c::main::0::83:65
_en_y                           = $EC14 ; addr, public, , ss_c, bss_compiler, ss.c::main::0::83:65
_en_vx                          = $EC17 ; addr, public, , ss_c, bss_compiler, ss.c::main::0::83:65
_en_vy                          = $EC1A ; addr, public, , ss_c, bss_compiler, ss.c::main::0::83:65
__en_x1                         = $EC1D ; addr, public, , ss_c, bss_compiler, ss.c::main::0::83:65
__en_y1                         = $EC1E ; addr, public, , ss_c, bss_compiler, ss.c::main::0::83:65
__en_x2                         = $EC1F ; addr, public, , ss_c, bss_compiler, ss.c::main::0::83:65
__en_y2                         = $EC20 ; addr, public, , ss_c, bss_compiler, ss.c::main::0::83:65
__en_mx                         = $EC21 ; addr, public, , ss_c, bss_compiler, ss.c::main::0::83:65
__en_my                         = $EC22 ; addr, public, , ss_c, bss_compiler, ss.c::main::0::83:65
__en_t                          = $EC23 ; addr, public, , ss_c, bss_compiler, ss.c::main::0::83:65
__baddies_pointer               = $EC24 ; addr, public, , ss_c, bss_compiler, ss.c::main::0::83:65
_blobs_v                        = $EC26 ; addr, public, , ss_c, bss_compiler, ss.c::main::0::83:65
_blobs_x                        = $EC3A ; addr, public, , ss_c, bss_compiler, ss.c::main::0::83:65
_blobs_y                        = $EC4E ; addr, public, , ss_c, bss_compiler, ss.c::main::0::83:65
_n_blobs                        = $EC62 ; addr, public, , ss_c, bss_compiler, ss.c::main::0::83:65
_hotspot_x                      = $EC63 ; addr, public, , ss_c, bss_compiler, ss.c::main::0::83:65
_hotspot_y                      = $EC64 ; addr, public, , ss_c, bss_compiler, ss.c::main::0::83:65
_orig_tile                      = $EC65 ; addr, public, , ss_c, bss_compiler, ss.c::main::0::83:65
_level_pointer                  = $CFB5 ; addr, public, , ss_c, code_compiler, levelstruct.h::menu::0::46:41
_yOsc                           = $DF9B ; addr, public, , ss_c, data_compiler, globals.h::my_malloc::0::1:114
_f_win                          = $EC66 ; addr, public, , ss_c, bss_compiler, ss.c::main::0::83:65
_player_on                      = $EC67 ; addr, public, , ss_c, bss_compiler, ss.c::main::0::83:65
_song_playing                   = $EC68 ; addr, public, , ss_c, bss_compiler, ss.c::main::0::83:65
_ovl_x                          = $EC69 ; addr, public, , ss_c, bss_compiler, ss.c::main::0::83:65
_ovl_y                          = $EC6A ; addr, public, , ss_c, bss_compiler, ss.c::main::0::83:65
_c_level_1_bin                  = $77C4 ; addr, public, , ss_c, code_compiler, binassets.h::my_malloc::0::1:4
_c_level_2_bin                  = $7EC9 ; addr, public, , ss_c, code_compiler, binassets.h::my_malloc::0::1:12
_c_level_3_bin                  = $862B ; addr, public, , ss_c, code_compiler, binassets.h::my_malloc::0::1:20
_c_level_4_bin                  = $8D69 ; addr, public, , ss_c, code_compiler, binassets.h::my_malloc::0::1:28
_scr_mojon_twins_bin            = $94B0 ; addr, public, , ss_c, code_compiler, binassets.h::my_malloc::0::1:36
_scr_ubhres_bin                 = $962E ; addr, public, , ss_c, code_compiler, binassets.h::my_malloc::0::1:44
_scr_sheet_bin                  = $9A44 ; addr, public, , ss_c, code_compiler, binassets.h::my_malloc::0::1:52
_scr_menu_bin                   = $9E5A ; addr, public, , ss_c, code_compiler, binassets.h::my_malloc::0::1:60
_scr_marcador_bin               = $A15B ; addr, public, , ss_c, code_compiler, binassets.h::my_malloc::0::1:68
_scr_final_bin                  = $A31A ; addr, public, , ss_c, code_compiler, binassets.h::my_malloc::0::1:76
_draw_char                      = $A98A ; addr, public, , ss_c, code_compiler, printer.h::draw_char::0::1:18
_draw_fast                      = $A9D5 ; addr, public, , ss_c, code_compiler, printer.h::draw_fast::0::2:87
_draw_char_by_char              = $AA35 ; addr, public, , ss_c, code_compiler, printer.h::draw_char_by_char::0::4:100
_any_key                        = $AAFD ; addr, public, , ss_c, code_compiler, printer.h::any_key::0::9:130
_fix_sprites                    = $AB0B ; addr, public, , ss_c, code_compiler, printer.h::fix_sprites::0::10:144
_SetRAMBank                     = $AB33 ; addr, public, , ss_c, code_compiler, 128k.h::SetRAMBank::0::11:2
_ISR                            = $AB4D ; addr, public, , ss_c, code_compiler, wyzplayer.h::ISR::0::12:28
_wyz_init                       = $AB64 ; addr, public, , ss_c, code_compiler, wyzplayer.h::wyz_init::0::13:46
_wyz_play_sound                 = $AB72 ; addr, public, , ss_c, code_compiler, wyzplayer.h::wyz_play_sound::0::14:58
_wyz_play_music                 = $AB85 ; addr, public, , ss_c, code_compiler, wyzplayer.h::wyz_play_music::0::15:74
_wyz_stop_sound                 = $ABA0 ; addr, public, , ss_c, code_compiler, wyzplayer.h::wyz_stop_sound::0::16:91
_blackout_everything            = $ABF4 ; addr, public, , ss_c, code_compiler, zx0.h::blackout_everything::0::17:76
_unpack                         = $AC02 ; addr, public, , ss_c, code_compiler, zx0.h::unpack::0::18:89
_espera_activa                  = $D24A ; addr, public, , ss_c, code_compiler, engine.h::espera_activa::0::54:5
_game                           = $D909 ; addr, public, , ss_c, code_compiler, engine.h::game::0::73:1310
_name_level1                    = $AC1D ; addr, public, , ss_c, code_compiler, menu.h::unpack::0::19:25
_name_level2                    = $AC2A ; addr, public, , ss_c, code_compiler, menu.h::unpack::0::19:25
_name_level3                    = $AC37 ; addr, public, , ss_c, code_compiler, menu.h::unpack::0::19:25
_name_level4                    = $AC44 ; addr, public, , ss_c, code_compiler, menu.h::unpack::0::19:25
_pass1                          = $AC51 ; addr, public, , ss_c, code_compiler, menu.h::unpack::0::19:25
_pass2                          = $AC5A ; addr, public, , ss_c, code_compiler, menu.h::unpack::0::19:25
_pass3                          = $AC65 ; addr, public, , ss_c, code_compiler, menu.h::unpack::0::19:25
_name_levels                    = $DF9C ; addr, public, , ss_c, data_compiler, menu.h::unpack::0::19:22
_passes                         = $DFA4 ; addr, public, , ss_c, data_compiler, menu.h::unpack::0::19:23
_cad_level                      = $DFAA ; addr, public, , ss_c, data_compiler, menu.h::unpack::0::19:51
_start_game_from                = $AC6D ; addr, public, , ss_c, code_compiler, menu.h::start_game_from::0::19:53
_password                       = $EC6B ; addr, public, , ss_c, bss_compiler, ss.c::main::0::83:65
_get_password                   = $AD96 ; addr, public, , ss_c, code_compiler, menu.h::get_password::0::25:99
_menu                           = $AF6B ; addr, public, , ss_c, code_compiler, menu.h::menu::0::35:156
_supertiles                     = $B0D5 ; addr, public, , ss_c, code_compiler, supertileset.h::menu::0::46:5
_tileset                        = $DFAC ; addr, public, , ss_c, data_compiler, tileset.h::menu::0::46:4
_sprite_1_a                     = $B575 ; addr, public, , ss_c, code_compiler, spriteset.h::menu::0::46:55
_sprite_1_b                     = $B5A5 ; addr, public, , ss_c, code_compiler, spriteset.h::menu::0::46:55
_sprite_2_a                     = $B5D5 ; addr, public, , ss_c, code_compiler, spriteset.h::menu::0::46:55
_sprite_2_b                     = $B605 ; addr, public, , ss_c, code_compiler, spriteset.h::menu::0::46:55
_sprite_3_a                     = $B635 ; addr, public, , ss_c, code_compiler, spriteset.h::menu::0::46:55
_sprite_3_b                     = $B665 ; addr, public, , ss_c, code_compiler, spriteset.h::menu::0::46:55
_sprite_4_a                     = $B695 ; addr, public, , ss_c, code_compiler, spriteset.h::menu::0::46:55
_sprite_4_b                     = $B6C5 ; addr, public, , ss_c, code_compiler, spriteset.h::menu::0::46:55
_sprite_5_a                     = $B6F5 ; addr, public, , ss_c, code_compiler, spriteset.h::menu::0::46:55
_sprite_5_b                     = $B725 ; addr, public, , ss_c, code_compiler, spriteset.h::menu::0::46:55
_sprite_6_a                     = $B755 ; addr, public, , ss_c, code_compiler, spriteset.h::menu::0::46:55
_sprite_6_b                     = $B785 ; addr, public, , ss_c, code_compiler, spriteset.h::menu::0::46:55
_sprite_7_a                     = $B7B5 ; addr, public, , ss_c, code_compiler, spriteset.h::menu::0::46:55
_sprite_7_b                     = $B7E5 ; addr, public, , ss_c, code_compiler, spriteset.h::menu::0::46:55
_sprite_8_a                     = $B815 ; addr, public, , ss_c, code_compiler, spriteset.h::menu::0::46:55
_sprite_8_b                     = $B845 ; addr, public, , ss_c, code_compiler, spriteset.h::menu::0::46:55
_sprite_9_a                     = $B875 ; addr, public, , ss_c, code_compiler, spriteset.h::menu::0::46:55
_sprite_9_b                     = $B8A5 ; addr, public, , ss_c, code_compiler, spriteset.h::menu::0::46:55
_sprite_10_a                    = $B8D5 ; addr, public, , ss_c, code_compiler, spriteset.h::menu::0::46:55
_sprite_10_b                    = $B905 ; addr, public, , ss_c, code_compiler, spriteset.h::menu::0::46:55
_sprite_11_a                    = $B935 ; addr, public, , ss_c, code_compiler, spriteset.h::menu::0::46:55
_sprite_11_b                    = $B965 ; addr, public, , ss_c, code_compiler, spriteset.h::menu::0::46:55
_sprite_12_a                    = $B995 ; addr, public, , ss_c, code_compiler, spriteset.h::menu::0::46:55
_sprite_12_b                    = $B9C5 ; addr, public, , ss_c, code_compiler, spriteset.h::menu::0::46:55
_sprite_13_a                    = $B9F5 ; addr, public, , ss_c, code_compiler, spriteset.h::menu::0::46:55
_sprite_13_b                    = $BA25 ; addr, public, , ss_c, code_compiler, spriteset.h::menu::0::46:55
_sprite_14_a                    = $BA55 ; addr, public, , ss_c, code_compiler, spriteset.h::menu::0::46:55
_sprite_14_b                    = $BA85 ; addr, public, , ss_c, code_compiler, spriteset.h::menu::0::46:55
_sprite_15_a                    = $BAB5 ; addr, public, , ss_c, code_compiler, spriteset.h::menu::0::46:55
_sprite_15_b                    = $BAE5 ; addr, public, , ss_c, code_compiler, spriteset.h::menu::0::46:55
_sprite_16_a                    = $BB15 ; addr, public, , ss_c, code_compiler, spriteset.h::menu::0::46:55
_sprite_16_b                    = $BB45 ; addr, public, , ss_c, code_compiler, spriteset.h::menu::0::46:55
_sprite_17_a                    = $BB75 ; addr, public, , ss_c, code_compiler, spriteset.h::menu::0::46:55
_sprite_17_b                    = $BBA5 ; addr, public, , ss_c, code_compiler, spriteset.h::menu::0::46:55
_sprite_18_a                    = $BBD5 ; addr, public, , ss_c, code_compiler, spriteset.h::menu::0::46:55
_sprite_18_b                    = $BC05 ; addr, public, , ss_c, code_compiler, spriteset.h::menu::0::46:55
_sprite_19_a                    = $BC35 ; addr, public, , ss_c, code_compiler, spriteset.h::menu::0::46:55
_sprite_19_b                    = $BC65 ; addr, public, , ss_c, code_compiler, spriteset.h::menu::0::46:55
_sprite_20_a                    = $BC95 ; addr, public, , ss_c, code_compiler, spriteset.h::menu::0::46:55
_sprite_20_b                    = $BCC5 ; addr, public, , ss_c, code_compiler, spriteset.h::menu::0::46:55
_sprite_21_a                    = $BCF5 ; addr, public, , ss_c, code_compiler, spriteset.h::menu::0::46:55
_sprite_21_b                    = $BD25 ; addr, public, , ss_c, code_compiler, spriteset.h::menu::0::46:55
_sprite_22_a                    = $BD55 ; addr, public, , ss_c, code_compiler, spriteset.h::menu::0::46:55
_sprite_22_b                    = $BD85 ; addr, public, , ss_c, code_compiler, spriteset.h::menu::0::46:55
_sprite_23_a                    = $BDB5 ; addr, public, , ss_c, code_compiler, spriteset.h::menu::0::46:55
_sprite_23_b                    = $BDE5 ; addr, public, , ss_c, code_compiler, spriteset.h::menu::0::46:55
_sprite_24_a                    = $BE15 ; addr, public, , ss_c, code_compiler, spriteset.h::menu::0::46:55
_sprite_24_b                    = $BE45 ; addr, public, , ss_c, code_compiler, spriteset.h::menu::0::46:55
_player_walk                    = $E7AC ; addr, public, , ss_c, data_compiler, ss.c::menu::0::46:46
_sprite_frames                  = $E7BC ; addr, public, , ss_c, data_compiler, ss.c::menu::0::46:51
_levels                         = $E7DC ; addr, public, , ss_c, data_compiler, leveldata.h::menu::0::46:13
_level_buffer                   = $BF98 ; addr, public, , ss_c, code_compiler, levelstruct.h::menu::0::46:19
_malotes                        = $CCC7 ; addr, public, , ss_c, code_compiler, levelstruct.h::menu::0::46:26
_hotspots                       = $CF6A ; addr, public, , ss_c, code_compiler, levelstruct.h::menu::0::46:33
_load_level                     = $CFB7 ; addr, public, , ss_c, code_compiler, levelstruct.h::load_level::0::46:48
_invalidate_tile                = $CFF7 ; addr, public, , ss_c, code_compiler, levelstruct.h::invalidate_tile::0::47:53
_invalidate_viewport            = $D00B ; addr, public, , ss_c, code_compiler, levelstruct.h::invalidate_viewport::0::48:78
_draw_coloured_tile             = $D01B ; addr, public, , ss_c, code_compiler, levelstruct.h::draw_coloured_tile::0::49:99
_render_screen                  = $D05B ; addr, public, , ss_c, code_compiler, levelstruct.h::render_screen::0::50:173
_tile_behaviour                 = $E7FC ; addr, public, , ss_c, data_compiler, levelstruct.h::render_screen::0::54:305
_init_player                    = $D280 ; addr, public, , ss_c, code_compiler, engine.h::init_player::0::57:25
_draw_life                      = $D2C5 ; addr, public, , ss_c, code_compiler, engine.h::draw_life::0::58:67
_draw_score                     = $D332 ; addr, public, , ss_c, code_compiler, engine.h::draw_score::0::59:109
_cm_two_points                  = $D378 ; addr, public, , ss_c, code_compiler, engine.h::cm_two_points::0::60:141
_player_bb                      = $D3E3 ; addr, public, , ss_c, code_compiler, engine.h::player_bb::0::61:220
_move                           = $D42E ; addr, public, , ss_c, code_compiler, engine.h::move::0::62:271
_collide                        = $D6E8 ; addr, public, , ss_c, code_compiler, engine.h::collide::0::67:846
_calc_baddies_pointer           = $D71A ; addr, public, , ss_c, code_compiler, engine.h::calc_baddies_pointer::0::68:889
_move_enemies                   = $D725 ; addr, public, , ss_c, code_compiler, engine.h::move_enemies::0::69:909
_init_hotspots                  = $D843 ; addr, public, , ss_c, code_compiler, engine.h::init_hotspots::0::70:1157
_muerte                         = $D852 ; addr, public, , ss_c, code_compiler, engine.h::muerte::0::71:1175
_rand                           = $D8E0 ; addr, public, , ss_c, code_compiler, engine.h::rand::0::72:1266
_main                           = $DCAC ; addr, public, , ss_c, code_compiler, ss.c::main::0::83:65
SPPrintAtInv                    = $5DC6 ; addr, public, , SPPrintAtInv, , backgroundtiles/SPPrintAtInv.asm:20
_sp_AddColSpr                   = $DEA6 ; addr, public, , sp_AddColSpr_c, code_compiler, sp_AddColSpr.c::sp_AddColSpr::0::0:15
sp_AddColSpr                    = $DEA6 ; addr, public, , sp_AddColSpr_c, code_compiler, sp_AddColSpr.c::sp_AddColSpr::0::0:15
_sp_AddMemory                   = $DEBF ; addr, public, , sp_AddMemory_c, code_compiler, sp_AddMemory.c::sp_AddMemory::0::0:15
sp_AddMemory                    = $DEBF ; addr, public, , sp_AddMemory_c, code_compiler, sp_AddMemory.c::sp_AddMemory::0::0:15
SPAddMemory                     = $5DE0 ; addr, public, , SPAddMemory, , blockmemoryalloc/SPAddMemory.asm:28
SPFreeBlock                     = $5DFC ; addr, public, , SPFreeBlock, , blockmemoryalloc/SPFreeBlock.asm:26
SPfb1                           = $5E01 ; addr, public, , SPFreeBlock, , blockmemoryalloc/SPFreeBlock.asm:33
SPfb2                           = $5E0C ; addr, public, , SPFreeBlock, , blockmemoryalloc/SPFreeBlock.asm:42
_sp_BlockAlloc                  = $DED6 ; addr, public, , sp_BlockAlloc_c, code_compiler, sp_BlockAlloc.c::sp_BlockAlloc::0::0:15
sp_BlockAlloc                   = $DED6 ; addr, public, , sp_BlockAlloc_c, code_compiler, sp_BlockAlloc.c::sp_BlockAlloc::0::0:15
SPBlockAlloc                    = $5E17 ; addr, public, , SPBlockAlloc, , blockmemoryalloc/SPBlockAlloc.asm:26
SPalloc                         = $5E21 ; addr, public, , SPBlockAlloc, , blockmemoryalloc/SPBlockAlloc.asm:34
_sp_CreateSpr                   = $DEE4 ; addr, public, , sp_CreateSpr_c, code_compiler, sp_CreateSpr.c::sp_CreateSpr::0::0:16
sp_CreateSpr                    = $DEE4 ; addr, public, , sp_CreateSpr_c, code_compiler, sp_CreateSpr.c::sp_CreateSpr::0::0:16
_sp_CreateGenericISR            = $DEFC ; addr, public, , sp_CreateGenericISR_c, code_compiler, sp_CreateGenericISR.c::sp_CreateGenericISR::0::0:14
sp_CreateGenericISR             = $DEFC ; addr, public, , sp_CreateGenericISR_c, code_compiler, sp_CreateGenericISR.c::sp_CreateGenericISR::0::0:14
_sp_FreeBlock                   = $DF05 ; addr, public, , sp_FreeBlock_c, code_compiler, sp_FreeBlock.c::sp_FreeBlock::0::0:15
sp_FreeBlock                    = $DF05 ; addr, public, , sp_FreeBlock_c, code_compiler, sp_FreeBlock.c::sp_FreeBlock::0::0:15
_sp_GetKey                      = $DF10 ; addr, public, , sp_GetKey_c, code_compiler, sp_GetKey.c::sp_GetKey::0::0:15
sp_GetKey                       = $DF10 ; addr, public, , sp_GetKey_c, code_compiler, sp_GetKey.c::sp_GetKey::0::0:15
_sp_InitIM2                     = $DF1B ; addr, public, , sp_InitIM2_c, code_compiler, sp_InitIM2.c::sp_InitIM2::0::0:15
sp_InitIM2                      = $DF1B ; addr, public, , sp_InitIM2_c, code_compiler, sp_InitIM2.c::sp_InitIM2::0::0:15
_sp_Initialize                  = $DF26 ; addr, public, , sp_Initialize_c, code_compiler, sp_Initialize.c::sp_Initialize::0::0:15
sp_Initialize                   = $DF26 ; addr, public, , sp_Initialize_c, code_compiler, sp_Initialize.c::sp_Initialize::0::0:15
_sp_JoyKempston                 = $DF32 ; addr, public, , sp_JoyKempston_c, code_compiler, sp_JoyKempston.c::sp_JoyKempston::0::0:15
sp_JoyKempston                  = $DF32 ; addr, public, , sp_JoyKempston_c, code_compiler, sp_JoyKempston.c::sp_JoyKempston::0::0:15
_sp_JoyKeyboard                 = $DF39 ; addr, public, , sp_JoyKeyboard_c, code_compiler, sp_JoyKeyboard.c::sp_JoyKeyboard::0::0:15
sp_JoyKeyboard                  = $DF39 ; addr, public, , sp_JoyKeyboard_c, code_compiler, sp_JoyKeyboard.c::sp_JoyKeyboard::0::0:15
_sp_JoySinclair1                = $DF47 ; addr, public, , sp_JoySinclair1_c, code_compiler, sp_JoySinclair1.c::sp_JoySinclair1::0::0:15
sp_JoySinclair1                 = $DF47 ; addr, public, , sp_JoySinclair1_c, code_compiler, sp_JoySinclair1.c::sp_JoySinclair1::0::0:15
_sp_KeyPressed                  = $DF4E ; addr, public, , sp_KeyPressed_c, code_compiler, sp_KeyPressed.c::sp_KeyPressed::0::0:15
sp_KeyPressed                   = $DF4E ; addr, public, , sp_KeyPressed_c, code_compiler, sp_KeyPressed.c::sp_KeyPressed::0::0:15
_sp_RegisterHook                = $DF5E ; addr, public, , sp_RegisterHook_c, code_compiler, sp_RegisterHook.c::sp_RegisterHook::0::0:15
sp_RegisterHook                 = $DF5E ; addr, public, , sp_RegisterHook_c, code_compiler, sp_RegisterHook.c::sp_RegisterHook::0::0:15
_sp_RegisterHookLast            = $DF74 ; addr, public, , sp_RegisterHookLast_c, code_compiler, sp_RegisterHookLast.c::sp_RegisterHookLast::0::0:15
sp_RegisterHookLast             = $DF74 ; addr, public, , sp_RegisterHookLast_c, code_compiler, sp_RegisterHookLast.c::sp_RegisterHookLast::0::0:15
SPCompDListAddr                 = $5E32 ; addr, public, , SPCompDListAddr, , displaylist/SPCompDListAddr.asm:19
SPCompDirtyAddr                 = $5E43 ; addr, public, , SPCompDirtyAddr, , displaylist/SPCompDirtyAddr.asm:20
SPbit2mask                      = $5E58 ; addr, public, , SPbit2mask, , globalvariables/SPbit2mask.asm:4
SPDirtyChars                    = $5E60 ; addr, public, , SPDirtyChars, , globalvariables/SPDirtyChars.asm:6
SPDisplayList                   = $5EC0 ; addr, public, , SPDisplayList, , globalvariables/SPDisplayList.asm:6
SPNullSprPtr                    = $6AC0 ; addr, public, , SPNullSprPtr, , globalvariables/SPNullSprPtr.asm:10
SPqueuetable                    = $6AD0 ; addr, public, , SPqueuetable, , globalvariables/SPqueuetable.asm:19
SPTileArray                     = $6AD2 ; addr, public, , SPTileArray, , globalvariables/SPTileArray.asm:6
SPGetKey                        = $6CE8 ; addr, public, , SPGetKey, , input/SPGetKey.asm:74
SPInkey                         = $6CD7 ; addr, public, , SPGetKey, , input/SPGetKey.asm:56
SPkeydebounce                   = $6CD4 ; addr, public, , SPGetKey, , input/SPGetKey.asm:39
SPkeystartrepeat                = $6CD5 ; addr, public, , SPGetKey, , input/SPGetKey.asm:41
SPkeyrepeatperiod               = $6CD6 ; addr, public, , SPGetKey, , input/SPGetKey.asm:43
SPkeytranstbl                   = $6D5C ; addr, public, , SPkeytranstbl, , globalvariables/SPkeytranstbl.asm:13
SPJoyKempston                   = $6DFC ; addr, public, , SPJoyKempston, , input/SPJoyKempston.asm:20
SPJoyKeyboard                   = $6E27 ; addr, public, , SPJoyKeyboard, , input/SPJoyKeyboard.asm:26
SPJoySinclair1                  = $6E46 ; addr, public, , SPJoySinclair1, , input/SPJoySinclair1.asm:18
SPKeyPressed                    = $6E72 ; addr, public, , SPKeyPressed, , input/SPKeyPressed.asm:16
SPtbllookup                     = $6E96 ; addr, public, , SPtbllookup, , input/SPtbllookup.asm:11
SPCreateGenericISR              = $6E9E ; addr, public, , SPCreateGenericISR, , interrupts/SPCreateGenericISR.asm:31
GENERICISRSIZE                  = $000C ; addr, public, , SPCreateGenericISR, , interrupts/SPCreateGenericISR.asm:93
GENERICLISTDISP                 = $0004 ; addr, public, , SPCreateGenericISR, , interrupts/SPCreateGenericISR.asm:94
SPInitIM2                       = $6EE6 ; addr, public, , SPInitIM2, , interrupts/SPInitIM2.asm:22
SPRegisterHookLast              = $6EFE ; addr, public, , SPRegisterHookLast, , interrupts/SPRegisterHookLast.asm:27
SPRegisterHook                  = $6EFE ; addr, public, , SPRegisterHookLast, , interrupts/SPRegisterHookLast.asm:26
SPInitialize                    = $6F1B ; addr, public, , SPInitialize, , miscellaneous/SPInitialize.asm:24
SPAddColSpr                     = $6F5F ; addr, public, , SPAddColSpr, , sprites/SPAddColSpr.asm:27
SPCreateSpr                     = $7007 ; addr, public, , SPCreateSpr, , sprites/SPCreateSpr.asm:36
SPDeleteSpr                     = $70A7 ; addr, public, , SPDeleteSpr, , sprites/SPDeleteSpr.asm:23
SPdsloop                        = $70B8 ; addr, public, , SPDeleteSpr, , sprites/SPDeleteSpr.asm:38
SPMoveSprAbs                    = $70C3 ; addr, public, , SPMoveSprAbs, , sprites/SPMoveSprAbs.asm:30
SPMoveSprAbsC                   = $70EA ; addr, public, , SPMoveSprAbs, , sprites/SPMoveSprAbs.asm:58
SPMoveSprAbsNC                  = $70D1 ; addr, public, , SPMoveSprAbs, , sprites/SPMoveSprAbs.asm:38
SPInvalidate                    = $7245 ; addr, public, , SPInvalidate, , updater/SPInvalidate.asm:21
SPInvalidateP                   = $724D ; addr, public, , SPInvalidate, , updater/SPInvalidate.asm:31
SPbitleft2mask                  = $7298 ; addr, public, , SPbitleft2mask, , globalvariables/SPbitleft2mask.asm:4
SPbitright2mask                 = $72A0 ; addr, public, , SPbitright2mask, , globalvariables/SPbitright2mask.asm:4
SPIntRect                       = $72A8 ; addr, public, , SPIntRect, , miscellaneous/SPIntRect.asm:33
SPIntSmallIval                  = $72D9 ; addr, public, , SPIntRect, , miscellaneous/SPIntRect.asm:77
SPPtInSmallIval                 = $72FE ; addr, public, , SPIntRect, , miscellaneous/SPIntRect.asm:117
SPUpdateNow                     = $731C ; addr, public, , SPUpdateNow, , updater/SPUpdateNow.asm:99
update_attrs                    = $731A ; addr, public, , SPUpdateNow, , updater/SPUpdateNow.asm:88
l_jphl                          = $EC8B ; addr, public, , l_jphl, code_l, ../_DEVELOPMENT/l/z80/l_jphl.asm:7
l_div_u                         = $ECCC ; addr, public, , l_div_u, code_crt0_sccz80, sccz80/crt0_z80/l_div_u.asm:17
l_divu_16_16x16                 = $ECCD ; addr, public, , l_divu_16_16x16, code_math, ../_DEVELOPMENT/math/integer/l_divu_16_16x16.asm:22
l0_divu_16_16x16                = $ECD1 ; addr, public, , l_divu_16_16x16, code_math, ../_DEVELOPMENT/math/integer/l_divu_16_16x16.asm:23
l_small_divu_16_16x16           = $ECCD ; addr, public, , l_small_divu_16_16x16, code_math, ../_DEVELOPMENT/math/integer/small/l_small_divu_16_16x16.asm:17
l0_small_divu_16_16x16          = $ECD1 ; addr, public, , l_small_divu_16_16x16, code_math, ../_DEVELOPMENT/math/integer/small/l_small_divu_16_16x16.asm:42
l_small_divu_16_16x8            = $ECED ; addr, public, , l_small_divu_16_16x16, code_math, ../_DEVELOPMENT/math/integer/small/l_small_divu_16_16x16.asm:87
l0_small_divu_16_16x8           = $ECF1 ; addr, public, , l_small_divu_16_16x16, code_math, ../_DEVELOPMENT/math/integer/small/l_small_divu_16_16x16.asm:112
error_divide_by_zero_mc         = $ED2A ; addr, public, , error_divide_by_zero_mc, code_error, ../_DEVELOPMENT/error/z80/error_divide_by_zero_mc.asm:12
error_edom_mc                   = $ED2A ; addr, public, , error_edom_mc, code_error, ../_DEVELOPMENT/error/z80/error_edom_mc.asm:57
errno_mc                        = $ED2C ; addr, public, , errno_mc, code_error, ../_DEVELOPMENT/error/z80/errno_mc.asm:21
_errno                          = $ED3C ; addr, public, , _errno, bss_error, ../_DEVELOPMENT/error/z80/_errno.asm:7
error_mc                        = $ED37 ; addr, public, , error_mc, code_error, ../_DEVELOPMENT/error/z80/error_mc.asm:11
l_eq                            = $EC8C ; addr, public, , l_eq, code_crt0_sccz80, sccz80/crt0_z80/l_eq.asm:17
l_gint                          = $EC96 ; addr, public, , l_gint, code_crt0_sccz80, sccz80/crt0_z80/l_gint.asm:11
l_gintsp                        = $EC9B ; addr, public, , l_gintsp, code_crt0_sccz80, sccz80/crt0_z80/l_gintsp.asm:7
l_mult                          = $ED07 ; addr, public, , l_mul, code_crt0_sccz80, sccz80/crt0_z80/l_mul.asm:12
l_mulu_16_16x16                 = $ED07 ; addr, public, , l_mulu_16_16x16, code_math, ../_DEVELOPMENT/math/integer/l_mulu_16_16x16.asm:36
l_small_mul_16_16x16            = $ED07 ; addr, public, , l_small_mul_16_16x16, code_math, ../_DEVELOPMENT/math/integer/small/l_small_mul_16_16x16.asm:10
l_small_mul_16_16x8             = $ED16 ; addr, public, , l_small_mul_16_16x16, code_math, ../_DEVELOPMENT/math/integer/small/l_small_mul_16_16x16.asm:42
l_ne                            = $ECA3 ; addr, public, , l_ne, code_crt0_sccz80, sccz80/crt0_z80/l_ne.asm:16
l_pint                          = $ECAE ; addr, public, , l_pint, code_crt0_sccz80, sccz80/crt0_z80/l_pint.asm:11
l_pint_pop                      = $ECB4 ; addr, public, , l_pint_pop, code_crt0_sccz80, sccz80/crt0_z80/l_pint_pop.asm:12
l_uge                           = $ECBA ; addr, public, , l_uge, code_crt0_sccz80, sccz80/crt0_z80/l_uge.asm:18
l_compare_result                = $ECC6 ; addr, public, , l_compare_result, code_crt0_sccz80, sccz80/crt0_z80/l_compare_result.asm:4
__head                          = $5DC0 ; const, public, def, , ,
__tail                          = $ED3E ; const, public, def, , ,
__size                          = $8F7E ; const, public, def, , ,
__code_compiler_head            = $77AC ; const, public, def, , ,
__code_compiler_tail            = $DF81 ; const, public, def, , ,
__code_compiler_size            = $67D5 ; const, public, def, , ,
__data_compiler_head            = $DF81 ; const, public, def, , ,
__data_compiler_tail            = $E88E ; const, public, def, , ,
__data_compiler_size            = $090D ; const, public, def, , ,
__rodata_compiler_head          = $E88E ; const, public, def, , ,
__rodata_compiler_tail          = $E960 ; const, public, def, , ,
__rodata_compiler_size          = $00D2 ; const, public, def, , ,
__bss_compiler_head             = $E960 ; const, public, def, , ,
__bss_compiler_tail             = $EC8B ; const, public, def, , ,
__bss_compiler_size             = $032B ; const, public, def, , ,
__code_clib_head                = $EC8B ; const, public, def, , ,
__code_clib_tail                = $EC8B ; const, public, def, , ,
__code_clib_size                = $0000 ; const, public, def, , ,
__code_l_head                   = $EC8B ; const, public, def, , ,
__code_l_tail                   = $EC8C ; const, public, def, , ,
__code_l_size                   = $0001 ; const, public, def, , ,
__code_crt0_sccz80_head         = $EC8C ; const, public, def, , ,
__code_crt0_sccz80_tail         = $ECCC ; const, public, def, , ,
__code_crt0_sccz80_size         = $0040 ; const, public, def, , ,
__code_math_head                = $ECCC ; const, public, def, , ,
__code_math_tail                = $ED27 ; const, public, def, , ,
__code_math_size                = $005B ; const, public, def, , ,
__code_error_head               = $ED27 ; const, public, def, , ,
__code_error_tail               = $ED3C ; const, public, def, , ,
__code_error_size               = $0015 ; const, public, def, , ,
__bss_clib_head                 = $ED3C ; const, public, def, , ,
__bss_clib_tail                 = $ED3C ; const, public, def, , ,
__bss_clib_size                 = $0000 ; const, public, def, , ,
__bss_error_head                = $ED3C ; const, public, def, , ,
__bss_error_tail                = $ED3E ; const, public, def, , ,
__bss_error_size                = $0002 ; const, public, def, , ,
